******************************************************************************
                  MSP430 Linker PC v4.4.4                      
******************************************************************************
>> Linked Wed Jul 01 14:23:17 2015

OUTPUT FILE NAME:   <blink_MSP430_SWI.out>
ENTRY POINT SYMBOL: "_c_int00"  address: 00004400


MEMORY CONFIGURATION

         name            origin    length      used     unused   attr    fill
----------------------  --------  ---------  --------  --------  ----  --------
  SFR                   00000000   00000010  00000000  00000010  RWIX
  PERIPHERALS_8BIT      00000010   000000f0  00000000  000000f0  RWIX
  PERIPHERALS_16BIT     00000100   00000100  00000000  00000100  RWIX
  INFOD                 00001800   00000080  00000000  00000080  RWIX
  INFOC                 00001880   00000080  00000000  00000080  RWIX
  INFOB                 00001900   00000080  00000000  00000080  RWIX
  INFOA                 00001980   00000080  00000000  00000080  RWIX
  USBRAM                00001c00   00000800  00000000  00000800  RWIX
  RAM                   00002400   00002000  00001756  000008aa  RWIX
  FLASH                 00004400   0000bb80  00008c1e  00002f62  RWIX
  INT00                 0000ff80   00000002  00000000  00000002  RWIX
  INT01                 0000ff82   00000002  00000000  00000002  RWIX
  INT02                 0000ff84   00000002  00000000  00000002  RWIX
  INT03                 0000ff86   00000002  00000000  00000002  RWIX
  INT04                 0000ff88   00000002  00000000  00000002  RWIX
  INT05                 0000ff8a   00000002  00000000  00000002  RWIX
  INT06                 0000ff8c   00000002  00000000  00000002  RWIX
  INT07                 0000ff8e   00000002  00000000  00000002  RWIX
  INT08                 0000ff90   00000002  00000000  00000002  RWIX
  INT09                 0000ff92   00000002  00000000  00000002  RWIX
  INT10                 0000ff94   00000002  00000000  00000002  RWIX
  INT11                 0000ff96   00000002  00000000  00000002  RWIX
  INT12                 0000ff98   00000002  00000000  00000002  RWIX
  INT13                 0000ff9a   00000002  00000000  00000002  RWIX
  INT14                 0000ff9c   00000002  00000000  00000002  RWIX
  INT15                 0000ff9e   00000002  00000000  00000002  RWIX
  INT16                 0000ffa0   00000002  00000000  00000002  RWIX
  INT17                 0000ffa2   00000002  00000000  00000002  RWIX
  INT18                 0000ffa4   00000002  00000000  00000002  RWIX
  INT19                 0000ffa6   00000002  00000000  00000002  RWIX
  INT20                 0000ffa8   00000002  00000000  00000002  RWIX
  INT21                 0000ffaa   00000002  00000000  00000002  RWIX
  INT22                 0000ffac   00000002  00000000  00000002  RWIX
  INT23                 0000ffae   00000002  00000000  00000002  RWIX
  INT24                 0000ffb0   00000002  00000000  00000002  RWIX
  INT25                 0000ffb2   00000002  00000000  00000002  RWIX
  INT26                 0000ffb4   00000002  00000000  00000002  RWIX
  INT27                 0000ffb6   00000002  00000000  00000002  RWIX
  INT28                 0000ffb8   00000002  00000000  00000002  RWIX
  INT29                 0000ffba   00000002  00000000  00000002  RWIX
  INT30                 0000ffbc   00000002  00000000  00000002  RWIX
  INT31                 0000ffbe   00000002  00000000  00000002  RWIX
  INT32                 0000ffc0   00000002  00000000  00000002  RWIX
  INT33                 0000ffc2   00000002  00000000  00000002  RWIX
  INT34                 0000ffc4   00000002  00000000  00000002  RWIX
  INT35                 0000ffc6   00000002  00000000  00000002  RWIX
  INT36                 0000ffc8   00000002  00000000  00000002  RWIX
  INT37                 0000ffca   00000002  00000000  00000002  RWIX
  INT38                 0000ffcc   00000002  00000000  00000002  RWIX
  INT39                 0000ffce   00000002  00000000  00000002  RWIX
  INT40                 0000ffd0   00000002  00000000  00000002  RWIX
  INT41                 0000ffd2   00000002  00000002  00000000  RWIX
  INT42                 0000ffd4   00000002  00000002  00000000  RWIX
  INT43                 0000ffd6   00000002  00000002  00000000  RWIX
  INT44                 0000ffd8   00000002  00000002  00000000  RWIX
  INT45                 0000ffda   00000002  00000002  00000000  RWIX
  INT46                 0000ffdc   00000002  00000002  00000000  RWIX
  INT47                 0000ffde   00000002  00000002  00000000  RWIX
  INT48                 0000ffe0   00000002  00000002  00000000  RWIX
  INT49                 0000ffe2   00000002  00000002  00000000  RWIX
  INT50                 0000ffe4   00000002  00000002  00000000  RWIX
  INT51                 0000ffe6   00000002  00000002  00000000  RWIX
  INT52                 0000ffe8   00000002  00000002  00000000  RWIX
  INT53                 0000ffea   00000002  00000002  00000000  RWIX
  INT54                 0000ffec   00000002  00000002  00000000  RWIX
  INT55                 0000ffee   00000002  00000002  00000000  RWIX
  INT56                 0000fff0   00000002  00000002  00000000  RWIX
  INT57                 0000fff2   00000002  00000002  00000000  RWIX
  INT58                 0000fff4   00000002  00000002  00000000  RWIX
  INT59                 0000fff6   00000002  00000002  00000000  RWIX
  INT60                 0000fff8   00000002  00000002  00000000  RWIX
  INT61                 0000fffa   00000002  00000002  00000000  RWIX
  INT62                 0000fffc   00000002  00000002  00000000  RWIX
  RESET                 0000fffe   00000002  00000002  00000000  RWIX
  FLASH2                00010000   00014400  00000000  00014400  RWIX


SECTION ALLOCATION MAP

 output                                  attributes/
section   page    origin      length       input sections
--------  ----  ----------  ----------   ----------------
xdc.meta   0    00000000    000000ea     COPY SECTION
                  00000000    000000ea     app_pe430X.oe430X (xdc.meta)

.bss       0    00002400    00000d24     UNINITIALIZED
                  00002400    00000800     (.common:ti_uia_loggers_LoggerStopMode_Instance_State_2_packetArray__A)
                  00002c00    00000200     app_pe430X.oe430X (.bss:taskStackSection)
                  00002e00    00000100     (.common:ti_uia_loggers_LoggerStopMode_Instance_State_1_packetArray__A)
                  00002f00    00000080     (.common:ti_uia_loggers_LoggerStopMode_Instance_State_0_packetArray__A)
                  00002f80    00000080     (.common:xdc_runtime_SysMin_Module_State_0_outbuf__A)
                  00003000    00000024     (.common:ti_uia_loggers_LoggerStopMode_Instance_State_0_hdr__A)
                  00003024    00000008     (.common:parmbuf)
                  0000302c    00000004     (.common:_cleanup_ptr)
                  00003030    00000004     (.common:_dtors_ptr)
                  00003034    0000004c     --HOLE--
                  00003080    00000024     (.common:ti_uia_loggers_LoggerStopMode_Instance_State_1_hdr__A)
                  000030a4    0000005c     --HOLE--
                  00003100    00000024     (.common:ti_uia_loggers_LoggerStopMode_Instance_State_2_hdr__A)

.data      0    00003124    00000512     UNINITIALIZED
                  00003124    000001fc     app_pe430X.oe430X (.data)
                  00003320    0000008a     app_pe430X.oe430X (.data:ti_uia_loggers_LoggerStopMode_Object__table__V)
                  000033aa    00000080     app_pe430X.oe430X (.data:ti_sysbios_knl_Swi_Module_State_0_readyQ__A)
                  0000342a    00000080     app_pe430X.oe430X (.data:ti_sysbios_knl_Task_Module_State_0_readyQ__A)
                  000034aa    0000004c     app_pe430X.oe430X (.data:ti_sysbios_knl_Swi_Object__table__V)
                  000034f6    0000003e     app_pe430X.oe430X (.data:ti_sysbios_knl_Task_Object__table__V)
                  00003534    00000036     app_pe430X.oe430X (.data:ti_sysbios_family_msp430_Timer_Object__table__V)
                  0000356a    00000034     app_pe430X.oe430X (.data:ti_sysbios_gates_GateMutex_Object__table__V)
                  0000359e    00000020     app_pe430X.oe430X (.data:xdc_runtime_System_Module_State_0_atexitHandlers__A)
                  000035be    0000001c     app_pe430X.oe430X (.data:ti_sysbios_family_msp430_Hwi_Object__table__V)
                  000035da    00000018     app_pe430X.oe430X (.data:ti_sysbios_family_msp430_Timer_Module_State_0_device__A)
                  000035f2    00000010     app_pe430X.oe430X (.data:ti_sysbios_family_msp430_Timer_Module_State_0_handles__A)
                  00003602    0000000c     app_pe430X.oe430X (.data:xdc_runtime_HeapStd_Object__table__V)
                  0000360e    00000008     app_pe430X.oe430X (.data:ti_sysbios_hal_Hwi_Object__table__V)
                  00003616    00000006     ti.uia.runtime.ae430X : QueueDescriptor.oe430X (.data)
                  0000361c    00000004     rts430x_lc_rd_eabi.lib : _lock.obj (.data:_lock)
                  00003620    00000004                            : _lock.obj (.data:_unlock)
                  00003624    00000004     app_pe430X.oe430X (.data:ti_sysbios_gates_GateHwi_Object__table__V)
                  00003628    00000004     app_pe430X.oe430X (.data:ti_sysbios_knl_Task_Module_State_0_idleTask__A)
                  0000362c    00000004     app_pe430X.oe430X (.data:ti_sysbios_utils_Load_Module_State_0_runningTask__A)
                  00003630    00000004     app_pe430X.oe430X (.data:ti_sysbios_utils_Load_Module_State_0_taskStartTime__A)
                  00003634    00000002     main.obj (.data)

.cio       0    00003636    00000120     UNINITIALIZED
                  00003636    00000120     rts430x_lc_rd_eabi.lib : trgmsg.obj (.cio)

.stack     0    00004000    00000400     UNINITIALIZED
                  00004000    00000004     boot.ae430X : boot.oe430X (.stack)
                  00004004    000003fc     --HOLE--

.text:_isr 
*          0    00004400    0000008c     
                  00004400    00000024     boot.ae430X : boot.oe430X (.text:_isr:_c_int00)
                  00004424    00000020     sysbios.ae430X : BIOS.obj (.text:_isr:ti_sysbios_family_msp430_Hwi49)
                  00004444    00000020                    : BIOS.obj (.text:_isr:ti_sysbios_family_msp430_Hwi53)
                  00004464    00000002                    : BIOS.obj (.text:_isr:ti_sysbios_family_msp430_Hwi41)
                  00004466    00000002                    : BIOS.obj (.text:_isr:ti_sysbios_family_msp430_Hwi42)
                  00004468    00000002                    : BIOS.obj (.text:_isr:ti_sysbios_family_msp430_Hwi43)
                  0000446a    00000002                    : BIOS.obj (.text:_isr:ti_sysbios_family_msp430_Hwi44)
                  0000446c    00000002                    : BIOS.obj (.text:_isr:ti_sysbios_family_msp430_Hwi45)
                  0000446e    00000002                    : BIOS.obj (.text:_isr:ti_sysbios_family_msp430_Hwi46)
                  00004470    00000002                    : BIOS.obj (.text:_isr:ti_sysbios_family_msp430_Hwi47)
                  00004472    00000002                    : BIOS.obj (.text:_isr:ti_sysbios_family_msp430_Hwi48)
                  00004474    00000002                    : BIOS.obj (.text:_isr:ti_sysbios_family_msp430_Hwi50)
                  00004476    00000002                    : BIOS.obj (.text:_isr:ti_sysbios_family_msp430_Hwi51)
                  00004478    00000002                    : BIOS.obj (.text:_isr:ti_sysbios_family_msp430_Hwi52)
                  0000447a    00000002                    : BIOS.obj (.text:_isr:ti_sysbios_family_msp430_Hwi54)
                  0000447c    00000002                    : BIOS.obj (.text:_isr:ti_sysbios_family_msp430_Hwi55)
                  0000447e    00000002                    : BIOS.obj (.text:_isr:ti_sysbios_family_msp430_Hwi56)
                  00004480    00000002                    : BIOS.obj (.text:_isr:ti_sysbios_family_msp430_Hwi57)
                  00004482    00000002                    : BIOS.obj (.text:_isr:ti_sysbios_family_msp430_Hwi58)
                  00004484    00000002                    : BIOS.obj (.text:_isr:ti_sysbios_family_msp430_Hwi59)
                  00004486    00000002                    : BIOS.obj (.text:_isr:ti_sysbios_family_msp430_Hwi60)
                  00004488    00000002                    : BIOS.obj (.text:_isr:ti_sysbios_family_msp430_Hwi61)
                  0000448a    00000002                    : BIOS.obj (.text:_isr:ti_sysbios_family_msp430_Hwi62)

.const     0    0000a948    0000235a     
                  0000a948    00001c8f     app_pe430X.oe430X (.const:xdc_runtime_Text_charTab__A)
                  0000c5d7    00000001     --HOLE-- [fill = 0]
                  0000c5d8    000000e8     app_pe430X.oe430X (.const:xdc_runtime_Text_nodeTab__A)
                  0000c6c0    0000005e     app_pe430X.oe430X (.const:ti_uia_loggers_LoggerStopMode_Module__FXNS__C)
                  0000c71e    00000058     ti.targets.msp430.rts430.ae430X : Error.oe430X (.const:.string)
                  0000c776    00000046     app_pe430X.oe430X (.const:.string)
                  0000c7bc    00000044     ti.targets.msp430.rts430.ae430X : Text.oe430X (.const:.string)
                  0000c800    0000002a                                     : Startup.oe430X (.const:.string)
                  0000c82a    00000028     app_pe430X.oe430X (.const:xdc_runtime_Startup_sfxnTab__A)
                  0000c852    00000026     app_pe430X.oe430X (.const:xdc_runtime_HeapStd_Module__FXNS__C)
                  0000c878    00000022     main.obj (.const:.string)
                  0000c89a    00000022     app_pe430X.oe430X (.const:ti_sysbios_gates_GateHwi_Module__FXNS__C)
                  0000c8bc    00000022     app_pe430X.oe430X (.const:ti_sysbios_gates_GateMutex_Module__FXNS__C)
                  0000c8de    00000020     sysbios.ae430X : BIOS.obj (.const:IntrinsicsSupport_maxbitTable)
                  0000c8fe    00000020     app_pe430X.oe430X (.const:ti_uia_loggers_LoggerStopMode_Object__PARAMS__C)
                  0000c91e    0000001c     app_pe430X.oe430X (.const:ti_sysbios_knl_Semaphore_Object__PARAMS__C)
                  0000c93a    00000018     app_pe430X.oe430X (.const:ti_sysbios_gates_GateHwi_Object__DESC__C)
                  0000c952    00000018     app_pe430X.oe430X (.const:ti_sysbios_gates_GateMutex_Object__DESC__C)
                  0000c96a    00000018     app_pe430X.oe430X (.const:ti_sysbios_knl_Queue_Object__DESC__C)
                  0000c982    00000018     app_pe430X.oe430X (.const:ti_sysbios_knl_Semaphore_Object__DESC__C)
                  0000c99a    00000018     app_pe430X.oe430X (.const:ti_uia_loggers_LoggerStopMode_Object__DESC__C)
                  0000c9b2    00000018     app_pe430X.oe430X (.const:xdc_runtime_HeapStd_Object__DESC__C)
                  0000c9ca    00000018     app_pe430X.oe430X (.const:xdc_runtime_HeapStd_Object__PARAMS__C)
                  0000c9e2    00000014     app_pe430X.oe430X (.const:ti_sysbios_gates_GateHwi_Object__PARAMS__C)
                  0000c9f6    00000014     app_pe430X.oe430X (.const:ti_sysbios_gates_GateMutex_Object__PARAMS__C)
                  0000ca0a    00000014     app_pe430X.oe430X (.const:ti_sysbios_knl_Queue_Object__PARAMS__C)
                  0000ca1e    00000014     app_pe430X.oe430X (.const:xdc_runtime_Startup_sfxnRts__A)
                  0000ca32    00000011     ti.targets.msp430.rts430.ae430X : System.oe430X (.const:.string:digtohex)
                  0000ca43    00000001     --HOLE-- [fill = 0]
                  0000ca44    00000008                                     : System.oe430X (.const:.string)
                  0000ca4c    00000008     app_pe430X.oe430X (.const)
                  0000ca54    00000008     app_pe430X.oe430X (.const:ti_sysbios_knl_Idle_funcList__A)
                  0000ca5c    00000008     app_pe430X.oe430X (.const:xdc_runtime_Startup_firstFxns__A)
                  0000ca64    00000006     ti.targets.msp430.rts430.ae430X : Assert.oe430X (.const:.string)
                  0000ca6a    00000006     app_pe430X.oe430X (.const:ti_sysbios_family_msp430_Hwi_hooks__C)
                  0000ca70    00000006     app_pe430X.oe430X (.const:ti_sysbios_knl_Idle_funcList__C)
                  0000ca76    00000006     app_pe430X.oe430X (.const:xdc_runtime_Startup_firstFxns__C)
                  0000ca7c    00000006     app_pe430X.oe430X (.const:xdc_runtime_Startup_lastFxns__C)
                  0000ca82    00000004     app_pe430X.oe430X (.const:ti_sysbios_family_msp430_TimestampProvider_Module__diagsEnabled__C)
                  0000ca86    00000004     app_pe430X.oe430X (.const:ti_sysbios_family_msp430_TimestampProvider_Module__diagsIncluded__C)
                  0000ca8a    00000004     app_pe430X.oe430X (.const:ti_sysbios_family_msp430_TimestampProvider_Module__diagsMask__C)
                  0000ca8e    00000004     app_pe430X.oe430X (.const:ti_sysbios_gates_GateMutex_A_badContext__C)
                  0000ca92    00000004     app_pe430X.oe430X (.const:ti_sysbios_gates_GateMutex_Module__diagsEnabled__C)
                  0000ca96    00000004     app_pe430X.oe430X (.const:ti_sysbios_gates_GateMutex_Module__diagsIncluded__C)
                  0000ca9a    00000004     app_pe430X.oe430X (.const:ti_sysbios_gates_GateMutex_Module__diagsMask__C)
                  0000ca9e    00000004     app_pe430X.oe430X (.const:ti_sysbios_hal_Hwi_E_stackOverflow__C)
                  0000caa2    00000004     app_pe430X.oe430X (.const:ti_sysbios_knl_Clock_LM_begin__C)
                  0000caa6    00000004     app_pe430X.oe430X (.const:ti_sysbios_knl_Clock_LM_tick__C)
                  0000caaa    00000004     app_pe430X.oe430X (.const:ti_sysbios_knl_Clock_LW_delayed__C)
                  0000caae    00000004     app_pe430X.oe430X (.const:ti_sysbios_knl_Clock_Module__diagsEnabled__C)
                  0000cab2    00000004     app_pe430X.oe430X (.const:ti_sysbios_knl_Clock_Module__diagsIncluded__C)
                  0000cab6    00000004     app_pe430X.oe430X (.const:ti_sysbios_knl_Clock_Module__diagsMask__C)
                  0000caba    00000004     app_pe430X.oe430X (.const:ti_sysbios_knl_Clock_Module__loggerFxn1__C)
                  0000cabe    00000004     app_pe430X.oe430X (.const:ti_sysbios_knl_Clock_Module__loggerFxn2__C)
                  0000cac2    00000004     app_pe430X.oe430X (.const:ti_sysbios_knl_Clock_Module__loggerObj__C)
                  0000cac6    00000004     app_pe430X.oe430X (.const:ti_sysbios_knl_Semaphore_A_badContext__C)
                  0000caca    00000004     app_pe430X.oe430X (.const:ti_sysbios_knl_Semaphore_A_noEvents__C)
                  0000cace    00000004     app_pe430X.oe430X (.const:ti_sysbios_knl_Semaphore_A_overflow__C)
                  0000cad2    00000004     app_pe430X.oe430X (.const:ti_sysbios_knl_Semaphore_A_pendTaskDisabled__C)
                  0000cad6    00000004     app_pe430X.oe430X (.const:ti_sysbios_knl_Semaphore_LM_pend__C)
                  0000cada    00000004     app_pe430X.oe430X (.const:ti_sysbios_knl_Semaphore_LM_post__C)
                  0000cade    00000004     app_pe430X.oe430X (.const:ti_sysbios_knl_Semaphore_Module__diagsEnabled__C)
                  0000cae2    00000004     app_pe430X.oe430X (.const:ti_sysbios_knl_Semaphore_Module__diagsIncluded__C)
                  0000cae6    00000004     app_pe430X.oe430X (.const:ti_sysbios_knl_Semaphore_Module__diagsMask__C)
                  0000caea    00000004     app_pe430X.oe430X (.const:ti_sysbios_knl_Semaphore_Module__loggerFxn2__C)
                  0000caee    00000004     app_pe430X.oe430X (.const:ti_sysbios_knl_Semaphore_Module__loggerFxn4__C)
                  0000caf2    00000004     app_pe430X.oe430X (.const:ti_sysbios_knl_Semaphore_Module__loggerObj__C)
                  0000caf6    00000004     app_pe430X.oe430X (.const:ti_sysbios_knl_Swi_LD_end__C)
                  0000cafa    00000004     app_pe430X.oe430X (.const:ti_sysbios_knl_Swi_LM_begin__C)
                  0000cafe    00000004     app_pe430X.oe430X (.const:ti_sysbios_knl_Swi_LM_post__C)
                  0000cb02    00000004     app_pe430X.oe430X (.const:ti_sysbios_knl_Swi_Module__diagsEnabled__C)
                  0000cb06    00000004     app_pe430X.oe430X (.const:ti_sysbios_knl_Swi_Module__diagsIncluded__C)
                  0000cb0a    00000004     app_pe430X.oe430X (.const:ti_sysbios_knl_Swi_Module__diagsMask__C)
                  0000cb0e    00000004     app_pe430X.oe430X (.const:ti_sysbios_knl_Swi_Module__loggerFxn1__C)
                  0000cb12    00000004     app_pe430X.oe430X (.const:ti_sysbios_knl_Swi_Module__loggerFxn4__C)
                  0000cb16    00000004     app_pe430X.oe430X (.const:ti_sysbios_knl_Swi_Module__loggerObj__C)
                  0000cb1a    00000004     app_pe430X.oe430X (.const:ti_sysbios_knl_Task_E_spOutOfBounds__C)
                  0000cb1e    00000004     app_pe430X.oe430X (.const:ti_sysbios_knl_Task_E_stackOverflow__C)
                  0000cb22    00000004     app_pe430X.oe430X (.const:ti_sysbios_knl_Task_LD_block__C)
                  0000cb26    00000004     app_pe430X.oe430X (.const:ti_sysbios_knl_Task_LD_exit__C)
                  0000cb2a    00000004     app_pe430X.oe430X (.const:ti_sysbios_knl_Task_LD_ready__C)
                  0000cb2e    00000004     app_pe430X.oe430X (.const:ti_sysbios_knl_Task_LM_switch__C)
                  0000cb32    00000004     app_pe430X.oe430X (.const:ti_sysbios_knl_Task_Module__diagsEnabled__C)
                  0000cb36    00000004     app_pe430X.oe430X (.const:ti_sysbios_knl_Task_Module__diagsIncluded__C)
                  0000cb3a    00000004     app_pe430X.oe430X (.const:ti_sysbios_knl_Task_Module__diagsMask__C)
                  0000cb3e    00000004     app_pe430X.oe430X (.const:ti_sysbios_knl_Task_Module__loggerFxn2__C)
                  0000cb42    00000004     app_pe430X.oe430X (.const:ti_sysbios_knl_Task_Module__loggerFxn4__C)
                  0000cb46    00000004     app_pe430X.oe430X (.const:ti_sysbios_knl_Task_Module__loggerObj__C)
                  0000cb4a    00000004     app_pe430X.oe430X (.const:ti_sysbios_knl_Task_allBlockedFunc__C)
                  0000cb4e    00000004     app_pe430X.oe430X (.const:ti_sysbios_utils_Load_LS_cpuLoad__C)
                  0000cb52    00000004     app_pe430X.oe430X (.const:ti_sysbios_utils_Load_LS_hwiLoad__C)
                  0000cb56    00000004     app_pe430X.oe430X (.const:ti_sysbios_utils_Load_Module__diagsEnabled__C)
                  0000cb5a    00000004     app_pe430X.oe430X (.const:ti_sysbios_utils_Load_Module__diagsIncluded__C)
                  0000cb5e    00000004     app_pe430X.oe430X (.const:ti_sysbios_utils_Load_Module__diagsMask__C)
                  0000cb62    00000004     app_pe430X.oe430X (.const:ti_sysbios_utils_Load_Module__loggerFxn1__C)
                  0000cb66    00000004     app_pe430X.oe430X (.const:ti_sysbios_utils_Load_Module__loggerFxn2__C)
                  0000cb6a    00000004     app_pe430X.oe430X (.const:ti_sysbios_utils_Load_Module__loggerObj__C)
                  0000cb6e    00000004     app_pe430X.oe430X (.const:ti_sysbios_utils_Load_postUpdate__C)
                  0000cb72    00000004     app_pe430X.oe430X (.const:ti_uia_loggers_LoggerStopMode_Module__diagsEnabled__C)
                  0000cb76    00000004     app_pe430X.oe430X (.const:ti_uia_loggers_LoggerStopMode_Module__diagsIncluded__C)
                  0000cb7a    00000004     app_pe430X.oe430X (.const:ti_uia_loggers_LoggerStopMode_Module__diagsMask__C)
                  0000cb7e    00000004     app_pe430X.oe430X (.const:ti_uia_runtime_ILoggerSnapshot_Interface__BASE__C)
                  0000cb82    00000004     app_pe430X.oe430X (.const:ti_uia_runtime_IUIATransfer_Interface__BASE__C)
                  0000cb86    00000004     app_pe430X.oe430X (.const:xdc_runtime_Assert_E_assertFailed__C)
                  0000cb8a    00000004     app_pe430X.oe430X (.const:xdc_runtime_Core_A_initializedParams__C)
                  0000cb8e    00000004     app_pe430X.oe430X (.const:xdc_runtime_Core_Module__diagsEnabled__C)
                  0000cb92    00000004     app_pe430X.oe430X (.const:xdc_runtime_Core_Module__diagsIncluded__C)
                  0000cb96    00000004     app_pe430X.oe430X (.const:xdc_runtime_Core_Module__diagsMask__C)
                  0000cb9a    00000004     app_pe430X.oe430X (.const:xdc_runtime_Error_E_memory__C)
                  0000cb9e    00000004     app_pe430X.oe430X (.const:xdc_runtime_Error_Module__diagsEnabled__C)
                  0000cba2    00000004     app_pe430X.oe430X (.const:xdc_runtime_Error_Module__diagsIncluded__C)
                  0000cba6    00000004     app_pe430X.oe430X (.const:xdc_runtime_Error_Module__diagsMask__C)
                  0000cbaa    00000004     app_pe430X.oe430X (.const:xdc_runtime_Error_Module__loggerFxn8__C)
                  0000cbae    00000004     app_pe430X.oe430X (.const:xdc_runtime_Error_Module__loggerObj__C)
                  0000cbb2    00000004     app_pe430X.oe430X (.const:xdc_runtime_Error_policyFxn__C)
                  0000cbb6    00000004     app_pe430X.oe430X (.const:xdc_runtime_Error_raiseHook__C)
                  0000cbba    00000004     app_pe430X.oe430X (.const:xdc_runtime_HeapStd_A_align__C)
                  0000cbbe    00000004     app_pe430X.oe430X (.const:xdc_runtime_HeapStd_A_invalidTotalFreeSize__C)
                  0000cbc2    00000004     app_pe430X.oe430X (.const:xdc_runtime_HeapStd_A_zeroSize__C)
                  0000cbc6    00000004     app_pe430X.oe430X (.const:xdc_runtime_HeapStd_E_noRTSMemory__C)
                  0000cbca    00000004     app_pe430X.oe430X (.const:xdc_runtime_HeapStd_Module__diagsEnabled__C)
                  0000cbce    00000004     app_pe430X.oe430X (.const:xdc_runtime_HeapStd_Module__diagsIncluded__C)
                  0000cbd2    00000004     app_pe430X.oe430X (.const:xdc_runtime_HeapStd_Module__diagsMask__C)
                  0000cbd6    00000004     app_pe430X.oe430X (.const:xdc_runtime_IFilterLogger_Interface__BASE__C)
                  0000cbda    00000004     app_pe430X.oe430X (.const:xdc_runtime_IGateProvider_Interface__BASE__C)
                  0000cbde    00000004     app_pe430X.oe430X (.const:xdc_runtime_IHeap_Interface__BASE__C)
                  0000cbe2    00000004     app_pe430X.oe430X (.const:xdc_runtime_ILogger_Interface__BASE__C)
                  0000cbe6    00000004     app_pe430X.oe430X (.const:xdc_runtime_IModule_Interface__BASE__C)
                  0000cbea    00000004     app_pe430X.oe430X (.const:xdc_runtime_Log_L_error__C)
                  0000cbee    00000004     app_pe430X.oe430X (.const:xdc_runtime_Log_L_info__C)
                  0000cbf2    00000004     app_pe430X.oe430X (.const:xdc_runtime_Main_Module__diagsEnabled__C)
                  0000cbf6    00000004     app_pe430X.oe430X (.const:xdc_runtime_Main_Module__diagsIncluded__C)
                  0000cbfa    00000004     app_pe430X.oe430X (.const:xdc_runtime_Main_Module__diagsMask__C)
                  0000cbfe    00000004     app_pe430X.oe430X (.const:xdc_runtime_Main_Module__loggerFxn4__C)
                  0000cc02    00000004     app_pe430X.oe430X (.const:xdc_runtime_Main_Module__loggerObj__C)
                  0000cc06    00000004     app_pe430X.oe430X (.const:xdc_runtime_Memory_defaultHeapInstance__C)
                  0000cc0a    00000004     app_pe430X.oe430X (.const:xdc_runtime_Startup_execImpl__C)
                  0000cc0e    00000004     app_pe430X.oe430X (.const:xdc_runtime_Startup_sfxnRts__C)
                  0000cc12    00000004     app_pe430X.oe430X (.const:xdc_runtime_Startup_sfxnTab__C)
                  0000cc16    00000004     app_pe430X.oe430X (.const:xdc_runtime_SysMin_outputFunc__C)
                  0000cc1a    00000004     app_pe430X.oe430X (.const:xdc_runtime_System_Module__gateObj__C)
                  0000cc1e    00000004     app_pe430X.oe430X (.const:xdc_runtime_System_abortFxn__C)
                  0000cc22    00000004     app_pe430X.oe430X (.const:xdc_runtime_System_exitFxn__C)
                  0000cc26    00000004     app_pe430X.oe430X (.const:xdc_runtime_System_extendFxn__C)
                  0000cc2a    00000004     app_pe430X.oe430X (.const:xdc_runtime_Text_charTab__C)
                  0000cc2e    00000004     app_pe430X.oe430X (.const:xdc_runtime_Text_nameEmpty__C)
                  0000cc32    00000004     app_pe430X.oe430X (.const:xdc_runtime_Text_nameStatic__C)
                  0000cc36    00000004     app_pe430X.oe430X (.const:xdc_runtime_Text_nameUnknown__C)
                  0000cc3a    00000004     app_pe430X.oe430X (.const:xdc_runtime_Text_nodeTab__C)
                  0000cc3e    00000004     app_pe430X.oe430X (.const:xdc_runtime_Text_visitRopeFxn__C)
                  0000cc42    00000002     app_pe430X.oe430X (.const:ti_sysbios_family_msp430_Hwi_Object__count__C)
                  0000cc44    00000002     app_pe430X.oe430X (.const:ti_sysbios_family_msp430_Timer_numTimerDevices__C)
                  0000cc46    00000002     app_pe430X.oe430X (.const:ti_sysbios_family_msp430_Timer_startupNeeded__C)
                  0000cc48    00000002     app_pe430X.oe430X (.const:ti_sysbios_family_msp430_TimestampProvider_Module__id__C)
                  0000cc4a    00000002     app_pe430X.oe430X (.const:ti_sysbios_family_msp430_TimestampProvider_useClockTimer__C)
                  0000cc4c    00000002     app_pe430X.oe430X (.const:ti_sysbios_gates_GateMutex_Instance_State_sem__O)
                  0000cc4e    00000002     app_pe430X.oe430X (.const:ti_sysbios_gates_GateMutex_Module__id__C)
                  0000cc50    00000002     app_pe430X.oe430X (.const:ti_sysbios_hal_Hwi_Module__id__C)
                  0000cc52    00000002     app_pe430X.oe430X (.const:ti_sysbios_heaps_HeapMem_Object__count__C)
                  0000cc54    00000002     app_pe430X.oe430X (.const:ti_sysbios_knl_Clock_Module_State_clockQ__O)
                  0000cc56    00000002     app_pe430X.oe430X (.const:ti_sysbios_knl_Clock_Module__id__C)
                  0000cc58    00000002     app_pe430X.oe430X (.const:ti_sysbios_knl_Clock_Module__loggerDefined__C)
                  0000cc5a    00000002     app_pe430X.oe430X (.const:ti_sysbios_knl_Semaphore_Instance_State_pendQ__O)
                  0000cc5c    00000002     app_pe430X.oe430X (.const:ti_sysbios_knl_Semaphore_Module__id__C)
                  0000cc5e    00000002     app_pe430X.oe430X (.const:ti_sysbios_knl_Semaphore_Module__loggerDefined__C)
                  0000cc60    00000002     app_pe430X.oe430X (.const:ti_sysbios_knl_Swi_Module__id__C)
                  0000cc62    00000002     app_pe430X.oe430X (.const:ti_sysbios_knl_Swi_Module__loggerDefined__C)
                  0000cc64    00000002     app_pe430X.oe430X (.const:ti_sysbios_knl_Swi_Object__count__C)
                  0000cc66    00000002     app_pe430X.oe430X (.const:ti_sysbios_knl_Task_Module_State_inactiveQ__O)
                  0000cc68    00000002     app_pe430X.oe430X (.const:ti_sysbios_knl_Task_Module__id__C)
                  0000cc6a    00000002     app_pe430X.oe430X (.const:ti_sysbios_knl_Task_Module__loggerDefined__C)
                  0000cc6c    00000002     app_pe430X.oe430X (.const:ti_sysbios_knl_Task_Object__count__C)
                  0000cc6e    00000002     app_pe430X.oe430X (.const:ti_sysbios_knl_Task_initStackFlag__C)
                  0000cc70    00000002     app_pe430X.oe430X (.const:ti_sysbios_knl_Task_numConstructedTasks__C)
                  0000cc72    00000002     app_pe430X.oe430X (.const:ti_sysbios_utils_Load_Module__id__C)
                  0000cc74    00000002     app_pe430X.oe430X (.const:ti_sysbios_utils_Load_Module__loggerDefined__C)
                  0000cc76    00000002     app_pe430X.oe430X (.const:ti_sysbios_utils_Load_hwiEnabled__C)
                  0000cc78    00000002     app_pe430X.oe430X (.const:ti_sysbios_utils_Load_updateInIdle__C)
                  0000cc7a    00000002     app_pe430X.oe430X (.const:ti_sysbios_utils_Load_windowInMs__C)
                  0000cc7c    00000002     app_pe430X.oe430X (.const:ti_uia_loggers_LoggerStopMode_Module__id__C)
                  0000cc7e    00000002     app_pe430X.oe430X (.const:ti_uia_loggers_LoggerStopMode_Object__count__C)
                  0000cc80    00000002     app_pe430X.oe430X (.const:ti_uia_loggers_LoggerStopMode_isTimestampEnabled__C)
                  0000cc82    00000002     app_pe430X.oe430X (.const:xdc_runtime_Core_Module__id__C)
                  0000cc84    00000002     app_pe430X.oe430X (.const:xdc_runtime_Error_Module__loggerDefined__C)
                  0000cc86    00000002     app_pe430X.oe430X (.const:xdc_runtime_Error_maxDepth__C)
                  0000cc88    00000002     app_pe430X.oe430X (.const:xdc_runtime_Error_policy__C)
                  0000cc8a    00000002     app_pe430X.oe430X (.const:xdc_runtime_HeapStd_Module__id__C)
                  0000cc8c    00000002     app_pe430X.oe430X (.const:xdc_runtime_Main_Module__id__C)
                  0000cc8e    00000002     app_pe430X.oe430X (.const:xdc_runtime_Main_Module__loggerDefined__C)
                  0000cc90    00000002     app_pe430X.oe430X (.const:xdc_runtime_Memory_Module__id__C)
                  0000cc92    00000002     app_pe430X.oe430X (.const:xdc_runtime_Startup_maxPasses__C)
                  0000cc94    00000002     app_pe430X.oe430X (.const:xdc_runtime_SysMin_bufSize__C)
                  0000cc96    00000002     app_pe430X.oe430X (.const:xdc_runtime_SysMin_flushAtExit__C)
                  0000cc98    00000002     app_pe430X.oe430X (.const:xdc_runtime_System_maxAtexitHandlers__C)
                  0000cc9a    00000002     app_pe430X.oe430X (.const:xdc_runtime_Text_charCnt__C)
                  0000cc9c    00000002     app_pe430X.oe430X (.const:xdc_runtime_Text_isLoaded__C)
                  0000cc9e    00000002     app_pe430X.oe430X (.const:xdc_runtime_Text_registryModsLastId__C)
                  0000cca0    00000002     app_pe430X.oe430X (.const:xdc_runtime_Text_unnamedModsLastId__C)

.cinit     0    0000cca2    0000037c     
                  0000cca2    0000034b     (.cinit..data.load) [load image, compression = rle]
                  0000cfed    00000001     --HOLE-- [fill = 0]
                  0000cfee    0000000c     (__TI_handler_table)
                  0000cffa    00000006     (.cinit..bss.load) [load image, compression = zero_init]
                  0000d000    00000006     (.cinit..cio.load) [load image, compression = zero_init]
                  0000d006    00000018     (__TI_cinit_table)

.init_array 
*          0    00004400    00000000     UNINITIALIZED

.TI.noinit 
*          0    00002400    00000000     UNINITIALIZED

.TI.persistent 
*          0    00003124    00000000     UNINITIALIZED

.text      0    0000448c    000064bc     
                  0000448c    000004dc     sysbios.ae430X : BIOS.obj (.text:ti_sysbios_knl_Semaphore_pend__E)
                  00004968    000004d6     ti.targets.msp430.rts430.ae430X : System.oe430X (.text:xdc_runtime_System_doPrint__I)
                  00004e3e    00000272                                     : HeapStd.oe430X (.text:xdc_runtime_HeapStd_alloc__E)
                  000050b0    0000025e     app_pe430X.oe430X (.text:ti_uia_loggers_LoggerStopMode_write8__E)
                  0000530e    00000252     app_pe430X.oe430X (.text:ti_uia_loggers_LoggerStopMode_writeMemoryRange__E)
                  00005560    00000208     sysbios.ae430X : BIOS.obj (.text:ti_sysbios_knl_Semaphore_post__E)
                  00005768    000001ee     app_pe430X.oe430X (.text:ti_uia_loggers_LoggerStopMode_write4__E)
                  00005956    000001c8     ti.targets.msp430.rts430.ae430X : Core-mem.oe430X (.text:xdc_runtime_Core_createObject__I)
                  00005b1e    000001b6     app_pe430X.oe430X (.text:ti_uia_loggers_LoggerStopMode_write2__E)
                  00005cd4    000001b2     sysbios.ae430X : BIOS.obj (.text:ti_sysbios_knl_Swi_run__I)
                  00005e86    0000019c     ti.targets.msp430.rts430.ae430X : HeapStd.oe430X (.text:xdc_runtime_HeapStd_Instance_init__E)
                  00006022    00000198     sysbios.ae430X : BIOS.obj (.text:ti_sysbios_knl_Clock_workFunc__E)
                  000061ba    00000198     app_pe430X.oe430X (.text:ti_uia_loggers_LoggerStopMode_write1__E)
                  00006352    0000017e     app_pe430X.oe430X (.text:ti_uia_loggers_LoggerStopMode_write0__E)
                  000064d0    0000016c     ti.targets.msp430.rts430.ae430X : Core-smem.oe430X (.text:xdc_runtime_Core_constructObject__I)
                  0000663c    00000164     app_pe430X.oe430X (.text:xdc_runtime_System_printfExtend__I)
                  000067a0    0000015a     sysbios.ae430X : BIOS.obj (.text:ti_sysbios_knl_Task_startCore__E)
                  000068fa    00000158     ti.targets.msp430.rts430.ae430X : Error.oe430X (.text:xdc_runtime_Error_policyDefault__E)
                  00006a52    00000154     sysbios.ae430X : BIOS.obj (.text:ti_sysbios_knl_Task_schedule__I)
                  00006ba6    0000014e                    : BIOS.obj (.text:ti_sysbios_utils_Load_updateLoads__E)
                  00006cf4    00000148                    : BIOS.obj (.text:ti_sysbios_gates_GateMutex_enter__E)
                  00006e3c    00000146     ti.targets.msp430.rts430.ae430X : HeapStd.oe430X (.text:xdc_runtime_HeapStd_free__E)
                  00006f82    00000136     sysbios.ae430X : BIOS.obj (.text:ti_sysbios_knl_Task_checkStacks__E)
                  000070b8    00000132                    : BIOS.obj (.text:ti_sysbios_knl_Semaphore_Instance_init__E)
                  000071ea    00000122                    : BIOS.obj (.text:ti_sysbios_utils_Load_idleFxn__E)
                  0000730c    00000108     main.obj (.text:hardware_init)
                  00007414    00000100     sysbios.ae430X : BIOS.obj (.text:ti_sysbios_knl_Swi_post__E)
                  00007514    000000f0                    : BIOS.obj (.text:ti_sysbios_knl_Task_unblockI__E)
                  00007604    000000ec                    : BIOS.obj (.text:ti_sysbios_knl_Swi_restoreHwi__E)
                  000076f0    000000e2     ccs-MSP430F5529.lib : ucs.obj (.text:UCS_initFLL)
                  000077d2    000000de     sysbios.ae430X : BIOS.obj (.text:ti_sysbios_knl_Task_blockI__E)
                  000078b0    000000dc                    : BIOS.obj (.text:ti_sysbios_knl_Swi_runLoop__I)
                  0000798c    000000d8     ti.uia.loggers.ae430X : LoggerStopMode.oe430X (.text:ti_uia_loggers_LoggerStopMode_initQueueDescriptor__E)
                  00007a64    000000d2     sysbios.ae430X : BIOS.obj (.text:ti_sysbios_knl_Task_exit__E)
                  00007b36    000000ce     ti.uia.loggers.ae430X : LoggerStopMode.oe430X (.text:ti_uia_loggers_LoggerStopMode_flush__E)
                  00007c04    000000c4     ccs-MSP430F5529.lib : timer_a.obj (.text:privateTimerAProcessClockSourceDivider)
                  00007cc8    000000bc     ti.targets.msp430.rts430.ae430X : Startup.oe430X (.text:xdc_runtime_Startup_startMods__I)
                  00007d84    000000b8                                     : Text.oe430X (.text:xdc_runtime_Text_putSite__E)
                  00007e3c    000000b4     main.obj (.text:ledToggle)
                  00007ef0    000000b4     sysbios.ae430X : BIOS.obj (.text:ti_sysbios_knl_Swi_schedule__I)
                  00007fa4    000000a8                    : BIOS.obj (.text:ti_sysbios_knl_Task_postInit__I)
                  0000804c    000000a6                    : BIOS.obj (.text:ti_sysbios_utils_Load_logLoads__I)
                  000080f2    0000009a                    : BIOS.obj (.text:ti_sysbios_utils_Load_updateThreadContexts__E)
                  0000818c    00000096     ti.targets.msp430.rts430.ae430X : System.oe430X (.text:xdc_runtime_System_formatNum__I)
                  00008222    00000094     sysbios.ae430X : BIOS.obj (.text:ti_sysbios_utils_Load_updateCurrentThreadTime__E)
                  000082b6    00000092     ti.targets.msp430.rts430.ae430X : Error.oe430X (.text:xdc_runtime_Error_print__E)
                  00008348    00000090     ti.uia.runtime.ae430X : QueueDescriptor.oe430X (.text:ti_uia_runtime_QueueDescriptor_addToList__E)
                  000083d8    0000008e     ccs-MSP430F5529.lib : gpio.obj (.text:GPIO_setAsOutputPin)
                  00008466    0000008a     sysbios.ae430X : BIOS.obj (.text:ti_sysbios_family_msp430_Timer_getExpiredCounts__E)
                  000084f0    0000008a                    : BIOS.obj (.text:ti_sysbios_family_msp430_TimestampProvider_Module_startup__E)
                  0000857a    00000088     ccs-MSP430F5529.lib : ucs.obj (.text:UCS_clockSignalInit)
                  00008602    00000088     sysbios.ae430X : BIOS.obj (.text:ti_sysbios_knl_Clock_logTick__E)
                  0000868a    00000088                    : BIOS.obj (.text:ti_sysbios_utils_Load_logCPULoad__I)
                  00008712    00000086     ti.targets.msp430.rts430.ae430X : Text.oe430X (.text:xdc_runtime_Text_putMod__E)
                  00008798    00000084     sysbios.ae430X : BIOS.obj (.text:ti_sysbios_family_msp430_Hwi_Module_startup__E)
                  0000881c    00000082     ti.targets.msp430.rts430.ae430X : Text.oe430X (.text:xdc_runtime_Text_putLab__E)
                  0000889e    00000080     sysbios.ae430X : BIOS.obj (.text:ti_sysbios_family_msp430_TimestampProvider_get32__E)
                  0000891e    00000080     ti.targets.msp430.rts430.ae430X : Memory.oe430X (.text:xdc_runtime_Memory_alloc__E)
                  0000899e    0000007a     boot.ae430X : autoinit.oe430X (.text:_auto_init_hold_wdt)
                  00008a18    0000007a     ti.targets.msp430.rts430.ae430X : Error.oe430X (.text:xdc_runtime_Error_setX__E)
                  00008a92    00000078     sysbios.ae430X : msp430_TaskSupport_asm.obj (.text:_ti_sysbios_family_msp430_TaskSupport_buildTaskStack)
                  00008b0a    00000076     ti.targets.msp430.rts430.ae430X : Core-mem.oe430X (.text:xdc_runtime_Core_deleteObject__I)
                  00008b80    00000072     sysbios.ae430X : BIOS.obj (.text:ti_sysbios_family_msp430_Timer_periodicStub__E)
                  00008bf2    00000072                    : BIOS.obj (.text:ti_sysbios_heaps_HeapMem_init__I)
                  00008c64    00000070     ccs-MSP430F5529.lib : gpio.obj (.text:GPIO_setOutputLowOnPin)
                  00008cd4    00000070                         : gpio.obj (.text:GPIO_toggleOutputOnPin)
                  00008d44    0000006c     app_pe430X.oe430X (.text:xdc_runtime_HeapStd_Object__create__S)
                  00008db0    0000006a     rts430x_lc_rd_eabi.lib : trgdrv.obj (.text:HOSTwrite)
                  00008e1a    00000068                            : copy_decompress_rle.obj (.text:__TI_decompress_rle_core)
                  00008e82    00000068     sysbios.ae430X : BIOS.obj (.text:ti_sysbios_family_msp430_TaskSupport_start__E)
                  00008eea    00000068     ti.targets.msp430.rts430.ae430X : Assert.oe430X (.text:xdc_runtime_Assert_raise__I)
                  00008f52    00000066     sysbios.ae430X : BIOS.obj (.text:ti_sysbios_knl_Task_Module_startup__E)
                  00008fb8    00000064                    : BIOS.obj (.text:ti_sysbios_family_msp430_Hwi_postInit__I)
                  0000901c    00000060     ccs-MSP430F5529.lib : gpio.obj (.text:privateGPIOGetBaseAddress)
                  0000907c    00000060     sysbios.ae430X : BIOS.obj (.text:ti_sysbios_family_msp430_Timer_getFreq__E)
                  000090dc    00000060     ti.uia.loggers.ae430X : LoggerStopMode.oe430X (.text:ti_uia_loggers_LoggerStopMode_initBuffer__I)
                  0000913c    0000005e     sysbios.ae430X : BIOS.obj (.text:ti_sysbios_family_msp430_Timer_setNextTick__E)
                  0000919a    0000005a     ti.targets.msp430.rts430.ae430X : Text.oe430X (.text:xdc_runtime_Text_visitRope2__I)
                  000091f4    00000058     rts430x_lc_rd_eabi.lib : div32u.obj (.text)
                  0000924c    00000056     ccs-MSP430F5529.lib : timer_a.obj (.text:TIMER_A_configureUpMode)
                  000092a2    00000056     sysbios.ae430X : BIOS.obj (.text:ti_sysbios_family_msp430_Hwi_getStackInfo__E)
                  000092f8    00000056     ti.uia.loggers.ae430X : LoggerStopMode.oe430X (.text:ti_uia_loggers_LoggerStopMode_reset__E)
                  0000934e    00000056     ti.targets.msp430.rts430.ae430X : SysMin.oe430X (.text:xdc_runtime_SysMin_flush__E)
                  000093a4    00000054     sysbios.ae430X : BIOS.obj (.text:ti_sysbios_family_msp430_Timer_start__E)
                  000093f8    00000054                    : BIOS.obj (.text:ti_sysbios_knl_Task_processVitalTaskFlag__I)
                  0000944c    00000052                    : BIOS.obj (.text:ti_sysbios_knl_Swi_restore__E)
                  0000949e    00000050                    : BIOS.obj (.text:ti_sysbios_family_msp430_Timer_initDevice__I)
                  000094ee    00000050     ti.targets.msp430.rts430.ae430X : Startup.oe430X (.text:xdc_runtime_Startup_exec__E)
                  0000953e    0000004e                                     : Core-params.oe430X (.text:xdc_runtime_Core_assignParams__I)
                  0000958c    0000004c     ti.catalog.msp430.init.ae430X : Boot.oe430X (.text:.bootCodeSection:ti_catalog_msp430_init_Boot_configureDCO)
                  000095d8    0000004c     sysbios.ae430X : BIOS.obj (.text:ti_sysbios_knl_Semaphore_pendTimeout__I)
                  00009624    0000004c     ti.uia.loggers.ae430X : LoggerStopMode.oe430X (.text:ti_uia_loggers_LoggerStopMode_Module_startup__E)
                  00009670    0000004c     ti.targets.msp430.rts430.ae430X : SysMin.oe430X (.text:xdc_runtime_SysMin_putch__E)
                  000096bc    0000004a     sysbios.ae430X : BIOS.obj (.text:ti_sysbios_family_msp430_Timer_startup__E)
                  00009706    0000004a                    : BIOS.obj (.text:ti_sysbios_knl_Task_allBlockedFunction__I)
                  00009750    00000048                    : BIOS.obj (.text:ti_sysbios_hal_Hwi_checkStack)
                  00009798    00000046                    : BIOS.obj (.text:ti_sysbios_family_msp430_Timer_Module_startup__E)
                  000097de    00000042                    : BIOS.obj (.text:ti_sysbios_family_msp430_Timer_getCount__E)
                  00009820    00000042     app_pe430X.oe430X (.text:ti_sysbios_gates_GateHwi_Object__create__S)
                  00009862    00000042     app_pe430X.oe430X (.text:ti_sysbios_gates_GateMutex_Object__create__S)
                  000098a4    00000042     sysbios.ae430X : BIOS.obj (.text:ti_sysbios_knl_Clock_addI__E)
                  000098e6    00000042                    : BIOS.obj (.text:ti_sysbios_utils_Load_getGlobalHwiLoad__E)
                  00009928    00000042     app_pe430X.oe430X (.text:ti_uia_loggers_LoggerStopMode_Object__create__S)
                  0000996a    00000042     ti.targets.msp430.rts430.ae430X : Text.oe430X (.text:xdc_runtime_Text_xprintf__I)
                  000099ac    00000040                                     : Text.oe430X (.text:xdc_runtime_Text_printVisFxn__I)
                  000099ec    0000003e     rts430x_lc_rd_eabi.lib : lsl32.obj (.text:l_lsl_const)
                  00009a2a    0000003e                            : lsr32.obj (.text:l_lsr_const)
                  00009a68    0000003e     app_pe430X.oe430X (.text:ti_sysbios_knl_Semaphore_construct)
                  00009aa6    0000003c     sysbios.ae430X : BIOS.obj (.text:ti_sysbios_hal_Hwi_initStack)
                  00009ae2    0000003a                    : BIOS.obj (.text:ti_sysbios_family_msp430_Hwi49_p2)
                  00009b1c    0000003a     app_pe430X.oe430X (.text:ti_sysbios_knl_Queue_construct)
                  00009b56    0000003a     ti.targets.msp430.rts430.ae430X : System.oe430X (.text:xdc_runtime_System_atexit__E)
                  00009b90    0000003a                                     : System.oe430X (.text:xdc_runtime_System_processAtExit__E)
                  00009bca    0000003a                                     : System.oe430X (.text:xdc_runtime_System_putchar__I)
                  00009c04    00000038     sysbios.ae430X : BIOS.obj (.text:ti_sysbios_family_msp430_Hwi53_p2)
                  00009c3c    00000036     rts430x_lc_rd_eabi.lib : trgmsg.obj (.text:__TI_writemsg)
                  00009c72    00000036     ti.targets.msp430.rts430.ae430X : Error.oe430X (.text:xdc_runtime_Error_raiseX__E)
                  00009ca8    00000032     ccs-MSP430F5529.lib : ucs.obj (.text:UCS_initFLLSettle)
                  00009cda    00000032     rts430x_lc_rd_eabi.lib : trgmsg.obj (.text:__TI_readmsg)
                  00009d0c    00000032     sysbios.ae430X : BIOS.obj (.text:ti_sysbios_family_msp430_Timer_postInit__I)
                  00009d3e    00000032                    : BIOS.obj (.text:ti_sysbios_family_msp430_Timer_stop__E)
                  00009d70    00000032                    : msp430_Hwi_switch_asm.obj (.text:ti_sysbios_family_xxx_Hwi_switchAndRunFunc)
                  00009da2    00000032     ti.targets.msp430.rts430.ae430X : Core-label.oe430X (.text:xdc_runtime_Core_assignLabel__I)
                  00009dd4    00000032                                     : System.oe430X (.text:xdc_runtime_System_avprintf__E)
                  00009e06    00000032                                     : System.oe430X (.text:xdc_runtime_System_vprintf__E)
                  00009e38    00000030     sysbios.ae430X : BIOS.obj (.text:ti_sysbios_knl_Queue_put__E)
                  00009e68    00000030                    : BIOS.obj (.text:ti_sysbios_knl_Task_restore__E)
                  00009e98    00000030     ti.targets.msp430.rts430.ae430X : SysMin.oe430X (.text:xdc_runtime_SysMin_abort__E)
                  00009ec8    0000002e     rts430x_lc_rd_eabi.lib : exit.obj (.text:exit)
                  00009ef6    0000002c     app_pe430X.oe430X (.text:ti_sysbios_knl_Clock_doTick__I)
                  00009f22    0000002a     app_pe430X.oe430X (.text:ti_sysbios_BIOS_atExitFunc__I)
                  00009f4c    0000002a     app_pe430X.oe430X (.text:ti_sysbios_family_msp430_Hwi_Object__get__S)
                  00009f76    0000002a     sysbios.ae430X : BIOS.obj (.text:ti_sysbios_knl_Clock_Module_startup__E)
                  00009fa0    0000002a     app_pe430X.oe430X (.text:ti_sysbios_knl_Swi_Object__get__S)
                  00009fca    0000002a     app_pe430X.oe430X (.text:ti_sysbios_knl_Task_Object__get__S)
                  00009ff4    0000002a     app_pe430X.oe430X (.text:ti_uia_loggers_LoggerStopMode_Object__get__S)
                  0000a01e    0000002a     app_pe430X.oe430X (.text:xdc_runtime_SysMin_output__I)
                  0000a048    00000028     app_pe430X.oe430X (.text:ti_sysbios_BIOS_errorRaiseHook__I)
                  0000a070    00000028     ti.targets.msp430.rts430.ae430X : Text.oe430X (.text:xdc_runtime_Text_cordText__E)
                  0000a098    00000026     rts430x_lc_rd_eabi.lib : args_main.obj (.text:_args_main)
                  0000a0be    00000026     app_pe430X.oe430X (.text:ti_sysbios_gates_GateMutex_Object__delete__S)
                  0000a0e4    00000026     sysbios.ae430X : BIOS.obj (.text:ti_sysbios_knl_Swi_Module_startup__E)
                  0000a10a    00000024     rts430x_lc_rd_eabi.lib : copy_zero_init.obj (.text:decompress:ZI:__TI_zero_init)
                  0000a12e    00000024     app_pe430X.oe430X (.text:ti_sysbios_BIOS_rtsLock__I)
                  0000a152    00000024     app_pe430X.oe430X (.text:ti_sysbios_gates_GateHwi_Object__delete__S)
                  0000a176    00000024     ti.uia.loggers.ae430X : LoggerStopMode.oe430X (.text:ti_uia_loggers_LoggerStopMode_Instance_init__E)
                  0000a19a    00000024     app_pe430X.oe430X (.text:ti_uia_loggers_LoggerStopMode_Object__delete__S)
                  0000a1be    00000024     app_pe430X.oe430X (.text:xdc_runtime_HeapStd_Object__delete__S)
                  0000a1e2    00000022     rts430x_lc_rd_eabi.lib : mult32_f5hw.obj (.text)
                  0000a204    00000022     sysbios.ae430X : BIOS.obj (.text:ti_sysbios_gates_GateMutex_Instance_init__E)
                  0000a226    00000022                    : BIOS.obj (.text:ti_sysbios_gates_GateMutex_leave__E)
                  0000a248    00000022                    : BIOS.obj (.text:ti_sysbios_knl_Clock_startI__E)
                  0000a26a    00000022                    : BIOS.obj (.text:ti_sysbios_knl_Idle_run__E)
                  0000a28c    00000022                    : BIOS.obj (.text:ti_sysbios_knl_Task_restoreHwi__E)
                  0000a2ae    00000022                    : BIOS.obj (.text:ti_sysbios_knl_Task_unblock__E)
                  0000a2d0    00000022     ti.uia.loggers.ae430X : LoggerStopMode.oe430X (.text:ti_uia_loggers_LoggerStopMode_disable__E)
                  0000a2f2    00000022                           : LoggerStopMode.oe430X (.text:ti_uia_loggers_LoggerStopMode_enable__E)
                  0000a314    00000022     ti.targets.msp430.rts430.ae430X : Memory.oe430X (.text:xdc_runtime_Memory_valloc__E)
                  0000a336    00000020                                     : Error.oe430X (.text:xdc_runtime_Error_check__E)
                  0000a356    00000020                                     : HeapStd.oe430X (.text:xdc_runtime_HeapStd_getStats__E)
                  0000a376    0000001e     app_pe430X.oe430X (.text:ti_sysbios_BIOS_rtsUnlock__I)
                  0000a394    0000001e     app_pe430X.oe430X (.text:ti_sysbios_family_msp430_Timer_Module__startupDone__F)
                  0000a3b2    0000001e     app_pe430X.oe430X (.text:ti_sysbios_gates_GateHwi_Handle__label__S)
                  0000a3d0    0000001e     app_pe430X.oe430X (.text:ti_sysbios_gates_GateMutex_Handle__label__S)
                  0000a3ee    0000001e     sysbios.ae430X : BIOS.obj (.text:ti_sysbios_knl_Task_enter__I)
                  0000a40c    0000001e     app_pe430X.oe430X (.text:ti_uia_loggers_LoggerStopMode_Handle__label__S)
                  0000a42a    0000001e     app_pe430X.oe430X (.text:xdc_runtime_HeapStd_Handle__label__S)
                  0000a448    0000001c     sysbios.ae430X : msp430_TaskSupport_asm.obj (.text:_ti_sysbios_family_msp430_TaskSupport_swap__E)
                  0000a464    0000001c     app_pe430X.oe430X (.text:ti_sysbios_BIOS_startFunc__I)
                  0000a480    0000001c     app_pe430X.oe430X (.text:ti_sysbios_family_msp430_Hwi_Module__startupDone__F)
                  0000a49c    0000001c     app_pe430X.oe430X (.text:ti_sysbios_heaps_HeapMem_Object__get__S)
                  0000a4b8    0000001c     ti.targets.msp430.rts430.ae430X : Registry.oe430X (.text:xdc_runtime_Registry_findById__E)
                  0000a4d4    0000001c                                     : SysMin.oe430X (.text:xdc_runtime_SysMin_Module_startup__E)
                  0000a4f0    0000001a     app_pe430X.oe430X (.text:ti_sysbios_BIOS_exitFunc__I)
                  0000a50a    0000001a     app_pe430X.oe430X (.text:ti_sysbios_BIOS_registerRTSLock__I)
                  0000a524    0000001a     app_pe430X.oe430X (.text:ti_sysbios_BIOS_removeRTSLock__I)
                  0000a53e    0000001a     sysbios.ae430X : BIOS.obj (.text:ti_sysbios_family_msp430_TimestampProvider_get64__E)
                  0000a558    0000001a     app_pe430X.oe430X (.text:ti_sysbios_knl_Semaphore_Object__destruct__S)
                  0000a572    0000001a     ti.uia.loggers.ae430X : LoggerStopMode.oe430X (.text:ti_uia_loggers_LoggerStopMode_isEmpty__E)
                  0000a58c    0000001a     ti.targets.msp430.rts430.ae430X : System.oe430X (.text:xdc_runtime_System_vsnprintf__E)
                  0000a5a6    00000018     sysbios.ae430X : BIOS.obj (.text:ti_sysbios_BIOS_setThreadType__E)
                  0000a5be    00000018     app_pe430X.oe430X (.text:ti_sysbios_knl_Queue_Object__destruct__S)
                  0000a5d6    00000016     ccs-MSP430F5529.lib : wdt_a.obj (.text:WDT_A_hold)
                  0000a5ec    00000016     rts430x_lc_rd_eabi.lib : memset.obj (.text:memset)
                  0000a602    00000016                            : div16u.obj (.text)
                  0000a618    00000016                            : mult16_f5hw.obj (.text)
                  0000a62e    00000016     sysbios.ae430X : BIOS.obj (.text:ti_sysbios_knl_Task_enabled__E)
                  0000a644    00000016     ti.targets.msp430.rts430.ae430X : SysMin.oe430X (.text:xdc_runtime_SysMin_exit__E)
                  0000a65a    00000016                                     : System.oe430X (.text:xdc_runtime_System_abort__E)
                  0000a670    00000014     rts430x_lc_rd_eabi.lib : memcpy.obj (.text:memcpy)
                  0000a684    00000014     app_pe430X.oe430X (.text:ti_sysbios_knl_Queue_Object__get__S)
                  0000a698    00000014     ti.targets.msp430.rts430.ae430X : Memory.oe430X (.text:xdc_runtime_Memory_calloc__E)
                  0000a6ac    00000014     app_pe430X.oe430X (.text:xdc_runtime_Startup_exec__I)
                  0000a6c0    00000014     ti.targets.msp430.rts430.ae430X : Text.oe430X (.text:xdc_runtime_Text_ropeText__E)
                  0000a6d4    00000012     rts430x_lc_rd_eabi.lib : copy_decompress_none.obj (.text:decompress:none:__TI_decompress_none)
                  0000a6e6    00000012     sysbios.ae430X : BIOS.obj (.text:ti_sysbios_gates_GateHwi_leave__E)
                  0000a6f8    00000012                    : BIOS.obj (.text:ti_sysbios_gates_GateMutex_Instance_finalize__E)
                  0000a70a    00000012                    : BIOS.obj (.text:ti_sysbios_knl_Semaphore_Instance_finalize__E)
                  0000a71c    00000012     app_pe430X.oe430X (.text:xdc_runtime_System_aprintf__E)
                  0000a72e    00000012     ti.targets.msp430.rts430.ae430X : System.oe430X (.text:xdc_runtime_System_exit__E)
                  0000a740    00000012     app_pe430X.oe430X (.text:xdc_runtime_System_printf__E)
                  0000a752    00000010     sysbios.ae430X : msp430_TaskSupport_asm.obj (.text:_ti_sysbios_family_msp430_TaskSupport_glue)
                  0000a762    00000010                    : BIOS.obj (.text:ti_sysbios_family_msp430_TaskSupport_checkStack__E)
                  0000a772    00000010                    : BIOS.obj (.text:ti_sysbios_hal_Hwi_Module_startup__E)
                  0000a782    00000010     ti.targets.msp430.rts430.ae430X : Error.oe430X (.text:xdc_runtime_Error_init__E)
                  0000a792    00000010     app_pe430X.oe430X (.text:xdc_runtime_Text_visitRope__I)
                  0000a7a2    0000000e     rts430x_lc_rd_eabi.lib : strlen.obj (.text:strlen)
                  0000a7b0    0000000e     sysbios.ae430X : BIOS.obj (.text:ti_sysbios_family_msp430_Timer_getMaxTicks__E)
                  0000a7be    0000000e                    : BIOS.obj (.text:ti_sysbios_knl_Queue_empty__E)
                  0000a7cc    0000000e                    : BIOS.obj (.text:ti_sysbios_knl_Swi_disable__E)
                  0000a7da    0000000e                    : BIOS.obj (.text:ti_sysbios_knl_Task_disable__E)
                  0000a7e8    0000000e     ti.targets.msp430.rts430.ae430X : SysMin.oe430X (.text:xdc_runtime_SysMin_ready__E)
                  0000a7f6    0000000c     app_pe430X.oe430X (.text:.bootCodeSection:ti_catalog_msp430_init_Boot_init)
                  0000a802    0000000c     ti.targets.msp430.rts430.ae430X : Gate.oe430X (.text:xdc_runtime_Gate_leaveSystem__E)
                  0000a80e    0000000c                                     : Memory.oe430X (.text:xdc_runtime_Memory_free__E)
                  0000a81a    0000000a     main.obj (.text:Timer_ISR)
                  0000a824    0000000a     main.obj (.text:main)
                  0000a82e    0000000a     rts430x_lc_rd_eabi.lib : lsl16.obj (.text)
                  0000a838    0000000a     sysbios.ae430X : BIOS.obj (.text:ti_sysbios_BIOS_start__E)
                  0000a842    0000000a                    : BIOS.obj (.text:ti_sysbios_family_msp430_Hwi_startup__E)
                  0000a84c    0000000a                    : BIOS.obj (.text:ti_sysbios_family_msp430_TimestampProvider_getFreq__E)
                  0000a856    0000000a                    : BIOS.obj (.text:ti_sysbios_gates_GateHwi_enter__E)
                  0000a860    0000000a                    : BIOS.obj (.text:ti_sysbios_knl_Queue_Instance_init__E)
                  0000a86a    00000008     ti.catalog.msp430.init.ae430X : Boot.oe430X (.text:.bootCodeSection:ti_catalog_msp430_init_Boot_disableWatchdog)
                  0000a872    00000008     ti.targets.msp430.rts430.ae430X : xdc_init.oe430X (.text:__xdc__init)
                  0000a87a    00000008     sysbios.ae430X : BIOS.obj (.text:ti_sysbios_family_msp430_Hwi_switchFromBootStack__E)
                  0000a882    00000008                    : BIOS.obj (.text:ti_sysbios_family_msp430_Timer_getPeriod__E)
                  0000a88a    00000008     ti.targets.msp430.rts430.ae430X : Gate.oe430X (.text:xdc_runtime_Gate_enterSystem__E)
                  0000a892    00000008     app_pe430X.oe430X (.text:xdc_runtime_IHeap_alloc)
                  0000a89a    00000008     app_pe430X.oe430X (.text:xdc_runtime_IHeap_free)
                  0000a8a2    00000008     ti.targets.msp430.rts430.ae430X : Memory.oe430X (.text:xdc_runtime_Memory_getMaxDefaultTypeAlign__E)
                  0000a8aa    00000006     ccs-MSP430F5529.lib : timer_a.obj (.text:TIMER_A_startCounter)
                  0000a8b0    00000006     rts430x_lc_rd_eabi.lib : _lock.obj (.text:_register_lock)
                  0000a8b6    00000006                            : _lock.obj (.text:_register_unlock)
                  0000a8bc    00000006                            : copy_decompress_rle.obj (.text:decompress:rle24:__TI_decompress_rle24)
                  0000a8c2    00000006     sysbios.ae430X : BIOS.obj (.text:ti_sysbios_knl_Idle_loop__E)
                  0000a8c8    00000006                    : BIOS.obj (.text:ti_sysbios_knl_Swi_startup__E)
                  0000a8ce    00000006     ti.uia.loggers.ae430X : LoggerStopMode.oe430X (.text:ti_uia_loggers_LoggerStopMode_getInstanceId__E)
                  0000a8d4    00000006                           : LoggerStopMode.oe430X (.text:ti_uia_loggers_LoggerStopMode_getMaxLength__E)
                  0000a8da    00000006     ti.targets.msp430.rts430.ae430X : Error.oe430X (.text:xdc_runtime_Error_getSite__E)
                  0000a8e0    00000004     boot.ae430X : pre_init.oe430X (.text:_system_pre_init)
                  0000a8e4    00000004     rts430x_lc_rd_eabi.lib : exit.obj (.text:abort)
                  0000a8e8    00000004     app_pe430X.oe430X (.text:malloc)
                  0000a8ec    00000004     app_pe430X.oe430X (.text:ti_sysbios_BIOS_RtsGateProxy_enter__E)
                  0000a8f0    00000004     app_pe430X.oe430X (.text:ti_sysbios_BIOS_RtsGateProxy_leave__E)
                  0000a8f4    00000004     app_pe430X.oe430X (.text:ti_sysbios_family_msp430_TaskSupport_Module__startupDone__S)
                  0000a8f8    00000004     sysbios.ae430X : BIOS.obj (.text:ti_sysbios_gates_GateHwi_query__E)
                  0000a8fc    00000004                    : BIOS.obj (.text:ti_sysbios_gates_GateMutex_query__E)
                  0000a900    00000004     app_pe430X.oe430X (.text:ti_sysbios_knl_Clock_TimerProxy_getMaxTicks__E)
                  0000a904    00000004     app_pe430X.oe430X (.text:ti_sysbios_knl_Clock_TimerProxy_getPeriod__E)
                  0000a908    00000004     app_pe430X.oe430X (.text:ti_sysbios_knl_Queue_destruct)
                  0000a90c    00000004     app_pe430X.oe430X (.text:ti_sysbios_knl_Semaphore_destruct)
                  0000a910    00000004     sysbios.ae430X : BIOS.obj (.text:ti_sysbios_knl_Task_startup__E)
                  0000a914    00000004     ti.uia.loggers.ae430X : LoggerStopMode.oe430X (.text:ti_uia_loggers_LoggerStopMode_getContents__E)
                  0000a918    00000004     app_pe430X.oe430X (.text:ti_uia_loggers_LoggerStopMode_getFilterLevel__E)
                  0000a91c    00000004     ti.uia.loggers.ae430X : LoggerStopMode.oe430X (.text:ti_uia_loggers_LoggerStopMode_getPriority__E)
                  0000a920    00000004                           : LoggerStopMode.oe430X (.text:ti_uia_loggers_LoggerStopMode_getTransferType__E)
                  0000a924    00000004     ti.targets.msp430.rts430.ae430X : HeapStd.oe430X (.text:xdc_runtime_HeapStd_isBlocking__E)
                  0000a928    00000004     app_pe430X.oe430X (.text:xdc_runtime_System_Module_GateProxy_enter__E)
                  0000a92c    00000004     app_pe430X.oe430X (.text:xdc_runtime_System_Module_GateProxy_leave__E)
                  0000a930    00000004     ti.targets.msp430.rts430.ae430X : System.oe430X (.text:xdc_runtime_System_Module_startup__E)
                  0000a934    00000004                                     : System.oe430X (.text:xdc_runtime_System_aprintf_va__F)
                  0000a938    00000004                                     : System.oe430X (.text:xdc_runtime_System_printf_va__F)
                  0000a93c    00000002     rts430x_lc_rd_eabi.lib : _lock.obj (.text:_nop)
                  0000a93e    00000002     app_pe430X.oe430X (.text:free)
                  0000a940    00000002     app_pe430X.oe430X (.text:ti_sysbios_BIOS_nullFunc__I)
                  0000a942    00000002     sysbios.ae430X : BIOS.obj (.text:ti_sysbios_gates_GateHwi_Instance_init__E)
                  0000a944    00000002     app_pe430X.oe430X (.text:ti_uia_loggers_LoggerStopMode_setFilterLevel__E)
                  0000a946    00000002     ti.uia.loggers.ae430X : LoggerStopMode.oe430X (.text:ti_uia_loggers_LoggerStopMode_setPriority__E)

RTC        0    0000ffd2    00000002     
                  0000ffd2    00000002     sysbios.ae430X : BIOS.obj (.int41)

PORT2      0    0000ffd4    00000002     
                  0000ffd4    00000002     sysbios.ae430X : BIOS.obj (.int42)

TIMER2_A1 
*          0    0000ffd6    00000002     
                  0000ffd6    00000002     sysbios.ae430X : BIOS.obj (.int43)

TIMER2_A0 
*          0    0000ffd8    00000002     
                  0000ffd8    00000002     sysbios.ae430X : BIOS.obj (.int44)

USCI_B1    0    0000ffda    00000002     
                  0000ffda    00000002     sysbios.ae430X : BIOS.obj (.int45)

USCI_A1    0    0000ffdc    00000002     
                  0000ffdc    00000002     sysbios.ae430X : BIOS.obj (.int46)

PORT1      0    0000ffde    00000002     
                  0000ffde    00000002     sysbios.ae430X : BIOS.obj (.int47)

TIMER1_A1 
*          0    0000ffe0    00000002     
                  0000ffe0    00000002     sysbios.ae430X : BIOS.obj (.int48)

TIMER1_A0 
*          0    0000ffe2    00000002     
                  0000ffe2    00000002     sysbios.ae430X : BIOS.obj (.int49)

DMA        0    0000ffe4    00000002     
                  0000ffe4    00000002     sysbios.ae430X : BIOS.obj (.int50)

USB_UBM    0    0000ffe6    00000002     
                  0000ffe6    00000002     sysbios.ae430X : BIOS.obj (.int51)

TIMER0_A1 
*          0    0000ffe8    00000002     
                  0000ffe8    00000002     sysbios.ae430X : BIOS.obj (.int52)

TIMER0_A0 
*          0    0000ffea    00000002     
                  0000ffea    00000002     sysbios.ae430X : BIOS.obj (.int53)

ADC12      0    0000ffec    00000002     
                  0000ffec    00000002     sysbios.ae430X : BIOS.obj (.int54)

USCI_B0    0    0000ffee    00000002     
                  0000ffee    00000002     sysbios.ae430X : BIOS.obj (.int55)

USCI_A0    0    0000fff0    00000002     
                  0000fff0    00000002     sysbios.ae430X : BIOS.obj (.int56)

WDT        0    0000fff2    00000002     
                  0000fff2    00000002     sysbios.ae430X : BIOS.obj (.int57)

TIMER0_B1 
*          0    0000fff4    00000002     
                  0000fff4    00000002     sysbios.ae430X : BIOS.obj (.int58)

TIMER0_B0 
*          0    0000fff6    00000002     
                  0000fff6    00000002     sysbios.ae430X : BIOS.obj (.int59)

COMP_B     0    0000fff8    00000002     
                  0000fff8    00000002     sysbios.ae430X : BIOS.obj (.int60)

UNMI       0    0000fffa    00000002     
                  0000fffa    00000002     sysbios.ae430X : BIOS.obj (.int61)

SYSNMI     0    0000fffc    00000002     
                  0000fffc    00000002     sysbios.ae430X : BIOS.obj (.int62)

.reset     0    0000fffe    00000002     
                  0000fffe    00000002     boot.ae430X : boot.oe430X (.reset)


LINKER GENERATED COPY TABLES

__TI_cinit_table @ 0000d006 records: 3, size/record: 8, table size: 24
	.data: load addr=0000cca2, load size=0000034b bytes, run addr=00003124, run size=00000512 bytes, compression=rle
	.bss: load addr=0000cffa, load size=00000006 bytes, run addr=00002400, run size=00000d24 bytes, compression=zero_init
	.cio: load addr=0000d000, load size=00000006 bytes, run addr=00003636, run size=00000120 bytes, compression=zero_init


LINKER GENERATED HANDLER TABLE

__TI_handler_table @ 0000cfee records: 3, size/record: 4, table size: 12
	index: 0, handler: __TI_zero_init
	index: 1, handler: __TI_decompress_rle24
	index: 2, handler: __TI_decompress_none


GLOBAL SYMBOLS: SORTED ALPHABETICALLY BY Name 

address   name                                                               
-------   ----                                                               
00000700  ADC12CTL0                                                          
00000701  ADC12CTL0_H                                                        
00000700  ADC12CTL0_L                                                        
00000702  ADC12CTL1                                                          
00000703  ADC12CTL1_H                                                        
00000702  ADC12CTL1_L                                                        
00000704  ADC12CTL2                                                          
00000705  ADC12CTL2_H                                                        
00000704  ADC12CTL2_L                                                        
0000070c  ADC12IE                                                            
0000070d  ADC12IE_H                                                          
0000070c  ADC12IE_L                                                          
0000070a  ADC12IFG                                                           
0000070b  ADC12IFG_H                                                         
0000070a  ADC12IFG_L                                                         
0000070e  ADC12IV                                                            
0000070f  ADC12IV_H                                                          
0000070e  ADC12IV_L                                                          
00000710  ADC12MCTL0                                                         
00000711  ADC12MCTL1                                                         
0000071a  ADC12MCTL10                                                        
0000071b  ADC12MCTL11                                                        
0000071c  ADC12MCTL12                                                        
0000071d  ADC12MCTL13                                                        
0000071e  ADC12MCTL14                                                        
0000071f  ADC12MCTL15                                                        
00000712  ADC12MCTL2                                                         
00000713  ADC12MCTL3                                                         
00000714  ADC12MCTL4                                                         
00000715  ADC12MCTL5                                                         
00000716  ADC12MCTL6                                                         
00000717  ADC12MCTL7                                                         
00000718  ADC12MCTL8                                                         
00000719  ADC12MCTL9                                                         
00000720  ADC12MEM0                                                          
00000721  ADC12MEM0_H                                                        
00000720  ADC12MEM0_L                                                        
00000722  ADC12MEM1                                                          
00000734  ADC12MEM10                                                         
00000735  ADC12MEM10_H                                                       
00000734  ADC12MEM10_L                                                       
00000736  ADC12MEM11                                                         
00000737  ADC12MEM11_H                                                       
00000736  ADC12MEM11_L                                                       
00000738  ADC12MEM12                                                         
00000739  ADC12MEM12_H                                                       
00000738  ADC12MEM12_L                                                       
0000073a  ADC12MEM13                                                         
0000073b  ADC12MEM13_H                                                       
0000073a  ADC12MEM13_L                                                       
0000073c  ADC12MEM14                                                         
0000073d  ADC12MEM14_H                                                       
0000073c  ADC12MEM14_L                                                       
0000073e  ADC12MEM15                                                         
0000073f  ADC12MEM15_H                                                       
0000073e  ADC12MEM15_L                                                       
00000723  ADC12MEM1_H                                                        
00000722  ADC12MEM1_L                                                        
00000724  ADC12MEM2                                                          
00000725  ADC12MEM2_H                                                        
00000724  ADC12MEM2_L                                                        
00000726  ADC12MEM3                                                          
00000727  ADC12MEM3_H                                                        
00000726  ADC12MEM3_L                                                        
00000728  ADC12MEM4                                                          
00000729  ADC12MEM4_H                                                        
00000728  ADC12MEM4_L                                                        
0000072a  ADC12MEM5                                                          
0000072b  ADC12MEM5_H                                                        
0000072a  ADC12MEM5_L                                                        
0000072c  ADC12MEM6                                                          
0000072d  ADC12MEM6_H                                                        
0000072c  ADC12MEM6_L                                                        
0000072e  ADC12MEM7                                                          
0000072f  ADC12MEM7_H                                                        
0000072e  ADC12MEM7_L                                                        
00000730  ADC12MEM8                                                          
00000731  ADC12MEM8_H                                                        
00000730  ADC12MEM8_L                                                        
00000732  ADC12MEM9                                                          
00000733  ADC12MEM9_H                                                        
00000732  ADC12MEM9_L                                                        
0000a8e4  C$$EXIT                                                            
00009c6e  C$$IO$$                                                            
000008c0  CBCTL0                                                             
000008c1  CBCTL0_H                                                           
000008c0  CBCTL0_L                                                           
000008c2  CBCTL1                                                             
000008c3  CBCTL1_H                                                           
000008c2  CBCTL1_L                                                           
000008c4  CBCTL2                                                             
000008c5  CBCTL2_H                                                           
000008c4  CBCTL2_L                                                           
000008c6  CBCTL3                                                             
000008c7  CBCTL3_H                                                           
000008c6  CBCTL3_L                                                           
000008cc  CBINT                                                              
000008cd  CBINT_H                                                            
000008cc  CBINT_L                                                            
000008ce  CBIV                                                               
00000150  CRCDI                                                              
00000152  CRCDIRB                                                            
00000153  CRCDIRB_H                                                          
00000152  CRCDIRB_L                                                          
00000151  CRCDI_H                                                            
00000150  CRCDI_L                                                            
00000154  CRCINIRES                                                          
00000155  CRCINIRES_H                                                        
00000154  CRCINIRES_L                                                        
00000156  CRCRESR                                                            
00000157  CRCRESR_H                                                          
00000156  CRCRESR_L                                                          
00000510  DMA0CTL                                                            
00000511  DMA0CTL_H                                                          
00000510  DMA0CTL_L                                                          
00000516  DMA0DA                                                             
00000518  DMA0DAH                                                            
00000516  DMA0DAL                                                            
[...]
0000a8f4  ti_sysbios_family_msp430_TaskSupport_Module__startupDone__S        
0000a8f4  ti_sysbios_knl_Task_SupportProxy_Module__startupDone__S            
0000a8f8  ti_sysbios_gates_GateHwi_query__E                                  
0000a8f8  xdc_runtime_Main_Module_GateProxy_query__E                         
0000a8f8  xdc_runtime_System_Module_GateProxy_query__E                       
0000a8fc  ti_sysbios_BIOS_RtsGateProxy_query__E                              
0000a8fc  ti_sysbios_gates_GateMutex_query__E                                
0000a8fc  ti_sysbios_heaps_HeapMem_Module_GateProxy_query__E                 
0000a900  ti_sysbios_knl_Clock_TimerProxy_getMaxTicks__E                     
0000a904  ti_sysbios_knl_Clock_TimerProxy_getPeriod__E                       
0000a908  ti_sysbios_knl_Queue_destruct                                      
0000a90c  ti_sysbios_knl_Semaphore_destruct                                  
0000a910  ti_sysbios_knl_Task_startup__E                                     
0000a914  ti_uia_loggers_LoggerStopMode_getContents__E                       
0000a918  ti_uia_loggers_LoggerStopMode_getFilterLevel__E                    
0000a91c  ti_uia_loggers_LoggerStopMode_getPriority__E                       
0000a920  ti_uia_loggers_LoggerStopMode_getTransferType__E                   
0000a924  xdc_runtime_HeapStd_isBlocking__E                                  
0000a928  xdc_runtime_System_Module_GateProxy_enter__E                       
0000a92c  xdc_runtime_System_Module_GateProxy_leave__E                       
0000a930  xdc_runtime_System_Module_startup__E                               
0000a934  xdc_runtime_System_aprintf_va__E                                   
0000a934  xdc_runtime_System_aprintf_va__F                                   
0000a938  xdc_runtime_System_printf_va__E                                    
0000a938  xdc_runtime_System_printf_va__F                                    
0000a93c  _nop                                                               
0000a93e  free                                                               
0000a940  ti_sysbios_BIOS_nullFunc__I                                        
0000a942  ti_sysbios_gates_GateHwi_Instance_init__E                          
0000a944  ti_uia_loggers_LoggerStopMode_setFilterLevel__E                    
0000a946  ti_uia_loggers_LoggerStopMode_setPriority__E                       
0000a948  xdc_runtime_Text_charTab__A                                        
0000c5d8  xdc_runtime_Text_nodeTab__A                                        
0000c6c0  ti_uia_loggers_LoggerStopMode_Module__FXNS__C                      
0000c82a  xdc_runtime_Startup_sfxnTab__A                                     
0000c852  xdc_runtime_HeapStd_Module__FXNS__C                                
0000c89a  ti_sysbios_gates_GateHwi_Module__FXNS__C                           
0000c8bc  ti_sysbios_gates_GateMutex_Module__FXNS__C                         
0000c8de  IntrinsicsSupport_maxbitTable                                      
0000c8fe  ti_uia_loggers_LoggerStopMode_Object__PARAMS__C                    
0000c91e  ti_sysbios_knl_Semaphore_Object__PARAMS__C                         
0000c93a  ti_sysbios_gates_GateHwi_Object__DESC__C                           
0000c952  ti_sysbios_gates_GateMutex_Object__DESC__C                         
0000c96a  ti_sysbios_knl_Queue_Object__DESC__C                               
0000c982  ti_sysbios_knl_Semaphore_Object__DESC__C                           
0000c99a  ti_uia_loggers_LoggerStopMode_Object__DESC__C                      
0000c9b2  xdc_runtime_HeapStd_Object__DESC__C                                
0000c9ca  xdc_runtime_HeapStd_Object__PARAMS__C                              
0000c9e2  ti_sysbios_gates_GateHwi_Object__PARAMS__C                         
0000c9f6  ti_sysbios_gates_GateMutex_Object__PARAMS__C                       
0000ca0a  ti_sysbios_knl_Queue_Object__PARAMS__C                             
0000ca1e  xdc_runtime_Startup_sfxnRts__A                                     
0000ca4c  Timer_A1_INT                                                       
0000ca50  LEDSwi                                                             
0000ca54  ti_sysbios_knl_Idle_funcList__A                                    
0000ca5c  xdc_runtime_Startup_firstFxns__A                                   
0000ca6a  ti_sysbios_family_msp430_Hwi_hooks__C                              
0000ca70  ti_sysbios_knl_Idle_funcList__C                                    
0000ca76  xdc_runtime_Startup_firstFxns__C                                   
0000ca7c  xdc_runtime_Startup_lastFxns__C                                    
0000ca82  ti_sysbios_family_msp430_TimestampProvider_Module__diagsEnabled__C 
0000ca86  ti_sysbios_family_msp430_TimestampProvider_Module__diagsIncluded__C
0000ca8a  ti_sysbios_family_msp430_TimestampProvider_Module__diagsMask__C    
0000ca8e  ti_sysbios_gates_GateMutex_A_badContext__C                         
0000ca92  ti_sysbios_gates_GateMutex_Module__diagsEnabled__C                 
0000ca96  ti_sysbios_gates_GateMutex_Module__diagsIncluded__C                
0000ca9a  ti_sysbios_gates_GateMutex_Module__diagsMask__C                    
0000ca9e  ti_sysbios_hal_Hwi_E_stackOverflow__C                              
0000caa2  ti_sysbios_knl_Clock_LM_begin__C                                   
0000caa6  ti_sysbios_knl_Clock_LM_tick__C                                    
0000caaa  ti_sysbios_knl_Clock_LW_delayed__C                                 
0000caae  ti_sysbios_knl_Clock_Module__diagsEnabled__C                       
0000cab2  ti_sysbios_knl_Clock_Module__diagsIncluded__C                      
0000cab6  ti_sysbios_knl_Clock_Module__diagsMask__C                          
0000caba  ti_sysbios_knl_Clock_Module__loggerFxn1__C                         
0000cabe  ti_sysbios_knl_Clock_Module__loggerFxn2__C                         
0000cac2  ti_sysbios_knl_Clock_Module__loggerObj__C                          
0000cac6  ti_sysbios_knl_Semaphore_A_badContext__C                           
0000caca  ti_sysbios_knl_Semaphore_A_noEvents__C                             
0000cace  ti_sysbios_knl_Semaphore_A_overflow__C                             
0000cad2  ti_sysbios_knl_Semaphore_A_pendTaskDisabled__C                     
0000cad6  ti_sysbios_knl_Semaphore_LM_pend__C                                
0000cada  ti_sysbios_knl_Semaphore_LM_post__C                                
0000cade  ti_sysbios_knl_Semaphore_Module__diagsEnabled__C                   
0000cae2  ti_sysbios_knl_Semaphore_Module__diagsIncluded__C                  
0000cae6  ti_sysbios_knl_Semaphore_Module__diagsMask__C                      
0000caea  ti_sysbios_knl_Semaphore_Module__loggerFxn2__C                     
0000caee  ti_sysbios_knl_Semaphore_Module__loggerFxn4__C                     
0000caf2  ti_sysbios_knl_Semaphore_Module__loggerObj__C                      
0000caf6  ti_sysbios_knl_Swi_LD_end__C                                       
0000cafa  ti_sysbios_knl_Swi_LM_begin__C                                     
0000cafe  ti_sysbios_knl_Swi_LM_post__C                                      
0000cb02  ti_sysbios_knl_Swi_Module__diagsEnabled__C                         
0000cb06  ti_sysbios_knl_Swi_Module__diagsIncluded__C                        
0000cb0a  ti_sysbios_knl_Swi_Module__diagsMask__C                            
0000cb0e  ti_sysbios_knl_Swi_Module__loggerFxn1__C                           
0000cb12  ti_sysbios_knl_Swi_Module__loggerFxn4__C                           
0000cb16  ti_sysbios_knl_Swi_Module__loggerObj__C                            
0000cb1a  ti_sysbios_knl_Task_E_spOutOfBounds__C                             
0000cb1e  ti_sysbios_knl_Task_E_stackOverflow__C                             
0000cb22  ti_sysbios_knl_Task_LD_block__C                                    
0000cb26  ti_sysbios_knl_Task_LD_exit__C                                     
0000cb2a  ti_sysbios_knl_Task_LD_ready__C                                    
0000cb2e  ti_sysbios_knl_Task_LM_switch__C                                   
0000cb32  ti_sysbios_knl_Task_Module__diagsEnabled__C                        
0000cb36  ti_sysbios_knl_Task_Module__diagsIncluded__C                       
0000cb3a  ti_sysbios_knl_Task_Module__diagsMask__C                           
0000cb3e  ti_sysbios_knl_Task_Module__loggerFxn2__C                          
0000cb42  ti_sysbios_knl_Task_Module__loggerFxn4__C                          
0000cb46  ti_sysbios_knl_Task_Module__loggerObj__C                           
0000cb4a  ti_sysbios_knl_Task_allBlockedFunc__C                              
0000cb4e  ti_sysbios_utils_Load_LS_cpuLoad__C                                
0000cb52  ti_sysbios_utils_Load_LS_hwiLoad__C                                
0000cb56  ti_sysbios_utils_Load_Module__diagsEnabled__C                      
0000cb5a  ti_sysbios_utils_Load_Module__diagsIncluded__C                     
0000cb5e  ti_sysbios_utils_Load_Module__diagsMask__C                         
0000cb62  ti_sysbios_utils_Load_Module__loggerFxn1__C                        
0000cb66  ti_sysbios_utils_Load_Module__loggerFxn2__C                        
0000cb6a  ti_sysbios_utils_Load_Module__loggerObj__C                         
0000cb6e  ti_sysbios_utils_Load_postUpdate__C                                
0000cb72  ti_uia_loggers_LoggerStopMode_Module__diagsEnabled__C              
0000cb76  ti_uia_loggers_LoggerStopMode_Module__diagsIncluded__C             
0000cb7a  ti_uia_loggers_LoggerStopMode_Module__diagsMask__C                 
0000cb7e  ti_uia_runtime_ILoggerSnapshot_Interface__BASE__C                  
0000cb82  ti_uia_runtime_IUIATransfer_Interface__BASE__C                     
0000cb86  xdc_runtime_Assert_E_assertFailed__C                               
0000cb8a  xdc_runtime_Core_A_initializedParams__C                            
0000cb8e  xdc_runtime_Core_Module__diagsEnabled__C                           
0000cb92  xdc_runtime_Core_Module__diagsIncluded__C                          
0000cb96  xdc_runtime_Core_Module__diagsMask__C                              
0000cb9a  xdc_runtime_Error_E_memory__C                                      
0000cb9e  xdc_runtime_Error_Module__diagsEnabled__C                          
0000cba2  xdc_runtime_Error_Module__diagsIncluded__C                         
0000cba6  xdc_runtime_Error_Module__diagsMask__C                             
0000cbaa  xdc_runtime_Error_Module__loggerFxn8__C                            
0000cbae  xdc_runtime_Error_Module__loggerObj__C                             
0000cbb2  xdc_runtime_Error_policyFxn__C                                     
0000cbb6  xdc_runtime_Error_raiseHook__C                                     
0000cbba  xdc_runtime_HeapStd_A_align__C                                     
0000cbbe  xdc_runtime_HeapStd_A_invalidTotalFreeSize__C                      
0000cbc2  xdc_runtime_HeapStd_A_zeroSize__C                                  
0000cbc6  xdc_runtime_HeapStd_E_noRTSMemory__C                               
0000cbca  xdc_runtime_HeapStd_Module__diagsEnabled__C                        
0000cbce  xdc_runtime_HeapStd_Module__diagsIncluded__C                       
0000cbd2  xdc_runtime_HeapStd_Module__diagsMask__C                           
0000cbd6  xdc_runtime_IFilterLogger_Interface__BASE__C                       
0000cbda  xdc_runtime_IGateProvider_Interface__BASE__C                       
0000cbde  xdc_runtime_IHeap_Interface__BASE__C                               
0000cbe2  xdc_runtime_ILogger_Interface__BASE__C                             
0000cbe6  xdc_runtime_IModule_Interface__BASE__C                             
0000cbea  xdc_runtime_Log_L_error__C                                         
0000cbee  xdc_runtime_Log_L_info__C                                          
0000cbf2  xdc_runtime_Main_Module__diagsEnabled__C                           
0000cbf6  xdc_runtime_Main_Module__diagsIncluded__C                          
0000cbfa  xdc_runtime_Main_Module__diagsMask__C                              
0000cbfe  xdc_runtime_Main_Module__loggerFxn4__C                             
0000cc02  xdc_runtime_Main_Module__loggerObj__C                              
0000cc06  xdc_runtime_Memory_defaultHeapInstance__C                          
0000cc0a  xdc_runtime_Startup_execImpl__C                                    
0000cc0e  xdc_runtime_Startup_sfxnRts__C                                     
0000cc12  xdc_runtime_Startup_sfxnTab__C                                     
0000cc16  xdc_runtime_SysMin_outputFunc__C                                   
0000cc1a  xdc_runtime_System_Module__gateObj__C                              
0000cc1e  xdc_runtime_System_abortFxn__C                                     
0000cc22  xdc_runtime_System_exitFxn__C                                      
0000cc26  xdc_runtime_System_extendFxn__C                                    
0000cc2a  xdc_runtime_Text_charTab__C                                        
0000cc2e  xdc_runtime_Text_nameEmpty__C                                      
0000cc32  xdc_runtime_Text_nameStatic__C                                     
0000cc36  xdc_runtime_Text_nameUnknown__C                                    
0000cc3a  xdc_runtime_Text_nodeTab__C                                        
0000cc3e  xdc_runtime_Text_visitRopeFxn__C                                   
0000cc42  ti_sysbios_family_msp430_Hwi_Object__count__C                      
0000cc44  ti_sysbios_family_msp430_Timer_numTimerDevices__C                  
0000cc46  ti_sysbios_family_msp430_Timer_startupNeeded__C                    
0000cc48  ti_sysbios_family_msp430_TimestampProvider_Module__id__C           
0000cc4a  ti_sysbios_family_msp430_TimestampProvider_useClockTimer__C        
0000cc4c  ti_sysbios_gates_GateMutex_Instance_State_sem__O                   
0000cc4e  ti_sysbios_gates_GateMutex_Module__id__C                           
0000cc50  ti_sysbios_hal_Hwi_Module__id__C                                   
0000cc52  ti_sysbios_heaps_HeapMem_Object__count__C                          
0000cc54  ti_sysbios_knl_Clock_Module_State_clockQ__O                        
0000cc56  ti_sysbios_knl_Clock_Module__id__C                                 
0000cc58  ti_sysbios_knl_Clock_Module__loggerDefined__C                      
0000cc5a  ti_sysbios_knl_Semaphore_Instance_State_pendQ__O                   
0000cc5c  ti_sysbios_knl_Semaphore_Module__id__C                             
0000cc5e  ti_sysbios_knl_Semaphore_Module__loggerDefined__C                  
0000cc60  ti_sysbios_knl_Swi_Module__id__C                                   
0000cc62  ti_sysbios_knl_Swi_Module__loggerDefined__C                        
0000cc64  ti_sysbios_knl_Swi_Object__count__C                                
0000cc66  ti_sysbios_knl_Task_Module_State_inactiveQ__O                      
0000cc68  ti_sysbios_knl_Task_Module__id__C                                  
0000cc6a  ti_sysbios_knl_Task_Module__loggerDefined__C                       
0000cc6c  ti_sysbios_knl_Task_Object__count__C                               
0000cc6e  ti_sysbios_knl_Task_initStackFlag__C                               
0000cc70  ti_sysbios_knl_Task_numConstructedTasks__C                         
0000cc72  ti_sysbios_utils_Load_Module__id__C                                
0000cc74  ti_sysbios_utils_Load_Module__loggerDefined__C                     
0000cc76  ti_sysbios_utils_Load_hwiEnabled__C                                
0000cc78  ti_sysbios_utils_Load_updateInIdle__C                              
0000cc7a  ti_sysbios_utils_Load_windowInMs__C                                
0000cc7c  ti_uia_loggers_LoggerStopMode_Module__id__C                        
0000cc7e  ti_uia_loggers_LoggerStopMode_Object__count__C                     
0000cc80  ti_uia_loggers_LoggerStopMode_isTimestampEnabled__C                
0000cc82  xdc_runtime_Core_Module__id__C                                     
0000cc84  xdc_runtime_Error_Module__loggerDefined__C                         
0000cc86  xdc_runtime_Error_maxDepth__C                                      
0000cc88  xdc_runtime_Error_policy__C                                        
0000cc8a  xdc_runtime_HeapStd_Module__id__C                                  
0000cc8c  xdc_runtime_Main_Module__id__C                                     
0000cc8e  xdc_runtime_Main_Module__loggerDefined__C                          
0000cc90  xdc_runtime_Memory_Module__id__C                                   
0000cc92  xdc_runtime_Startup_maxPasses__C                                   
0000cc94  xdc_runtime_SysMin_bufSize__C                                      
0000cc96  xdc_runtime_SysMin_flushAtExit__C                                  
0000cc98  xdc_runtime_System_maxAtexitHandlers__C                            
0000cc9a  xdc_runtime_Text_charCnt__C                                        
0000cc9c  xdc_runtime_Text_isLoaded__C                                       
0000cc9e  xdc_runtime_Text_registryModsLastId__C                             
0000cca0  xdc_runtime_Text_unnamedModsLastId__C                              
0000cfee  __TI_Handler_Table_Base                                            
0000cffa  __TI_Handler_Table_Limit                                           
0000d006  __TI_CINIT_Base                                                    
0000d01e  __TI_CINIT_Limit                                                   
0000ffd2  __TI_int41                                                         
0000ffd4  __TI_int42                                                         
0000ffd6  __TI_int43                                                         
0000ffd8  __TI_int44                                                         
0000ffda  __TI_int45                                                         
0000ffdc  __TI_int46                                                         
0000ffde  __TI_int47                                                         
0000ffe0  __TI_int48                                                         
0000ffe2  __TI_int49                                                         
0000ffe4  __TI_int50                                                         
0000ffe6  __TI_int51                                                         
0000ffe8  __TI_int52                                                         
0000ffea  __TI_int53                                                         
0000ffec  __TI_int54                                                         
0000ffee  __TI_int55                                                         
0000fff0  __TI_int56                                                         
0000fff2  __TI_int57                                                         
0000fff4  __TI_int58                                                         
0000fff6  __TI_int59                                                         
0000fff8  __TI_int60                                                         
0000fffa  __TI_int61                                                         
0000fffc  __TI_int62                                                         
0000fffe  _reset_vector                                                      
ffffffff  __binit__                                                          
ffffffff  __c_args__                                                         
ffffffff  binit                                                              
UNDEFED   __TI_INITARRAY_Base                                                
UNDEFED   __TI_INITARRAY_Limit                                               

[1410 symbols]
