******************************************************************************
                  MSP430 Linker PC v4.4.4                      
******************************************************************************
>> Linked Wed Jul 08 06:52:58 2015

OUTPUT FILE NAME:   <exam_ec_clk.out>
ENTRY POINT SYMBOL: "_c_int00"  address: 00004400


MEMORY CONFIGURATION

         name            origin    length      used     unused   attr    fill
----------------------  --------  ---------  --------  --------  ----  --------
  SFR                   00000000   00000010  00000000  00000010  RWIX
  PERIPHERALS_8BIT      00000010   000000f0  00000000  000000f0  RWIX
  PERIPHERALS_16BIT     00000100   00000100  00000000  00000100  RWIX
  INFOD                 00001800   00000080  00000000  00000080  RWIX
  INFOC                 00001880   00000080  00000000  00000080  RWIX
  INFOB                 00001900   00000080  00000000  00000080  RWIX
  INFOA                 00001980   00000080  00000000  00000080  RWIX
  USBRAM                00001c00   00000800  00000000  00000800  RWIX
  RAM                   00002400   00002000  00001abe  00000542  RWIX
  FLASH                 00004400   0000bb80  00008fce  00002bb2  RWIX
  INT00                 0000ff80   00000002  00000000  00000002  RWIX
  INT01                 0000ff82   00000002  00000000  00000002  RWIX
  INT02                 0000ff84   00000002  00000000  00000002  RWIX
  INT03                 0000ff86   00000002  00000000  00000002  RWIX
  INT04                 0000ff88   00000002  00000000  00000002  RWIX
  INT05                 0000ff8a   00000002  00000000  00000002  RWIX
  INT06                 0000ff8c   00000002  00000000  00000002  RWIX
  INT07                 0000ff8e   00000002  00000000  00000002  RWIX
  INT08                 0000ff90   00000002  00000000  00000002  RWIX
  INT09                 0000ff92   00000002  00000000  00000002  RWIX
  INT10                 0000ff94   00000002  00000000  00000002  RWIX
  INT11                 0000ff96   00000002  00000000  00000002  RWIX
  INT12                 0000ff98   00000002  00000000  00000002  RWIX
  INT13                 0000ff9a   00000002  00000000  00000002  RWIX
  INT14                 0000ff9c   00000002  00000000  00000002  RWIX
  INT15                 0000ff9e   00000002  00000000  00000002  RWIX
  INT16                 0000ffa0   00000002  00000000  00000002  RWIX
  INT17                 0000ffa2   00000002  00000000  00000002  RWIX
  INT18                 0000ffa4   00000002  00000000  00000002  RWIX
  INT19                 0000ffa6   00000002  00000000  00000002  RWIX
  INT20                 0000ffa8   00000002  00000000  00000002  RWIX
  INT21                 0000ffaa   00000002  00000000  00000002  RWIX
  INT22                 0000ffac   00000002  00000000  00000002  RWIX
  INT23                 0000ffae   00000002  00000000  00000002  RWIX
  INT24                 0000ffb0   00000002  00000000  00000002  RWIX
  INT25                 0000ffb2   00000002  00000000  00000002  RWIX
  INT26                 0000ffb4   00000002  00000000  00000002  RWIX
  INT27                 0000ffb6   00000002  00000000  00000002  RWIX
  INT28                 0000ffb8   00000002  00000000  00000002  RWIX
  INT29                 0000ffba   00000002  00000000  00000002  RWIX
  INT30                 0000ffbc   00000002  00000000  00000002  RWIX
  INT31                 0000ffbe   00000002  00000000  00000002  RWIX
  INT32                 0000ffc0   00000002  00000000  00000002  RWIX
  INT33                 0000ffc2   00000002  00000000  00000002  RWIX
  INT34                 0000ffc4   00000002  00000000  00000002  RWIX
  INT35                 0000ffc6   00000002  00000000  00000002  RWIX
  INT36                 0000ffc8   00000002  00000000  00000002  RWIX
  INT37                 0000ffca   00000002  00000000  00000002  RWIX
  INT38                 0000ffcc   00000002  00000000  00000002  RWIX
  INT39                 0000ffce   00000002  00000000  00000002  RWIX
  INT40                 0000ffd0   00000002  00000000  00000002  RWIX
  INT41                 0000ffd2   00000002  00000002  00000000  RWIX
  INT42                 0000ffd4   00000002  00000002  00000000  RWIX
  INT43                 0000ffd6   00000002  00000002  00000000  RWIX
  INT44                 0000ffd8   00000002  00000002  00000000  RWIX
  INT45                 0000ffda   00000002  00000002  00000000  RWIX
  INT46                 0000ffdc   00000002  00000002  00000000  RWIX
  INT47                 0000ffde   00000002  00000002  00000000  RWIX
  INT48                 0000ffe0   00000002  00000002  00000000  RWIX
  INT49                 0000ffe2   00000002  00000002  00000000  RWIX
  INT50                 0000ffe4   00000002  00000002  00000000  RWIX
  INT51                 0000ffe6   00000002  00000002  00000000  RWIX
  INT52                 0000ffe8   00000002  00000002  00000000  RWIX
  INT53                 0000ffea   00000002  00000002  00000000  RWIX
  INT54                 0000ffec   00000002  00000002  00000000  RWIX
  INT55                 0000ffee   00000002  00000002  00000000  RWIX
  INT56                 0000fff0   00000002  00000002  00000000  RWIX
  INT57                 0000fff2   00000002  00000002  00000000  RWIX
  INT58                 0000fff4   00000002  00000002  00000000  RWIX
  INT59                 0000fff6   00000002  00000002  00000000  RWIX
  INT60                 0000fff8   00000002  00000002  00000000  RWIX
  INT61                 0000fffa   00000002  00000002  00000000  RWIX
  INT62                 0000fffc   00000002  00000002  00000000  RWIX
  RESET                 0000fffe   00000002  00000002  00000000  RWIX
  FLASH2                00010000   00014400  00000000  00014400  RWIX


SECTION ALLOCATION MAP

 output                                  attributes/
section   page    origin      length       input sections
--------  ----  ----------  ----------   ----------------
xdc.meta   0    00000000    00000120     COPY SECTION
                  00000000    00000120     app_pe430X.oe430X (xdc.meta)

.bss       0    00002400    00000fa4     UNINITIALIZED
                  00002400    00000800     (.common:ti_uia_loggers_LoggerStopMode_Instance_State_2_packetArray__A)
                  00002c00    00000200     app_pe430X.oe430X (.bss:taskStackSection)
                  00002e00    00000200     (.common:ti_uia_loggers_LoggerStopMode_Instance_State_0_packetArray__A)
                  00003000    00000200     (.common:ti_uia_loggers_LoggerStopMode_Instance_State_1_packetArray__A)
                  00003200    00000080     (.common:xdc_runtime_SysMin_Module_State_0_outbuf__A)
                  00003280    00000024     (.common:ti_uia_loggers_LoggerStopMode_Instance_State_0_hdr__A)
                  000032a4    00000008     (.common:parmbuf)
                  000032ac    00000004     (.common:_cleanup_ptr)
                  000032b0    00000004     (.common:_dtors_ptr)
                  000032b4    0000004c     --HOLE--
                  00003300    00000024     (.common:ti_uia_loggers_LoggerStopMode_Instance_State_1_hdr__A)
                  00003324    0000005c     --HOLE--
                  00003380    00000024     (.common:ti_uia_loggers_LoggerStopMode_Instance_State_2_hdr__A)

.data      0    000033a4    000005fa     UNINITIALIZED
                  000033a4    000001fc     app_pe430X.oe430X (.data)
                  000035a0    00000098     app_pe430X.oe430X (.data:ti_sysbios_knl_Swi_Object__table__V)
                  00003638    0000008a     app_pe430X.oe430X (.data:ti_uia_loggers_LoggerStopMode_Object__table__V)
                  000036c2    00000080     app_pe430X.oe430X (.data:ti_sysbios_knl_Swi_Module_State_0_readyQ__A)
                  00003742    00000080     app_pe430X.oe430X (.data:ti_sysbios_knl_Task_Module_State_0_readyQ__A)
                  000037c2    0000006c     app_pe430X.oe430X (.data:ti_sysbios_family_msp430_Timer_Object__table__V)
                  0000382e    0000005a     app_pe430X.oe430X (.data:ti_sysbios_knl_Clock_Object__table__V)
                  00003888    0000003e     app_pe430X.oe430X (.data:ti_sysbios_knl_Task_Object__table__V)
                  000038c6    00000034     app_pe430X.oe430X (.data:ti_sysbios_gates_GateMutex_Object__table__V)
                  000038fa    00000020     app_pe430X.oe430X (.data:xdc_runtime_System_Module_State_0_atexitHandlers__A)
                  0000391a    0000001c     app_pe430X.oe430X (.data:ti_sysbios_family_msp430_Hwi_Object__table__V)
                  00003936    00000018     app_pe430X.oe430X (.data:ti_sysbios_family_msp430_Timer_Module_State_0_device__A)
                  0000394e    00000010     app_pe430X.oe430X (.data:ti_sysbios_family_msp430_Timer_Module_State_0_handles__A)
                  0000395e    0000000c     myClocks.obj (.data)
                  0000396a    0000000c     app_pe430X.oe430X (.data:xdc_runtime_HeapStd_Object__table__V)
                  00003976    00000008     ccs-MSP430F5529.lib : ucs.obj (.data)
                  0000397e    00000006     ti.uia.runtime.ae430X : QueueDescriptor.oe430X (.data)
                  00003984    00000004     rts430x_lc_rd_eabi.lib : _lock.obj (.data:_lock)
                  00003988    00000004                            : _lock.obj (.data:_unlock)
                  0000398c    00000004     app_pe430X.oe430X (.data:ti_sysbios_gates_GateHwi_Object__table__V)
                  00003990    00000004     app_pe430X.oe430X (.data:ti_sysbios_knl_Task_Module_State_0_idleTask__A)
                  00003994    00000004     app_pe430X.oe430X (.data:ti_sysbios_utils_Load_Module_State_0_runningTask__A)
                  00003998    00000004     app_pe430X.oe430X (.data:ti_sysbios_utils_Load_Module_State_0_taskStartTime__A)
                  0000399c    00000002     main.obj (.data)

.cio       0    0000399e    00000120     UNINITIALIZED
                  0000399e    00000120     rts430x_lc_rd_eabi.lib : trgmsg.obj (.cio)

.stack     0    00004000    00000400     UNINITIALIZED
                  00004000    00000004     boot.ae430X : boot.oe430X (.stack)
                  00004004    000003fc     --HOLE--

.text:_isr 
*          0    00004400    00000078     
                  00004400    00000024     boot.ae430X : boot.oe430X (.text:_isr:_c_int00)
                  00004424    00000020     sysbios.ae430X : BIOS.obj (.text:_isr:ti_sysbios_family_msp430_Hwi49)
                  00004444    0000000c                    : BIOS.obj (.text:_isr:ti_sysbios_family_msp430_Hwi53)
                  00004450    00000002                    : BIOS.obj (.text:_isr:ti_sysbios_family_msp430_Hwi41)
                  00004452    00000002                    : BIOS.obj (.text:_isr:ti_sysbios_family_msp430_Hwi42)
                  00004454    00000002                    : BIOS.obj (.text:_isr:ti_sysbios_family_msp430_Hwi43)
                  00004456    00000002                    : BIOS.obj (.text:_isr:ti_sysbios_family_msp430_Hwi44)
                  00004458    00000002                    : BIOS.obj (.text:_isr:ti_sysbios_family_msp430_Hwi45)
                  0000445a    00000002                    : BIOS.obj (.text:_isr:ti_sysbios_family_msp430_Hwi46)
                  0000445c    00000002                    : BIOS.obj (.text:_isr:ti_sysbios_family_msp430_Hwi47)
                  0000445e    00000002                    : BIOS.obj (.text:_isr:ti_sysbios_family_msp430_Hwi48)
                  00004460    00000002                    : BIOS.obj (.text:_isr:ti_sysbios_family_msp430_Hwi50)
                  00004462    00000002                    : BIOS.obj (.text:_isr:ti_sysbios_family_msp430_Hwi51)
                  00004464    00000002                    : BIOS.obj (.text:_isr:ti_sysbios_family_msp430_Hwi52)
                  00004466    00000002                    : BIOS.obj (.text:_isr:ti_sysbios_family_msp430_Hwi54)
                  00004468    00000002                    : BIOS.obj (.text:_isr:ti_sysbios_family_msp430_Hwi55)
                  0000446a    00000002                    : BIOS.obj (.text:_isr:ti_sysbios_family_msp430_Hwi56)
                  0000446c    00000002                    : BIOS.obj (.text:_isr:ti_sysbios_family_msp430_Hwi57)
                  0000446e    00000002                    : BIOS.obj (.text:_isr:ti_sysbios_family_msp430_Hwi58)
                  00004470    00000002                    : BIOS.obj (.text:_isr:ti_sysbios_family_msp430_Hwi59)
                  00004472    00000002                    : BIOS.obj (.text:_isr:ti_sysbios_family_msp430_Hwi60)
                  00004474    00000002                    : BIOS.obj (.text:_isr:ti_sysbios_family_msp430_Hwi61)
                  00004476    00000002                    : BIOS.obj (.text:_isr:ti_sysbios_family_msp430_Hwi62)

.const     0    0000ac34    00002378     
                  0000ac34    00001cd8     app_pe430X.oe430X (.const:xdc_runtime_Text_charTab__A)
                  0000c90c    000000e8     app_pe430X.oe430X (.const:xdc_runtime_Text_nodeTab__A)
                  0000c9f4    0000005e     app_pe430X.oe430X (.const:ti_uia_loggers_LoggerStopMode_Module__FXNS__C)
                  0000ca52    00000058     ti.targets.msp430.rts430.ae430X : Error.oe430X (.const:.string)
                  0000caaa    00000046     app_pe430X.oe430X (.const:.string)
                  0000caf0    00000044     ti.targets.msp430.rts430.ae430X : Text.oe430X (.const:.string)
                  0000cb34    0000002a                                     : Startup.oe430X (.const:.string)
                  0000cb5e    00000028     app_pe430X.oe430X (.const:xdc_runtime_Startup_sfxnTab__A)
                  0000cb86    00000026     app_pe430X.oe430X (.const:xdc_runtime_HeapStd_Module__FXNS__C)
                  0000cbac    00000022     app_pe430X.oe430X (.const:ti_sysbios_gates_GateHwi_Module__FXNS__C)
                  0000cbce    00000022     app_pe430X.oe430X (.const:ti_sysbios_gates_GateMutex_Module__FXNS__C)
                  0000cbf0    00000020     sysbios.ae430X : BIOS.obj (.const:IntrinsicsSupport_maxbitTable)
                  0000cc10    00000020     app_pe430X.oe430X (.const:ti_uia_loggers_LoggerStopMode_Object__PARAMS__C)
                  0000cc30    0000001c     app_pe430X.oe430X (.const:ti_sysbios_knl_Semaphore_Object__PARAMS__C)
                  0000cc4c    00000018     app_pe430X.oe430X (.const)
                  0000cc64    00000018     app_pe430X.oe430X (.const:ti_sysbios_gates_GateHwi_Object__DESC__C)
                  0000cc7c    00000018     app_pe430X.oe430X (.const:ti_sysbios_gates_GateMutex_Object__DESC__C)
                  0000cc94    00000018     app_pe430X.oe430X (.const:ti_sysbios_knl_Queue_Object__DESC__C)
                  0000ccac    00000018     app_pe430X.oe430X (.const:ti_sysbios_knl_Semaphore_Object__DESC__C)
                  0000ccc4    00000018     app_pe430X.oe430X (.const:ti_uia_loggers_LoggerStopMode_Object__DESC__C)
                  0000ccdc    00000018     app_pe430X.oe430X (.const:xdc_runtime_HeapStd_Object__DESC__C)
                  0000ccf4    00000018     app_pe430X.oe430X (.const:xdc_runtime_HeapStd_Object__PARAMS__C)
                  0000cd0c    00000014     app_pe430X.oe430X (.const:ti_sysbios_gates_GateHwi_Object__PARAMS__C)
                  0000cd20    00000014     app_pe430X.oe430X (.const:ti_sysbios_gates_GateMutex_Object__PARAMS__C)
                  0000cd34    00000014     app_pe430X.oe430X (.const:ti_sysbios_knl_Queue_Object__PARAMS__C)
                  0000cd48    00000014     app_pe430X.oe430X (.const:xdc_runtime_Startup_sfxnRts__A)
                  0000cd5c    00000011     ti.targets.msp430.rts430.ae430X : System.oe430X (.const:.string:digtohex)
                  0000cd6d    00000001     --HOLE-- [fill = 0]
                  0000cd6e    00000008                                     : System.oe430X (.const:.string)
                  0000cd76    00000008     app_pe430X.oe430X (.const:ti_sysbios_knl_Idle_funcList__A)
                  0000cd7e    00000008     app_pe430X.oe430X (.const:xdc_runtime_Startup_firstFxns__A)
                  0000cd86    00000006     ti.targets.msp430.rts430.ae430X : Assert.oe430X (.const:.string)
                  0000cd8c    00000006     app_pe430X.oe430X (.const:ti_sysbios_family_msp430_Hwi_hooks__C)
                  0000cd92    00000006     app_pe430X.oe430X (.const:ti_sysbios_knl_Idle_funcList__C)
                  0000cd98    00000006     app_pe430X.oe430X (.const:xdc_runtime_Startup_firstFxns__C)
                  0000cd9e    00000006     app_pe430X.oe430X (.const:xdc_runtime_Startup_lastFxns__C)
                  0000cda4    00000004     app_pe430X.oe430X (.const:ti_sysbios_family_msp430_TimestampProvider_Module__diagsEnabled__C)
                  0000cda8    00000004     app_pe430X.oe430X (.const:ti_sysbios_family_msp430_TimestampProvider_Module__diagsIncluded__C)
                  0000cdac    00000004     app_pe430X.oe430X (.const:ti_sysbios_family_msp430_TimestampProvider_Module__diagsMask__C)
                  0000cdb0    00000004     app_pe430X.oe430X (.const:ti_sysbios_gates_GateMutex_A_badContext__C)
                  0000cdb4    00000004     app_pe430X.oe430X (.const:ti_sysbios_gates_GateMutex_Module__diagsEnabled__C)
                  0000cdb8    00000004     app_pe430X.oe430X (.const:ti_sysbios_gates_GateMutex_Module__diagsIncluded__C)
                  0000cdbc    00000004     app_pe430X.oe430X (.const:ti_sysbios_gates_GateMutex_Module__diagsMask__C)
                  0000cdc0    00000004     app_pe430X.oe430X (.const:ti_sysbios_hal_Hwi_E_stackOverflow__C)
                  0000cdc4    00000004     app_pe430X.oe430X (.const:ti_sysbios_knl_Clock_LM_begin__C)
                  0000cdc8    00000004     app_pe430X.oe430X (.const:ti_sysbios_knl_Clock_LM_tick__C)
                  0000cdcc    00000004     app_pe430X.oe430X (.const:ti_sysbios_knl_Clock_LW_delayed__C)
                  0000cdd0    00000004     app_pe430X.oe430X (.const:ti_sysbios_knl_Clock_Module__diagsEnabled__C)
                  0000cdd4    00000004     app_pe430X.oe430X (.const:ti_sysbios_knl_Clock_Module__diagsIncluded__C)
                  0000cdd8    00000004     app_pe430X.oe430X (.const:ti_sysbios_knl_Clock_Module__diagsMask__C)
                  0000cddc    00000004     app_pe430X.oe430X (.const:ti_sysbios_knl_Clock_Module__loggerFxn1__C)
                  0000cde0    00000004     app_pe430X.oe430X (.const:ti_sysbios_knl_Clock_Module__loggerFxn2__C)
                  0000cde4    00000004     app_pe430X.oe430X (.const:ti_sysbios_knl_Clock_Module__loggerObj__C)
                  0000cde8    00000004     app_pe430X.oe430X (.const:ti_sysbios_knl_Semaphore_A_badContext__C)
                  0000cdec    00000004     app_pe430X.oe430X (.const:ti_sysbios_knl_Semaphore_A_noEvents__C)
                  0000cdf0    00000004     app_pe430X.oe430X (.const:ti_sysbios_knl_Semaphore_A_overflow__C)
                  0000cdf4    00000004     app_pe430X.oe430X (.const:ti_sysbios_knl_Semaphore_A_pendTaskDisabled__C)
                  0000cdf8    00000004     app_pe430X.oe430X (.const:ti_sysbios_knl_Semaphore_LM_pend__C)
                  0000cdfc    00000004     app_pe430X.oe430X (.const:ti_sysbios_knl_Semaphore_LM_post__C)
                  0000ce00    00000004     app_pe430X.oe430X (.const:ti_sysbios_knl_Semaphore_Module__diagsEnabled__C)
                  0000ce04    00000004     app_pe430X.oe430X (.const:ti_sysbios_knl_Semaphore_Module__diagsIncluded__C)
                  0000ce08    00000004     app_pe430X.oe430X (.const:ti_sysbios_knl_Semaphore_Module__diagsMask__C)
                  0000ce0c    00000004     app_pe430X.oe430X (.const:ti_sysbios_knl_Semaphore_Module__loggerFxn2__C)
                  0000ce10    00000004     app_pe430X.oe430X (.const:ti_sysbios_knl_Semaphore_Module__loggerFxn4__C)
                  0000ce14    00000004     app_pe430X.oe430X (.const:ti_sysbios_knl_Semaphore_Module__loggerObj__C)
                  0000ce18    00000004     app_pe430X.oe430X (.const:ti_sysbios_knl_Swi_LD_end__C)
                  0000ce1c    00000004     app_pe430X.oe430X (.const:ti_sysbios_knl_Swi_LM_begin__C)
                  0000ce20    00000004     app_pe430X.oe430X (.const:ti_sysbios_knl_Swi_LM_post__C)
                  0000ce24    00000004     app_pe430X.oe430X (.const:ti_sysbios_knl_Swi_Module__diagsEnabled__C)
                  0000ce28    00000004     app_pe430X.oe430X (.const:ti_sysbios_knl_Swi_Module__diagsIncluded__C)
                  0000ce2c    00000004     app_pe430X.oe430X (.const:ti_sysbios_knl_Swi_Module__diagsMask__C)
                  0000ce30    00000004     app_pe430X.oe430X (.const:ti_sysbios_knl_Swi_Module__loggerFxn1__C)
                  0000ce34    00000004     app_pe430X.oe430X (.const:ti_sysbios_knl_Swi_Module__loggerFxn4__C)
                  0000ce38    00000004     app_pe430X.oe430X (.const:ti_sysbios_knl_Swi_Module__loggerObj__C)
                  0000ce3c    00000004     app_pe430X.oe430X (.const:ti_sysbios_knl_Task_E_spOutOfBounds__C)
                  0000ce40    00000004     app_pe430X.oe430X (.const:ti_sysbios_knl_Task_E_stackOverflow__C)
                  0000ce44    00000004     app_pe430X.oe430X (.const:ti_sysbios_knl_Task_LD_block__C)
                  0000ce48    00000004     app_pe430X.oe430X (.const:ti_sysbios_knl_Task_LD_exit__C)
                  0000ce4c    00000004     app_pe430X.oe430X (.const:ti_sysbios_knl_Task_LD_ready__C)
                  0000ce50    00000004     app_pe430X.oe430X (.const:ti_sysbios_knl_Task_LM_switch__C)
                  0000ce54    00000004     app_pe430X.oe430X (.const:ti_sysbios_knl_Task_Module__diagsEnabled__C)
                  0000ce58    00000004     app_pe430X.oe430X (.const:ti_sysbios_knl_Task_Module__diagsIncluded__C)
                  0000ce5c    00000004     app_pe430X.oe430X (.const:ti_sysbios_knl_Task_Module__diagsMask__C)
                  0000ce60    00000004     app_pe430X.oe430X (.const:ti_sysbios_knl_Task_Module__loggerFxn2__C)
                  0000ce64    00000004     app_pe430X.oe430X (.const:ti_sysbios_knl_Task_Module__loggerFxn4__C)
                  0000ce68    00000004     app_pe430X.oe430X (.const:ti_sysbios_knl_Task_Module__loggerObj__C)
                  0000ce6c    00000004     app_pe430X.oe430X (.const:ti_sysbios_knl_Task_allBlockedFunc__C)
                  0000ce70    00000004     app_pe430X.oe430X (.const:ti_sysbios_utils_Load_LS_cpuLoad__C)
                  0000ce74    00000004     app_pe430X.oe430X (.const:ti_sysbios_utils_Load_LS_hwiLoad__C)
                  0000ce78    00000004     app_pe430X.oe430X (.const:ti_sysbios_utils_Load_Module__diagsEnabled__C)
                  0000ce7c    00000004     app_pe430X.oe430X (.const:ti_sysbios_utils_Load_Module__diagsIncluded__C)
                  0000ce80    00000004     app_pe430X.oe430X (.const:ti_sysbios_utils_Load_Module__diagsMask__C)
                  0000ce84    00000004     app_pe430X.oe430X (.const:ti_sysbios_utils_Load_Module__loggerFxn1__C)
                  0000ce88    00000004     app_pe430X.oe430X (.const:ti_sysbios_utils_Load_Module__loggerFxn2__C)
                  0000ce8c    00000004     app_pe430X.oe430X (.const:ti_sysbios_utils_Load_Module__loggerObj__C)
                  0000ce90    00000004     app_pe430X.oe430X (.const:ti_sysbios_utils_Load_postUpdate__C)
                  0000ce94    00000004     app_pe430X.oe430X (.const:ti_uia_loggers_LoggerStopMode_Module__diagsEnabled__C)
                  0000ce98    00000004     app_pe430X.oe430X (.const:ti_uia_loggers_LoggerStopMode_Module__diagsIncluded__C)
                  0000ce9c    00000004     app_pe430X.oe430X (.const:ti_uia_loggers_LoggerStopMode_Module__diagsMask__C)
                  0000cea0    00000004     app_pe430X.oe430X (.const:ti_uia_runtime_ILoggerSnapshot_Interface__BASE__C)
                  0000cea4    00000004     app_pe430X.oe430X (.const:ti_uia_runtime_IUIATransfer_Interface__BASE__C)
                  0000cea8    00000004     app_pe430X.oe430X (.const:xdc_runtime_Assert_E_assertFailed__C)
                  0000ceac    00000004     app_pe430X.oe430X (.const:xdc_runtime_Core_A_initializedParams__C)
                  0000ceb0    00000004     app_pe430X.oe430X (.const:xdc_runtime_Core_Module__diagsEnabled__C)
                  0000ceb4    00000004     app_pe430X.oe430X (.const:xdc_runtime_Core_Module__diagsIncluded__C)
                  0000ceb8    00000004     app_pe430X.oe430X (.const:xdc_runtime_Core_Module__diagsMask__C)
                  0000cebc    00000004     app_pe430X.oe430X (.const:xdc_runtime_Error_E_memory__C)
                  0000cec0    00000004     app_pe430X.oe430X (.const:xdc_runtime_Error_Module__diagsEnabled__C)
                  0000cec4    00000004     app_pe430X.oe430X (.const:xdc_runtime_Error_Module__diagsIncluded__C)
                  0000cec8    00000004     app_pe430X.oe430X (.const:xdc_runtime_Error_Module__diagsMask__C)
                  0000cecc    00000004     app_pe430X.oe430X (.const:xdc_runtime_Error_Module__loggerFxn8__C)
                  0000ced0    00000004     app_pe430X.oe430X (.const:xdc_runtime_Error_Module__loggerObj__C)
                  0000ced4    00000004     app_pe430X.oe430X (.const:xdc_runtime_Error_policyFxn__C)
                  0000ced8    00000004     app_pe430X.oe430X (.const:xdc_runtime_Error_raiseHook__C)
                  0000cedc    00000004     app_pe430X.oe430X (.const:xdc_runtime_HeapStd_A_align__C)
                  0000cee0    00000004     app_pe430X.oe430X (.const:xdc_runtime_HeapStd_A_invalidTotalFreeSize__C)
                  0000cee4    00000004     app_pe430X.oe430X (.const:xdc_runtime_HeapStd_A_zeroSize__C)
                  0000cee8    00000004     app_pe430X.oe430X (.const:xdc_runtime_HeapStd_E_noRTSMemory__C)
                  0000ceec    00000004     app_pe430X.oe430X (.const:xdc_runtime_HeapStd_Module__diagsEnabled__C)
                  0000cef0    00000004     app_pe430X.oe430X (.const:xdc_runtime_HeapStd_Module__diagsIncluded__C)
                  0000cef4    00000004     app_pe430X.oe430X (.const:xdc_runtime_HeapStd_Module__diagsMask__C)
                  0000cef8    00000004     app_pe430X.oe430X (.const:xdc_runtime_IFilterLogger_Interface__BASE__C)
                  0000cefc    00000004     app_pe430X.oe430X (.const:xdc_runtime_IGateProvider_Interface__BASE__C)
                  0000cf00    00000004     app_pe430X.oe430X (.const:xdc_runtime_IHeap_Interface__BASE__C)
                  0000cf04    00000004     app_pe430X.oe430X (.const:xdc_runtime_ILogger_Interface__BASE__C)
                  0000cf08    00000004     app_pe430X.oe430X (.const:xdc_runtime_IModule_Interface__BASE__C)
                  0000cf0c    00000004     app_pe430X.oe430X (.const:xdc_runtime_Log_L_error__C)
                  0000cf10    00000004     app_pe430X.oe430X (.const:xdc_runtime_Memory_defaultHeapInstance__C)
                  0000cf14    00000004     app_pe430X.oe430X (.const:xdc_runtime_Startup_execImpl__C)
                  0000cf18    00000004     app_pe430X.oe430X (.const:xdc_runtime_Startup_lastFxns__A)
                  0000cf1c    00000004     app_pe430X.oe430X (.const:xdc_runtime_Startup_sfxnRts__C)
                  0000cf20    00000004     app_pe430X.oe430X (.const:xdc_runtime_Startup_sfxnTab__C)
                  0000cf24    00000004     app_pe430X.oe430X (.const:xdc_runtime_SysMin_outputFunc__C)
                  0000cf28    00000004     app_pe430X.oe430X (.const:xdc_runtime_System_Module__gateObj__C)
                  0000cf2c    00000004     app_pe430X.oe430X (.const:xdc_runtime_System_abortFxn__C)
                  0000cf30    00000004     app_pe430X.oe430X (.const:xdc_runtime_System_exitFxn__C)
                  0000cf34    00000004     app_pe430X.oe430X (.const:xdc_runtime_System_extendFxn__C)
                  0000cf38    00000004     app_pe430X.oe430X (.const:xdc_runtime_Text_charTab__C)
                  0000cf3c    00000004     app_pe430X.oe430X (.const:xdc_runtime_Text_nameEmpty__C)
                  0000cf40    00000004     app_pe430X.oe430X (.const:xdc_runtime_Text_nameStatic__C)
                  0000cf44    00000004     app_pe430X.oe430X (.const:xdc_runtime_Text_nameUnknown__C)
                  0000cf48    00000004     app_pe430X.oe430X (.const:xdc_runtime_Text_nodeTab__C)
                  0000cf4c    00000004     app_pe430X.oe430X (.const:xdc_runtime_Text_visitRopeFxn__C)
                  0000cf50    00000002     app_pe430X.oe430X (.const:ti_sysbios_family_msp430_Hwi_Object__count__C)
                  0000cf52    00000002     app_pe430X.oe430X (.const:ti_sysbios_family_msp430_Timer_numTimerDevices__C)
                  0000cf54    00000002     app_pe430X.oe430X (.const:ti_sysbios_family_msp430_Timer_startupNeeded__C)
                  0000cf56    00000002     app_pe430X.oe430X (.const:ti_sysbios_family_msp430_TimestampProvider_Module__id__C)
                  0000cf58    00000002     app_pe430X.oe430X (.const:ti_sysbios_family_msp430_TimestampProvider_useClockTimer__C)
                  0000cf5a    00000002     app_pe430X.oe430X (.const:ti_sysbios_gates_GateMutex_Instance_State_sem__O)
                  0000cf5c    00000002     app_pe430X.oe430X (.const:ti_sysbios_gates_GateMutex_Module__id__C)
                  0000cf5e    00000002     app_pe430X.oe430X (.const:ti_sysbios_hal_Hwi_Module__id__C)
                  0000cf60    00000002     app_pe430X.oe430X (.const:ti_sysbios_heaps_HeapMem_Object__count__C)
                  0000cf62    00000002     app_pe430X.oe430X (.const:ti_sysbios_knl_Clock_Module_State_clockQ__O)
                  0000cf64    00000002     app_pe430X.oe430X (.const:ti_sysbios_knl_Clock_Module__id__C)
                  0000cf66    00000002     app_pe430X.oe430X (.const:ti_sysbios_knl_Clock_Module__loggerDefined__C)
                  0000cf68    00000002     app_pe430X.oe430X (.const:ti_sysbios_knl_Semaphore_Instance_State_pendQ__O)
                  0000cf6a    00000002     app_pe430X.oe430X (.const:ti_sysbios_knl_Semaphore_Module__id__C)
                  0000cf6c    00000002     app_pe430X.oe430X (.const:ti_sysbios_knl_Semaphore_Module__loggerDefined__C)
                  0000cf6e    00000002     app_pe430X.oe430X (.const:ti_sysbios_knl_Swi_Module__id__C)
                  0000cf70    00000002     app_pe430X.oe430X (.const:ti_sysbios_knl_Swi_Module__loggerDefined__C)
                  0000cf72    00000002     app_pe430X.oe430X (.const:ti_sysbios_knl_Swi_Object__count__C)
                  0000cf74    00000002     app_pe430X.oe430X (.const:ti_sysbios_knl_Task_Module_State_inactiveQ__O)
                  0000cf76    00000002     app_pe430X.oe430X (.const:ti_sysbios_knl_Task_Module__id__C)
                  0000cf78    00000002     app_pe430X.oe430X (.const:ti_sysbios_knl_Task_Module__loggerDefined__C)
                  0000cf7a    00000002     app_pe430X.oe430X (.const:ti_sysbios_knl_Task_Object__count__C)
                  0000cf7c    00000002     app_pe430X.oe430X (.const:ti_sysbios_knl_Task_initStackFlag__C)
                  0000cf7e    00000002     app_pe430X.oe430X (.const:ti_sysbios_knl_Task_numConstructedTasks__C)
                  0000cf80    00000002     app_pe430X.oe430X (.const:ti_sysbios_utils_Load_Module__id__C)
                  0000cf82    00000002     app_pe430X.oe430X (.const:ti_sysbios_utils_Load_Module__loggerDefined__C)
                  0000cf84    00000002     app_pe430X.oe430X (.const:ti_sysbios_utils_Load_hwiEnabled__C)
                  0000cf86    00000002     app_pe430X.oe430X (.const:ti_sysbios_utils_Load_updateInIdle__C)
                  0000cf88    00000002     app_pe430X.oe430X (.const:ti_sysbios_utils_Load_windowInMs__C)
                  0000cf8a    00000002     app_pe430X.oe430X (.const:ti_uia_loggers_LoggerStopMode_Module__id__C)
                  0000cf8c    00000002     app_pe430X.oe430X (.const:ti_uia_loggers_LoggerStopMode_Object__count__C)
                  0000cf8e    00000002     app_pe430X.oe430X (.const:ti_uia_loggers_LoggerStopMode_isTimestampEnabled__C)
                  0000cf90    00000002     app_pe430X.oe430X (.const:xdc_runtime_Core_Module__id__C)
                  0000cf92    00000002     app_pe430X.oe430X (.const:xdc_runtime_Error_Module__loggerDefined__C)
                  0000cf94    00000002     app_pe430X.oe430X (.const:xdc_runtime_Error_maxDepth__C)
                  0000cf96    00000002     app_pe430X.oe430X (.const:xdc_runtime_Error_policy__C)
                  0000cf98    00000002     app_pe430X.oe430X (.const:xdc_runtime_HeapStd_Module__id__C)
                  0000cf9a    00000002     app_pe430X.oe430X (.const:xdc_runtime_Memory_Module__id__C)
                  0000cf9c    00000002     app_pe430X.oe430X (.const:xdc_runtime_Startup_maxPasses__C)
                  0000cf9e    00000002     app_pe430X.oe430X (.const:xdc_runtime_SysMin_bufSize__C)
                  0000cfa0    00000002     app_pe430X.oe430X (.const:xdc_runtime_SysMin_flushAtExit__C)
                  0000cfa2    00000002     app_pe430X.oe430X (.const:xdc_runtime_System_maxAtexitHandlers__C)
                  0000cfa4    00000002     app_pe430X.oe430X (.const:xdc_runtime_Text_charCnt__C)
                  0000cfa6    00000002     app_pe430X.oe430X (.const:xdc_runtime_Text_isLoaded__C)
                  0000cfa8    00000002     app_pe430X.oe430X (.const:xdc_runtime_Text_registryModsLastId__C)
                  0000cfaa    00000002     app_pe430X.oe430X (.const:xdc_runtime_Text_unnamedModsLastId__C)

.cinit     0    0000cfac    00000422     
                  0000cfac    000003f1     (.cinit..data.load) [load image, compression = rle]
                  0000d39d    00000001     --HOLE-- [fill = 0]
                  0000d39e    0000000c     (__TI_handler_table)
                  0000d3aa    00000006     (.cinit..bss.load) [load image, compression = zero_init]
                  0000d3b0    00000006     (.cinit..cio.load) [load image, compression = zero_init]
                  0000d3b6    00000018     (__TI_cinit_table)

.init_array 
*          0    00004400    00000000     UNINITIALIZED

.TI.noinit 
*          0    00002400    00000000     UNINITIALIZED

.TI.persistent 
*          0    000033a4    00000000     UNINITIALIZED

.text      0    00004478    000067bc     
                  00004478    000004dc     sysbios.ae430X : BIOS.obj (.text:ti_sysbios_knl_Semaphore_pend__E)
                  00004954    000004d6     ti.targets.msp430.rts430.ae430X : System.oe430X (.text:xdc_runtime_System_doPrint__I)
                  00004e2a    00000272                                     : HeapStd.oe430X (.text:xdc_runtime_HeapStd_alloc__E)
                  0000509c    0000025e     app_pe430X.oe430X (.text:ti_uia_loggers_LoggerStopMode_write8__E)
                  000052fa    00000252     app_pe430X.oe430X (.text:ti_uia_loggers_LoggerStopMode_writeMemoryRange__E)
                  0000554c    00000208     sysbios.ae430X : BIOS.obj (.text:ti_sysbios_knl_Semaphore_post__E)
                  00005754    000001ee     app_pe430X.oe430X (.text:ti_uia_loggers_LoggerStopMode_write4__E)
                  00005942    000001c8     ti.targets.msp430.rts430.ae430X : Core-mem.oe430X (.text:xdc_runtime_Core_createObject__I)
                  00005b0a    000001b6     app_pe430X.oe430X (.text:ti_uia_loggers_LoggerStopMode_write2__E)
                  00005cc0    000001b2     sysbios.ae430X : BIOS.obj (.text:ti_sysbios_knl_Swi_run__I)
                  00005e72    0000019c     ti.targets.msp430.rts430.ae430X : HeapStd.oe430X (.text:xdc_runtime_HeapStd_Instance_init__E)
                  0000600e    00000198     sysbios.ae430X : BIOS.obj (.text:ti_sysbios_knl_Clock_workFunc__E)
                  000061a6    00000198     app_pe430X.oe430X (.text:ti_uia_loggers_LoggerStopMode_write1__E)
                  0000633e    0000017e     app_pe430X.oe430X (.text:ti_uia_loggers_LoggerStopMode_write0__E)
                  000064bc    0000016c     ti.targets.msp430.rts430.ae430X : Core-smem.oe430X (.text:xdc_runtime_Core_constructObject__I)
                  00006628    00000164     app_pe430X.oe430X (.text:xdc_runtime_System_printfExtend__I)
                  0000678c    0000015a     sysbios.ae430X : BIOS.obj (.text:ti_sysbios_knl_Task_startCore__E)
                  000068e6    00000158     ti.targets.msp430.rts430.ae430X : Error.oe430X (.text:xdc_runtime_Error_policyDefault__E)
                  00006a3e    00000154     sysbios.ae430X : BIOS.obj (.text:ti_sysbios_knl_Task_schedule__I)
                  00006b92    0000014e                    : BIOS.obj (.text:ti_sysbios_utils_Load_updateLoads__E)
                  00006ce0    00000148                    : BIOS.obj (.text:ti_sysbios_gates_GateMutex_enter__E)
                  00006e28    00000146     ti.targets.msp430.rts430.ae430X : HeapStd.oe430X (.text:xdc_runtime_HeapStd_free__E)
                  00006f6e    00000136     sysbios.ae430X : BIOS.obj (.text:ti_sysbios_knl_Task_checkStacks__E)
                  000070a4    00000132                    : BIOS.obj (.text:ti_sysbios_knl_Semaphore_Instance_init__E)
                  000071d6    00000122                    : BIOS.obj (.text:ti_sysbios_utils_Load_idleFxn__E)
                  000072f8    00000100                    : BIOS.obj (.text:ti_sysbios_knl_Swi_post__E)
                  000073f8    000000f2     ccs-MSP430F5529.lib : ucs.obj (.text:privateUCSSourceClockFromDCO)
                  000074ea    000000f0     sysbios.ae430X : BIOS.obj (.text:ti_sysbios_knl_Task_unblockI__E)
                  000075da    000000ec                    : BIOS.obj (.text:ti_sysbios_knl_Swi_restoreHwi__E)
                  000076c6    000000e2     ccs-MSP430F5529.lib : ucs.obj (.text:UCS_initFLL)
                  000077a8    000000de     sysbios.ae430X : BIOS.obj (.text:ti_sysbios_knl_Task_blockI__E)
                  00007886    000000dc                    : BIOS.obj (.text:ti_sysbios_knl_Swi_runLoop__I)
                  00007962    000000d8     ti.uia.loggers.ae430X : LoggerStopMode.oe430X (.text:ti_uia_loggers_LoggerStopMode_initQueueDescriptor__E)
                  00007a3a    000000d6     ccs-MSP430F5529.lib : ucs.obj (.text:privateUCSComputeCLKFrequency)
                  00007b10    000000d2     sysbios.ae430X : BIOS.obj (.text:ti_sysbios_knl_Task_exit__E)
                  00007be2    000000ce     ccs-MSP430F5529.lib : pmm.obj (.text:PMM_setVCoreUp)
                  00007cb0    000000ce     ti.uia.loggers.ae430X : LoggerStopMode.oe430X (.text:ti_uia_loggers_LoggerStopMode_flush__E)
                  00007d7e    000000bc     ti.targets.msp430.rts430.ae430X : Startup.oe430X (.text:xdc_runtime_Startup_startMods__I)
                  00007e3a    000000b8                                     : Text.oe430X (.text:xdc_runtime_Text_putSite__E)
                  00007ef2    000000b4     sysbios.ae430X : BIOS.obj (.text:ti_sysbios_knl_Swi_schedule__I)
                  00007fa6    000000ac     main.obj (.text:hardware_init)
                  00008052    000000a8     sysbios.ae430X : BIOS.obj (.text:ti_sysbios_knl_Task_postInit__I)
                  000080fa    000000a6                    : BIOS.obj (.text:ti_sysbios_utils_Load_logLoads__I)
                  000081a0    0000009a     myClocks.obj (.text:initClocks)
                  0000823a    0000009a     sysbios.ae430X : BIOS.obj (.text:ti_sysbios_utils_Load_updateThreadContexts__E)
                  000082d4    00000096     ti.targets.msp430.rts430.ae430X : System.oe430X (.text:xdc_runtime_System_formatNum__I)
                  0000836a    00000094     ccs-MSP430F5529.lib : pmm.obj (.text:PMM_setVCoreDown)
                  000083fe    00000094     sysbios.ae430X : BIOS.obj (.text:ti_sysbios_utils_Load_updateCurrentThreadTime__E)
                  00008492    00000092     ti.targets.msp430.rts430.ae430X : Error.oe430X (.text:xdc_runtime_Error_print__E)
                  00008524    00000090     ti.uia.runtime.ae430X : QueueDescriptor.oe430X (.text:ti_uia_runtime_QueueDescriptor_addToList__E)
                  000085b4    0000008e     ccs-MSP430F5529.lib : gpio.obj (.text:GPIO_setAsOutputPin)
                  00008642    0000008a     sysbios.ae430X : BIOS.obj (.text:ti_sysbios_family_msp430_Timer_getExpiredCounts__E)
                  000086cc    0000008a                    : BIOS.obj (.text:ti_sysbios_family_msp430_TimestampProvider_Module_startup__E)
                  00008756    00000088     ccs-MSP430F5529.lib : ucs.obj (.text:UCS_clockSignalInit)
                  000087de    00000088     sysbios.ae430X : BIOS.obj (.text:ti_sysbios_knl_Clock_logTick__E)
                  00008866    00000088                    : BIOS.obj (.text:ti_sysbios_utils_Load_logCPULoad__I)
                  000088ee    00000086     ti.targets.msp430.rts430.ae430X : Text.oe430X (.text:xdc_runtime_Text_putMod__E)
                  00008974    00000084     sysbios.ae430X : BIOS.obj (.text:ti_sysbios_family_msp430_Hwi_Module_startup__E)
                  000089f8    00000082     ti.targets.msp430.rts430.ae430X : Text.oe430X (.text:xdc_runtime_Text_putLab__E)
                  00008a7a    00000080     sysbios.ae430X : BIOS.obj (.text:ti_sysbios_family_msp430_TimestampProvider_get32__E)
                  00008afa    00000080     ti.targets.msp430.rts430.ae430X : Memory.oe430X (.text:xdc_runtime_Memory_alloc__E)
                  00008b7a    0000007a     boot.ae430X : autoinit.oe430X (.text:_auto_init_hold_wdt)
                  00008bf4    0000007a     ti.targets.msp430.rts430.ae430X : Error.oe430X (.text:xdc_runtime_Error_setX__E)
                  00008c6e    00000078     sysbios.ae430X : msp430_TaskSupport_asm.obj (.text:_ti_sysbios_family_msp430_TaskSupport_buildTaskStack)
                  00008ce6    00000076     ti.targets.msp430.rts430.ae430X : Core-mem.oe430X (.text:xdc_runtime_Core_deleteObject__I)
                  00008d5c    00000072     sysbios.ae430X : BIOS.obj (.text:ti_sysbios_family_msp430_Timer_periodicStub__E)
                  00008dce    00000072                    : BIOS.obj (.text:ti_sysbios_heaps_HeapMem_init__I)
                  00008e40    00000070     ccs-MSP430F5529.lib : gpio.obj (.text:GPIO_setOutputLowOnPin)
                  00008eb0    00000070                         : gpio.obj (.text:GPIO_toggleOutputOnPin)
                  00008f20    0000006c     app_pe430X.oe430X (.text:xdc_runtime_HeapStd_Object__create__S)
                  00008f8c    0000006a     rts430x_lc_rd_eabi.lib : trgdrv.obj (.text:HOSTwrite)
                  00008ff6    00000068                            : copy_decompress_rle.obj (.text:__TI_decompress_rle_core)
                  0000905e    00000068     sysbios.ae430X : BIOS.obj (.text:ti_sysbios_family_msp430_TaskSupport_start__E)
                  000090c6    00000068     ti.targets.msp430.rts430.ae430X : Assert.oe430X (.text:xdc_runtime_Assert_raise__I)
                  0000912e    00000066     sysbios.ae430X : BIOS.obj (.text:ti_sysbios_knl_Task_Module_startup__E)
                  00009194    00000064                    : BIOS.obj (.text:ti_sysbios_family_msp430_Hwi_postInit__I)
                  000091f8    00000060     ccs-MSP430F5529.lib : gpio.obj (.text:privateGPIOGetBaseAddress)
                  00009258    00000060     sysbios.ae430X : BIOS.obj (.text:ti_sysbios_family_msp430_Timer_getFreq__E)
                  000092b8    00000060     ti.uia.loggers.ae430X : LoggerStopMode.oe430X (.text:ti_uia_loggers_LoggerStopMode_initBuffer__I)
                  00009318    0000005e     sysbios.ae430X : BIOS.obj (.text:ti_sysbios_family_msp430_Timer_setNextTick__E)
                  00009376    0000005a     ti.targets.msp430.rts430.ae430X : Text.oe430X (.text:xdc_runtime_Text_visitRope2__I)
                  000093d0    00000058     rts430x_lc_rd_eabi.lib : div32u.obj (.text)
                  00009428    00000056     sysbios.ae430X : BIOS.obj (.text:ti_sysbios_family_msp430_Hwi_getStackInfo__E)
                  0000947e    00000056     ti.uia.loggers.ae430X : LoggerStopMode.oe430X (.text:ti_uia_loggers_LoggerStopMode_reset__E)
                  000094d4    00000056     ti.targets.msp430.rts430.ae430X : SysMin.oe430X (.text:xdc_runtime_SysMin_flush__E)
                  0000952a    00000054     sysbios.ae430X : BIOS.obj (.text:ti_sysbios_family_msp430_Timer_start__E)
                  0000957e    00000054                    : BIOS.obj (.text:ti_sysbios_knl_Task_processVitalTaskFlag__I)
                  000095d2    00000052                    : BIOS.obj (.text:ti_sysbios_knl_Swi_restore__E)
                  00009624    00000050                    : BIOS.obj (.text:ti_sysbios_family_msp430_Timer_initDevice__I)
                  00009674    00000050     ti.targets.msp430.rts430.ae430X : Startup.oe430X (.text:xdc_runtime_Startup_exec__E)
                  000096c4    0000004e                                     : Core-params.oe430X (.text:xdc_runtime_Core_assignParams__I)
                  00009712    0000004c     ti.catalog.msp430.init.ae430X : Boot.oe430X (.text:.bootCodeSection:ti_catalog_msp430_init_Boot_configureDCO)
                  0000975e    0000004c     sysbios.ae430X : BIOS.obj (.text:ti_sysbios_knl_Semaphore_pendTimeout__I)
                  000097aa    0000004c     ti.uia.loggers.ae430X : LoggerStopMode.oe430X (.text:ti_uia_loggers_LoggerStopMode_Module_startup__E)
                  000097f6    0000004c     ti.targets.msp430.rts430.ae430X : SysMin.oe430X (.text:xdc_runtime_SysMin_putch__E)
                  00009842    0000004a     ccs-MSP430F5529.lib : pmm.obj (.text:PMM_setVCore)
                  0000988c    0000004a     sysbios.ae430X : BIOS.obj (.text:ti_sysbios_family_msp430_Timer_startup__E)
                  000098d6    0000004a                    : BIOS.obj (.text:ti_sysbios_knl_Task_allBlockedFunction__I)
                  00009920    00000048                    : BIOS.obj (.text:ti_sysbios_hal_Hwi_checkStack)
                  00009968    00000046                    : BIOS.obj (.text:ti_sysbios_family_msp430_Timer_Module_startup__E)
                  000099ae    00000042                    : BIOS.obj (.text:ti_sysbios_family_msp430_Timer_getCount__E)
                  000099f0    00000042     app_pe430X.oe430X (.text:ti_sysbios_gates_GateHwi_Object__create__S)
                  00009a32    00000042     app_pe430X.oe430X (.text:ti_sysbios_gates_GateMutex_Object__create__S)
                  00009a74    00000042     sysbios.ae430X : BIOS.obj (.text:ti_sysbios_knl_Clock_addI__E)
                  00009ab6    00000042                    : BIOS.obj (.text:ti_sysbios_utils_Load_getGlobalHwiLoad__E)
                  00009af8    00000042     app_pe430X.oe430X (.text:ti_uia_loggers_LoggerStopMode_Object__create__S)
                  00009b3a    00000042     ti.targets.msp430.rts430.ae430X : Text.oe430X (.text:xdc_runtime_Text_xprintf__I)
                  00009b7c    00000040     rts430x_lc_rd_eabi.lib : div32s.obj (.text)
                  00009bbc    00000040     ti.targets.msp430.rts430.ae430X : Text.oe430X (.text:xdc_runtime_Text_printVisFxn__I)
                  00009bfc    0000003e     rts430x_lc_rd_eabi.lib : lsl32.obj (.text:l_lsl_const)
                  00009c3a    0000003e                            : lsr32.obj (.text:l_lsr_const)
                  00009c78    0000003e     app_pe430X.oe430X (.text:ti_sysbios_knl_Semaphore_construct)
                  00009cb6    0000003c     sysbios.ae430X : BIOS.obj (.text:ti_sysbios_hal_Hwi_initStack)
                  00009cf2    0000003a     app_pe430X.oe430X (.text:ti_sysbios_knl_Queue_construct)
                  00009d2c    0000003a     ti.targets.msp430.rts430.ae430X : System.oe430X (.text:xdc_runtime_System_atexit__E)
                  00009d66    0000003a                                     : System.oe430X (.text:xdc_runtime_System_processAtExit__E)
                  00009da0    0000003a                                     : System.oe430X (.text:xdc_runtime_System_putchar__I)
                  00009dda    00000038     sysbios.ae430X : BIOS.obj (.text:ti_sysbios_family_msp430_Hwi49_p2)
                  00009e12    00000036     rts430x_lc_rd_eabi.lib : trgmsg.obj (.text:__TI_writemsg)
                  00009e48    00000036     ti.targets.msp430.rts430.ae430X : Error.oe430X (.text:xdc_runtime_Error_raiseX__E)
                  00009e7e    00000032     ccs-MSP430F5529.lib : ucs.obj (.text:UCS_initFLLSettle)
                  00009eb0    00000032     rts430x_lc_rd_eabi.lib : trgmsg.obj (.text:__TI_readmsg)
                  00009ee2    00000032     sysbios.ae430X : BIOS.obj (.text:ti_sysbios_family_msp430_Timer_postInit__I)
                  00009f14    00000032                    : BIOS.obj (.text:ti_sysbios_family_msp430_Timer_stop__E)
                  00009f46    00000032                    : msp430_Hwi_switch_asm.obj (.text:ti_sysbios_family_xxx_Hwi_switchAndRunFunc)
                  00009f78    00000032     ti.targets.msp430.rts430.ae430X : Core-label.oe430X (.text:xdc_runtime_Core_assignLabel__I)
                  00009faa    00000032                                     : System.oe430X (.text:xdc_runtime_System_avprintf__E)
                  00009fdc    00000032                                     : System.oe430X (.text:xdc_runtime_System_vprintf__E)
                  0000a00e    00000030     sysbios.ae430X : BIOS.obj (.text:ti_sysbios_knl_Queue_put__E)
                  0000a03e    00000030                    : BIOS.obj (.text:ti_sysbios_knl_Task_restore__E)
                  0000a06e    00000030     ti.targets.msp430.rts430.ae430X : SysMin.oe430X (.text:xdc_runtime_SysMin_abort__E)
                  0000a09e    0000002e     rts430x_lc_rd_eabi.lib : exit.obj (.text:exit)
                  0000a0cc    0000002c     main.obj (.text:GreenledToggle)
                  0000a0f8    0000002c     rts430x_lc_rd_eabi.lib : div16s.obj (.text)
                  0000a124    0000002c     app_pe430X.oe430X (.text:ti_sysbios_knl_Clock_doTick__I)
                  0000a150    0000002a     app_pe430X.oe430X (.text:ti_sysbios_BIOS_atExitFunc__I)
                  0000a17a    0000002a     app_pe430X.oe430X (.text:ti_sysbios_family_msp430_Hwi_Object__get__S)
                  0000a1a4    0000002a     sysbios.ae430X : BIOS.obj (.text:ti_sysbios_knl_Clock_Module_startup__E)
                  0000a1ce    0000002a     app_pe430X.oe430X (.text:ti_sysbios_knl_Swi_Object__get__S)
                  0000a1f8    0000002a     app_pe430X.oe430X (.text:ti_sysbios_knl_Task_Object__get__S)
                  0000a222    0000002a     app_pe430X.oe430X (.text:ti_uia_loggers_LoggerStopMode_Object__get__S)
                  0000a24c    0000002a     app_pe430X.oe430X (.text:xdc_runtime_SysMin_output__I)
                  0000a276    00000028     app_pe430X.oe430X (.text:ti_sysbios_BIOS_errorRaiseHook__I)
                  0000a29e    00000028     ti.targets.msp430.rts430.ae430X : Text.oe430X (.text:xdc_runtime_Text_cordText__E)
                  0000a2c6    00000026     rts430x_lc_rd_eabi.lib : args_main.obj (.text:_args_main)
                  0000a2ec    00000026     app_pe430X.oe430X (.text:ti_sysbios_gates_GateMutex_Object__delete__S)
                  0000a312    00000026     sysbios.ae430X : BIOS.obj (.text:ti_sysbios_knl_Swi_Module_startup__E)
                  0000a338    00000024     rts430x_lc_rd_eabi.lib : copy_zero_init.obj (.text:decompress:ZI:__TI_zero_init)
                  0000a35c    00000024     app_pe430X.oe430X (.text:ti_sysbios_BIOS_rtsLock__I)
                  0000a380    00000024     app_pe430X.oe430X (.text:ti_sysbios_gates_GateHwi_Object__delete__S)
                  0000a3a4    00000024     ti.uia.loggers.ae430X : LoggerStopMode.oe430X (.text:ti_uia_loggers_LoggerStopMode_Instance_init__E)
                  0000a3c8    00000024     app_pe430X.oe430X (.text:ti_uia_loggers_LoggerStopMode_Object__delete__S)
                  0000a3ec    00000024     app_pe430X.oe430X (.text:xdc_runtime_HeapStd_Object__delete__S)
                  0000a410    00000022     rts430x_lc_rd_eabi.lib : mult32_f5hw.obj (.text)
                  0000a432    00000022     sysbios.ae430X : BIOS.obj (.text:ti_sysbios_gates_GateMutex_Instance_init__E)
                  0000a454    00000022                    : BIOS.obj (.text:ti_sysbios_gates_GateMutex_leave__E)
                  0000a476    00000022                    : BIOS.obj (.text:ti_sysbios_knl_Clock_startI__E)
                  0000a498    00000022                    : BIOS.obj (.text:ti_sysbios_knl_Idle_run__E)
                  0000a4ba    00000022                    : BIOS.obj (.text:ti_sysbios_knl_Task_restoreHwi__E)
                  0000a4dc    00000022                    : BIOS.obj (.text:ti_sysbios_knl_Task_unblock__E)
                  0000a4fe    00000022     ti.uia.loggers.ae430X : LoggerStopMode.oe430X (.text:ti_uia_loggers_LoggerStopMode_disable__E)
                  0000a520    00000022                           : LoggerStopMode.oe430X (.text:ti_uia_loggers_LoggerStopMode_enable__E)
                  0000a542    00000022     ti.targets.msp430.rts430.ae430X : Memory.oe430X (.text:xdc_runtime_Memory_valloc__E)
                  0000a564    00000020                                     : Error.oe430X (.text:xdc_runtime_Error_check__E)
                  0000a584    00000020                                     : HeapStd.oe430X (.text:xdc_runtime_HeapStd_getStats__E)
                  0000a5a4    0000001e     main.obj (.text:GreenledToggleBlk)
                  0000a5c2    0000001e     app_pe430X.oe430X (.text:ti_sysbios_BIOS_rtsUnlock__I)
                  0000a5e0    0000001e     app_pe430X.oe430X (.text:ti_sysbios_family_msp430_Timer_Module__startupDone__F)
                  0000a5fe    0000001e     app_pe430X.oe430X (.text:ti_sysbios_gates_GateHwi_Handle__label__S)
                  0000a61c    0000001e     app_pe430X.oe430X (.text:ti_sysbios_gates_GateMutex_Handle__label__S)
                  0000a63a    0000001e     sysbios.ae430X : BIOS.obj (.text:ti_sysbios_knl_Task_enter__I)
                  0000a658    0000001e     app_pe430X.oe430X (.text:ti_uia_loggers_LoggerStopMode_Handle__label__S)
                  0000a676    0000001e     app_pe430X.oe430X (.text:xdc_runtime_HeapStd_Handle__label__S)
                  0000a694    0000001c     ccs-MSP430F5529.lib : ucs.obj (.text:UCS_getACLK)
                  0000a6b0    0000001c     sysbios.ae430X : msp430_TaskSupport_asm.obj (.text:_ti_sysbios_family_msp430_TaskSupport_swap__E)
                  0000a6cc    0000001c     app_pe430X.oe430X (.text:ti_sysbios_BIOS_startFunc__I)
                  0000a6e8    0000001c     app_pe430X.oe430X (.text:ti_sysbios_family_msp430_Hwi_Module__startupDone__F)
                  0000a704    0000001c     app_pe430X.oe430X (.text:ti_sysbios_heaps_HeapMem_Object__get__S)
                  0000a720    0000001c     ti.targets.msp430.rts430.ae430X : Registry.oe430X (.text:xdc_runtime_Registry_findById__E)
                  0000a73c    0000001c                                     : SysMin.oe430X (.text:xdc_runtime_SysMin_Module_startup__E)
                  0000a758    0000001a     app_pe430X.oe430X (.text:ti_sysbios_BIOS_exitFunc__I)
                  0000a772    0000001a     app_pe430X.oe430X (.text:ti_sysbios_BIOS_registerRTSLock__I)
                  0000a78c    0000001a     app_pe430X.oe430X (.text:ti_sysbios_BIOS_removeRTSLock__I)
                  0000a7a6    0000001a     sysbios.ae430X : BIOS.obj (.text:ti_sysbios_family_msp430_TimestampProvider_get64__E)
                  0000a7c0    0000001a     app_pe430X.oe430X (.text:ti_sysbios_knl_Semaphore_Object__destruct__S)
                  0000a7da    0000001a     ti.uia.loggers.ae430X : LoggerStopMode.oe430X (.text:ti_uia_loggers_LoggerStopMode_isEmpty__E)
                  0000a7f4    0000001a     ti.targets.msp430.rts430.ae430X : System.oe430X (.text:xdc_runtime_System_vsnprintf__E)
                  0000a80e    00000018     main.obj (.text:RedledToggle)
                  0000a826    00000018     ccs-MSP430F5529.lib : ucs.obj (.text:UCS_getSMCLK)
                  0000a83e    00000018     sysbios.ae430X : BIOS.obj (.text:ti_sysbios_BIOS_setThreadType__E)
                  0000a856    00000018     app_pe430X.oe430X (.text:ti_sysbios_knl_Queue_Object__destruct__S)
                  0000a86e    00000016     ccs-MSP430F5529.lib : wdt_a.obj (.text:WDT_A_hold)
                  0000a884    00000016     rts430x_lc_rd_eabi.lib : memset.obj (.text:memset)
                  0000a89a    00000016                            : div16u.obj (.text)
                  0000a8b0    00000016                            : mult16_f5hw.obj (.text)
                  0000a8c6    00000016     sysbios.ae430X : BIOS.obj (.text:ti_sysbios_knl_Task_enabled__E)
                  0000a8dc    00000016     ti.targets.msp430.rts430.ae430X : SysMin.oe430X (.text:xdc_runtime_SysMin_exit__E)
                  0000a8f2    00000016                                     : System.oe430X (.text:xdc_runtime_System_abort__E)
                  0000a908    00000014     ccs-MSP430F5529.lib : ucs.obj (.text:UCS_getMCLK)
                  0000a91c    00000014     rts430x_lc_rd_eabi.lib : memcpy.obj (.text:memcpy)
                  0000a930    00000014     app_pe430X.oe430X (.text:ti_sysbios_knl_Queue_Object__get__S)
                  0000a944    00000014     ti.targets.msp430.rts430.ae430X : Memory.oe430X (.text:xdc_runtime_Memory_calloc__E)
                  0000a958    00000014     app_pe430X.oe430X (.text:xdc_runtime_Startup_exec__I)
                  0000a96c    00000014     ti.targets.msp430.rts430.ae430X : Text.oe430X (.text:xdc_runtime_Text_ropeText__E)
                  0000a980    00000012     ccs-MSP430F5529.lib : ucs.obj (.text:UCS_setExternalClockSource)
                  0000a992    00000012     rts430x_lc_rd_eabi.lib : copy_decompress_none.obj (.text:decompress:none:__TI_decompress_none)
                  0000a9a4    00000012     sysbios.ae430X : BIOS.obj (.text:ti_sysbios_family_msp430_TimestampProvider_startTimer__E)
                  0000a9b6    00000012                    : BIOS.obj (.text:ti_sysbios_gates_GateHwi_leave__E)
                  0000a9c8    00000012                    : BIOS.obj (.text:ti_sysbios_gates_GateMutex_Instance_finalize__E)
                  0000a9da    00000012                    : BIOS.obj (.text:ti_sysbios_knl_Semaphore_Instance_finalize__E)
                  0000a9ec    00000012     app_pe430X.oe430X (.text:xdc_runtime_System_aprintf__E)
                  0000a9fe    00000012     ti.targets.msp430.rts430.ae430X : System.oe430X (.text:xdc_runtime_System_exit__E)
                  0000aa10    00000012     app_pe430X.oe430X (.text:xdc_runtime_System_printf__E)
                  0000aa22    00000010     sysbios.ae430X : msp430_TaskSupport_asm.obj (.text:_ti_sysbios_family_msp430_TaskSupport_glue)
                  0000aa32    00000010                    : BIOS.obj (.text:ti_sysbios_family_msp430_TaskSupport_checkStack__E)
                  0000aa42    00000010                    : BIOS.obj (.text:ti_sysbios_hal_Hwi_Module_startup__E)
                  0000aa52    00000010     ti.targets.msp430.rts430.ae430X : Error.oe430X (.text:xdc_runtime_Error_init__E)
                  0000aa62    00000010     app_pe430X.oe430X (.text:xdc_runtime_Text_visitRope__I)
                  0000aa72    0000000e     rts430x_lc_rd_eabi.lib : strlen.obj (.text:strlen)
                  0000aa80    0000000e     sysbios.ae430X : BIOS.obj (.text:ti_sysbios_family_msp430_Timer_getMaxTicks__E)
                  0000aa8e    0000000e                    : BIOS.obj (.text:ti_sysbios_family_msp430_TimestampProvider_rolloverFunc__E)
                  0000aa9c    0000000e                    : BIOS.obj (.text:ti_sysbios_knl_Queue_empty__E)
                  0000aaaa    0000000e                    : BIOS.obj (.text:ti_sysbios_knl_Swi_disable__E)
                  0000aab8    0000000e                    : BIOS.obj (.text:ti_sysbios_knl_Task_disable__E)
                  0000aac6    0000000e     ti.targets.msp430.rts430.ae430X : SysMin.oe430X (.text:xdc_runtime_SysMin_ready__E)
                  0000aad4    0000000c     app_pe430X.oe430X (.text:.bootCodeSection:ti_catalog_msp430_init_Boot_init)
                  0000aae0    0000000c     ti.targets.msp430.rts430.ae430X : Gate.oe430X (.text:xdc_runtime_Gate_leaveSystem__E)
                  0000aaec    0000000c                                     : Memory.oe430X (.text:xdc_runtime_Memory_free__E)
                  0000aaf8    0000000a     main.obj (.text:GreenledToggleBlk_ISR)
                  0000ab02    0000000a     main.obj (.text:GreenledToggle_ISR)
                  0000ab0c    0000000a     main.obj (.text:RedledToggle_ISR)
                  0000ab16    0000000a     main.obj (.text:main)
                  0000ab20    0000000a     rts430x_lc_rd_eabi.lib : lsl16.obj (.text)
                  0000ab2a    0000000a     sysbios.ae430X : BIOS.obj (.text:ti_sysbios_BIOS_start__E)
                  0000ab34    0000000a                    : BIOS.obj (.text:ti_sysbios_family_msp430_Hwi_startup__E)
                  0000ab3e    0000000a                    : BIOS.obj (.text:ti_sysbios_family_msp430_TimestampProvider_getFreq__E)
                  0000ab48    0000000a                    : BIOS.obj (.text:ti_sysbios_gates_GateHwi_enter__E)
                  0000ab52    0000000a                    : BIOS.obj (.text:ti_sysbios_knl_Queue_Instance_init__E)
                  0000ab5c    00000008     ti.catalog.msp430.init.ae430X : Boot.oe430X (.text:.bootCodeSection:ti_catalog_msp430_init_Boot_disableWatchdog)
                  0000ab64    00000008     ti.targets.msp430.rts430.ae430X : xdc_init.oe430X (.text:__xdc__init)
                  0000ab6c    00000008     sysbios.ae430X : BIOS.obj (.text:ti_sysbios_family_msp430_Hwi_switchFromBootStack__E)
                  0000ab74    00000008                    : BIOS.obj (.text:ti_sysbios_family_msp430_Timer_getPeriod__E)
                  0000ab7c    00000008     ti.targets.msp430.rts430.ae430X : Gate.oe430X (.text:xdc_runtime_Gate_enterSystem__E)
                  0000ab84    00000008     app_pe430X.oe430X (.text:xdc_runtime_IHeap_alloc)
                  0000ab8c    00000008     app_pe430X.oe430X (.text:xdc_runtime_IHeap_free)
                  0000ab94    00000008     ti.targets.msp430.rts430.ae430X : Memory.oe430X (.text:xdc_runtime_Memory_getMaxDefaultTypeAlign__E)
                  0000ab9c    00000006     rts430x_lc_rd_eabi.lib : _lock.obj (.text:_register_lock)
                  0000aba2    00000006                            : _lock.obj (.text:_register_unlock)
                  0000aba8    00000006                            : copy_decompress_rle.obj (.text:decompress:rle24:__TI_decompress_rle24)
                  0000abae    00000006     sysbios.ae430X : BIOS.obj (.text:ti_sysbios_knl_Idle_loop__E)
                  0000abb4    00000006                    : BIOS.obj (.text:ti_sysbios_knl_Swi_startup__E)
                  0000abba    00000006     ti.uia.loggers.ae430X : LoggerStopMode.oe430X (.text:ti_uia_loggers_LoggerStopMode_getInstanceId__E)
                  0000abc0    00000006                           : LoggerStopMode.oe430X (.text:ti_uia_loggers_LoggerStopMode_getMaxLength__E)
                  0000abc6    00000006     ti.targets.msp430.rts430.ae430X : Error.oe430X (.text:xdc_runtime_Error_getSite__E)
                  0000abcc    00000004     boot.ae430X : pre_init.oe430X (.text:_system_pre_init)
                  0000abd0    00000004     rts430x_lc_rd_eabi.lib : exit.obj (.text:abort)
                  0000abd4    00000004     app_pe430X.oe430X (.text:malloc)
                  0000abd8    00000004     app_pe430X.oe430X (.text:ti_sysbios_BIOS_RtsGateProxy_enter__E)
                  0000abdc    00000004     app_pe430X.oe430X (.text:ti_sysbios_BIOS_RtsGateProxy_leave__E)
                  0000abe0    00000004     app_pe430X.oe430X (.text:ti_sysbios_family_msp430_TaskSupport_Module__startupDone__S)
                  0000abe4    00000004     sysbios.ae430X : BIOS.obj (.text:ti_sysbios_gates_GateHwi_query__E)
                  0000abe8    00000004                    : BIOS.obj (.text:ti_sysbios_gates_GateMutex_query__E)
                  0000abec    00000004     app_pe430X.oe430X (.text:ti_sysbios_knl_Clock_TimerProxy_getMaxTicks__E)
                  0000abf0    00000004     app_pe430X.oe430X (.text:ti_sysbios_knl_Clock_TimerProxy_getPeriod__E)
                  0000abf4    00000004     app_pe430X.oe430X (.text:ti_sysbios_knl_Queue_destruct)
                  0000abf8    00000004     app_pe430X.oe430X (.text:ti_sysbios_knl_Semaphore_destruct)
                  0000abfc    00000004     sysbios.ae430X : BIOS.obj (.text:ti_sysbios_knl_Task_startup__E)
                  0000ac00    00000004     ti.uia.loggers.ae430X : LoggerStopMode.oe430X (.text:ti_uia_loggers_LoggerStopMode_getContents__E)
                  0000ac04    00000004     app_pe430X.oe430X (.text:ti_uia_loggers_LoggerStopMode_getFilterLevel__E)
                  0000ac08    00000004     ti.uia.loggers.ae430X : LoggerStopMode.oe430X (.text:ti_uia_loggers_LoggerStopMode_getPriority__E)
                  0000ac0c    00000004                           : LoggerStopMode.oe430X (.text:ti_uia_loggers_LoggerStopMode_getTransferType__E)
                  0000ac10    00000004     ti.targets.msp430.rts430.ae430X : HeapStd.oe430X (.text:xdc_runtime_HeapStd_isBlocking__E)
                  0000ac14    00000004     app_pe430X.oe430X (.text:xdc_runtime_System_Module_GateProxy_enter__E)
                  0000ac18    00000004     app_pe430X.oe430X (.text:xdc_runtime_System_Module_GateProxy_leave__E)
                  0000ac1c    00000004     ti.targets.msp430.rts430.ae430X : System.oe430X (.text:xdc_runtime_System_Module_startup__E)
                  0000ac20    00000004                                     : System.oe430X (.text:xdc_runtime_System_aprintf_va__F)
                  0000ac24    00000004                                     : System.oe430X (.text:xdc_runtime_System_printf_va__F)
                  0000ac28    00000002     rts430x_lc_rd_eabi.lib : _lock.obj (.text:_nop)
                  0000ac2a    00000002     app_pe430X.oe430X (.text:free)
                  0000ac2c    00000002     app_pe430X.oe430X (.text:ti_sysbios_BIOS_nullFunc__I)
                  0000ac2e    00000002     sysbios.ae430X : BIOS.obj (.text:ti_sysbios_gates_GateHwi_Instance_init__E)
                  0000ac30    00000002     app_pe430X.oe430X (.text:ti_uia_loggers_LoggerStopMode_setFilterLevel__E)
                  0000ac32    00000002     ti.uia.loggers.ae430X : LoggerStopMode.oe430X (.text:ti_uia_loggers_LoggerStopMode_setPriority__E)

RTC        0    0000ffd2    00000002     
                  0000ffd2    00000002     sysbios.ae430X : BIOS.obj (.int41)

PORT2      0    0000ffd4    00000002     
                  0000ffd4    00000002     sysbios.ae430X : BIOS.obj (.int42)

TIMER2_A1 
*          0    0000ffd6    00000002     
                  0000ffd6    00000002     sysbios.ae430X : BIOS.obj (.int43)

TIMER2_A0 
*          0    0000ffd8    00000002     
                  0000ffd8    00000002     sysbios.ae430X : BIOS.obj (.int44)

USCI_B1    0    0000ffda    00000002     
                  0000ffda    00000002     sysbios.ae430X : BIOS.obj (.int45)

USCI_A1    0    0000ffdc    00000002     
                  0000ffdc    00000002     sysbios.ae430X : BIOS.obj (.int46)

PORT1      0    0000ffde    00000002     
                  0000ffde    00000002     sysbios.ae430X : BIOS.obj (.int47)

TIMER1_A1 
*          0    0000ffe0    00000002     
                  0000ffe0    00000002     sysbios.ae430X : BIOS.obj (.int48)

TIMER1_A0 
*          0    0000ffe2    00000002     
                  0000ffe2    00000002     sysbios.ae430X : BIOS.obj (.int49)

DMA        0    0000ffe4    00000002     
                  0000ffe4    00000002     sysbios.ae430X : BIOS.obj (.int50)

USB_UBM    0    0000ffe6    00000002     
                  0000ffe6    00000002     sysbios.ae430X : BIOS.obj (.int51)

TIMER0_A1 
*          0    0000ffe8    00000002     
                  0000ffe8    00000002     sysbios.ae430X : BIOS.obj (.int52)

TIMER0_A0 
*          0    0000ffea    00000002     
                  0000ffea    00000002     sysbios.ae430X : BIOS.obj (.int53)

ADC12      0    0000ffec    00000002     
                  0000ffec    00000002     sysbios.ae430X : BIOS.obj (.int54)

USCI_B0    0    0000ffee    00000002     
                  0000ffee    00000002     sysbios.ae430X : BIOS.obj (.int55)

USCI_A0    0    0000fff0    00000002     
                  0000fff0    00000002     sysbios.ae430X : BIOS.obj (.int56)

WDT        0    0000fff2    00000002     
                  0000fff2    00000002     sysbios.ae430X : BIOS.obj (.int57)

TIMER0_B1 
*          0    0000fff4    00000002     
                  0000fff4    00000002     sysbios.ae430X : BIOS.obj (.int58)

TIMER0_B0 
*          0    0000fff6    00000002     
                  0000fff6    00000002     sysbios.ae430X : BIOS.obj (.int59)

COMP_B     0    0000fff8    00000002     
                  0000fff8    00000002     sysbios.ae430X : BIOS.obj (.int60)

UNMI       0    0000fffa    00000002     
                  0000fffa    00000002     sysbios.ae430X : BIOS.obj (.int61)

SYSNMI     0    0000fffc    00000002     
                  0000fffc    00000002     sysbios.ae430X : BIOS.obj (.int62)

.reset     0    0000fffe    00000002     
                  0000fffe    00000002     boot.ae430X : boot.oe430X (.reset)


LINKER GENERATED COPY TABLES

__TI_cinit_table @ 0000d3b6 records: 3, size/record: 8, table size: 24
	.data: load addr=0000cfac, load size=000003f1 bytes, run addr=000033a4, run size=000005fa bytes, compression=rle
	.bss: load addr=0000d3aa, load size=00000006 bytes, run addr=00002400, run size=00000fa4 bytes, compression=zero_init
	.cio: load addr=0000d3b0, load size=00000006 bytes, run addr=0000399e, run size=00000120 bytes, compression=zero_init


LINKER GENERATED HANDLER TABLE

__TI_handler_table @ 0000d39e records: 3, size/record: 4, table size: 12
	index: 0, handler: __TI_zero_init
	index: 1, handler: __TI_decompress_rle24
	index: 2, handler: __TI_decompress_none


GLOBAL SYMBOLS: SORTED ALPHABETICALLY BY Name 

address   name                                                               
-------   ----                                                               
00000700  ADC12CTL0                                                          
00000701  ADC12CTL0_H                                                        
00000700  ADC12CTL0_L                                                        
00000702  ADC12CTL1                                                          
00000703  ADC12CTL1_H                                                        
00000702  ADC12CTL1_L                                                        
00000704  ADC12CTL2                                                          
00000705  ADC12CTL2_H                                                        
00000704  ADC12CTL2_L                                                        
0000070c  ADC12IE                                                            
0000070d  ADC12IE_H                                                          
0000070c  ADC12IE_L                                                          
0000070a  ADC12IFG                                                           
0000070b  ADC12IFG_H                                                         
0000070a  ADC12IFG_L                                                         
0000070e  ADC12IV                                                            
0000070f  ADC12IV_H                                                          
0000070e  ADC12IV_L                                                          
00000710  ADC12MCTL0                                                         
00000711  ADC12MCTL1                                                         
0000071a  ADC12MCTL10                                                        
0000071b  ADC12MCTL11                                                        
0000071c  ADC12MCTL12                                                        
0000071d  ADC12MCTL13                                                        
0000071e  ADC12MCTL14                                                        
0000071f  ADC12MCTL15                                                        
00000712  ADC12MCTL2                                                         
00000713  ADC12MCTL3                                                         
00000714  ADC12MCTL4                                                         
00000715  ADC12MCTL5                                                         
00000716  ADC12MCTL6                                                         
00000717  ADC12MCTL7                                                         
00000718  ADC12MCTL8                                                         
00000719  ADC12MCTL9                                                         
00000720  ADC12MEM0                                                          
00000721  ADC12MEM0_H                                                        
00000720  ADC12MEM0_L                                                        
00000722  ADC12MEM1                                                          
00000734  ADC12MEM10                                                         
00000735  ADC12MEM10_H                                                       
00000734  ADC12MEM10_L                                                       
00000736  ADC12MEM11                                                         
00000737  ADC12MEM11_H                                                       
00000736  ADC12MEM11_L                                                       
00000738  ADC12MEM12                                                         
00000739  ADC12MEM12_H                                                       
00000738  ADC12MEM12_L                                                       
0000073a  ADC12MEM13                                                         
0000073b  ADC12MEM13_H                                                       
0000073a  ADC12MEM13_L                                                       
0000073c  ADC12MEM14                                                         
0000073d  ADC12MEM14_H                                                       
0000073c  ADC12MEM14_L                                                       
0000073e  ADC12MEM15                                                         
0000073f  ADC12MEM15_H                                                       
0000073e  ADC12MEM15_L                                                       
00000723  ADC12MEM1_H                                                        
00000722  ADC12MEM1_L                                                        
00000724  ADC12MEM2                                                          
00000725  ADC12MEM2_H                                                        
00000724  ADC12MEM2_L                                                        
00000726  ADC12MEM3                                                          
00000727  ADC12MEM3_H                                                        
00000726  ADC12MEM3_L                                                        
00000728  ADC12MEM4                                                          
00000729  ADC12MEM4_H                                                        
00000728  ADC12MEM4_L                                                        
0000072a  ADC12MEM5                                                          
0000072b  ADC12MEM5_H                                                        
0000072a  ADC12MEM5_L                                                        
0000072c  ADC12MEM6                                                          
0000072d  ADC12MEM6_H                                                        
0000072c  ADC12MEM6_L                                                        
0000072e  ADC12MEM7                                                          
0000072f  ADC12MEM7_H                                                        
0000072e  ADC12MEM7_L                                                        
00000730  ADC12MEM8                                                          
00000731  ADC12MEM8_H                                                        
00000730  ADC12MEM8_L                                                        
00000732  ADC12MEM9                                                          
00000733  ADC12MEM9_H                                                        
00000732  ADC12MEM9_L                                                        
0000399c  Allow_GreenLED_Toggle                                              
0000abd0  C$$EXIT                                                            
00009e44  C$$IO$$                                                            
000008c0  CBCTL0                                                             
000008c1  CBCTL0_H                                                           
000008c0  CBCTL0_L                                                           
000008c2  CBCTL1                                                             
000008c3  CBCTL1_H                                                           
000008c2  CBCTL1_L                                                           
000008c4  CBCTL2                                                             
000008c5  CBCTL2_H                                                           
000008c4  CBCTL2_L                                                           
000008c6  CBCTL3                                                             
000008c7  CBCTL3_H                                                           
000008c6  CBCTL3_L                                                           
000008cc  CBINT                                                              
000008cd  CBINT_H                                                            
000008cc  CBINT_L                                                            
000008ce  CBIV                                                               
00000150  CRCDI                                                              
00000152  CRCDIRB                                                            
00000153  CRCDIRB_H                                                          
00000152  CRCDIRB_L                                                          
00000151  CRCDI_H                                                            
00000150  CRCDI_L                                                            
00000154  CRCINIRES                                                          
00000155  CRCINIRES_H                                                        
00000154  CRCINIRES_L                                                        
00000156  CRCRESR                                                            
[...]
0000abd4  malloc                                                             
0000abd8  ti_sysbios_BIOS_RtsGateProxy_enter__E                              
0000abdc  ti_sysbios_BIOS_RtsGateProxy_leave__E                              
0000abe0  ti_sysbios_family_msp430_TaskSupport_Module__startupDone__S        
0000abe0  ti_sysbios_knl_Task_SupportProxy_Module__startupDone__S            
0000abe4  ti_sysbios_gates_GateHwi_query__E                                  
0000abe4  xdc_runtime_Main_Module_GateProxy_query__E                         
0000abe4  xdc_runtime_System_Module_GateProxy_query__E                       
0000abe8  ti_sysbios_BIOS_RtsGateProxy_query__E                              
0000abe8  ti_sysbios_gates_GateMutex_query__E                                
0000abe8  ti_sysbios_heaps_HeapMem_Module_GateProxy_query__E                 
0000abec  ti_sysbios_knl_Clock_TimerProxy_getMaxTicks__E                     
0000abf0  ti_sysbios_knl_Clock_TimerProxy_getPeriod__E                       
0000abf4  ti_sysbios_knl_Queue_destruct                                      
0000abf8  ti_sysbios_knl_Semaphore_destruct                                  
0000abfc  ti_sysbios_knl_Task_startup__E                                     
0000ac00  ti_uia_loggers_LoggerStopMode_getContents__E                       
0000ac04  ti_uia_loggers_LoggerStopMode_getFilterLevel__E                    
0000ac08  ti_uia_loggers_LoggerStopMode_getPriority__E                       
0000ac0c  ti_uia_loggers_LoggerStopMode_getTransferType__E                   
0000ac10  xdc_runtime_HeapStd_isBlocking__E                                  
0000ac14  xdc_runtime_System_Module_GateProxy_enter__E                       
0000ac18  xdc_runtime_System_Module_GateProxy_leave__E                       
0000ac1c  xdc_runtime_System_Module_startup__E                               
0000ac20  xdc_runtime_System_aprintf_va__E                                   
0000ac20  xdc_runtime_System_aprintf_va__F                                   
0000ac24  xdc_runtime_System_printf_va__E                                    
0000ac24  xdc_runtime_System_printf_va__F                                    
0000ac28  _nop                                                               
0000ac2a  free                                                               
0000ac2c  ti_sysbios_BIOS_nullFunc__I                                        
0000ac2e  ti_sysbios_gates_GateHwi_Instance_init__E                          
0000ac30  ti_uia_loggers_LoggerStopMode_setFilterLevel__E                    
0000ac32  ti_uia_loggers_LoggerStopMode_setPriority__E                       
0000ac34  xdc_runtime_Text_charTab__A                                        
0000c90c  xdc_runtime_Text_nodeTab__A                                        
0000c9f4  ti_uia_loggers_LoggerStopMode_Module__FXNS__C                      
0000cb5e  xdc_runtime_Startup_sfxnTab__A                                     
0000cb86  xdc_runtime_HeapStd_Module__FXNS__C                                
0000cbac  ti_sysbios_gates_GateHwi_Module__FXNS__C                           
0000cbce  ti_sysbios_gates_GateMutex_Module__FXNS__C                         
0000cbf0  IntrinsicsSupport_maxbitTable                                      
0000cc10  ti_uia_loggers_LoggerStopMode_Object__PARAMS__C                    
0000cc30  ti_sysbios_knl_Semaphore_Object__PARAMS__C                         
0000cc4c  RedledToggleClk                                                    
0000cc50  GreenledToggleClk                                                  
0000cc54  Toggle_G_LEDBlkClk                                                 
0000cc58  RED_LEDSwi                                                         
0000cc5c  GREEN_LEDSwi                                                       
0000cc60  GREEN_LEDBlkSwi                                                    
0000cc64  ti_sysbios_gates_GateHwi_Object__DESC__C                           
0000cc7c  ti_sysbios_gates_GateMutex_Object__DESC__C                         
0000cc94  ti_sysbios_knl_Queue_Object__DESC__C                               
0000ccac  ti_sysbios_knl_Semaphore_Object__DESC__C                           
0000ccc4  ti_uia_loggers_LoggerStopMode_Object__DESC__C                      
0000ccdc  xdc_runtime_HeapStd_Object__DESC__C                                
0000ccf4  xdc_runtime_HeapStd_Object__PARAMS__C                              
0000cd0c  ti_sysbios_gates_GateHwi_Object__PARAMS__C                         
0000cd20  ti_sysbios_gates_GateMutex_Object__PARAMS__C                       
0000cd34  ti_sysbios_knl_Queue_Object__PARAMS__C                             
0000cd48  xdc_runtime_Startup_sfxnRts__A                                     
0000cd76  ti_sysbios_knl_Idle_funcList__A                                    
0000cd7e  xdc_runtime_Startup_firstFxns__A                                   
0000cd8c  ti_sysbios_family_msp430_Hwi_hooks__C                              
0000cd92  ti_sysbios_knl_Idle_funcList__C                                    
0000cd98  xdc_runtime_Startup_firstFxns__C                                   
0000cd9e  xdc_runtime_Startup_lastFxns__C                                    
0000cda4  ti_sysbios_family_msp430_TimestampProvider_Module__diagsEnabled__C 
0000cda8  ti_sysbios_family_msp430_TimestampProvider_Module__diagsIncluded__C
0000cdac  ti_sysbios_family_msp430_TimestampProvider_Module__diagsMask__C    
0000cdb0  ti_sysbios_gates_GateMutex_A_badContext__C                         
0000cdb4  ti_sysbios_gates_GateMutex_Module__diagsEnabled__C                 
0000cdb8  ti_sysbios_gates_GateMutex_Module__diagsIncluded__C                
0000cdbc  ti_sysbios_gates_GateMutex_Module__diagsMask__C                    
0000cdc0  ti_sysbios_hal_Hwi_E_stackOverflow__C                              
0000cdc4  ti_sysbios_knl_Clock_LM_begin__C                                   
0000cdc8  ti_sysbios_knl_Clock_LM_tick__C                                    
0000cdcc  ti_sysbios_knl_Clock_LW_delayed__C                                 
0000cdd0  ti_sysbios_knl_Clock_Module__diagsEnabled__C                       
0000cdd4  ti_sysbios_knl_Clock_Module__diagsIncluded__C                      
0000cdd8  ti_sysbios_knl_Clock_Module__diagsMask__C                          
0000cddc  ti_sysbios_knl_Clock_Module__loggerFxn1__C                         
0000cde0  ti_sysbios_knl_Clock_Module__loggerFxn2__C                         
0000cde4  ti_sysbios_knl_Clock_Module__loggerObj__C                          
0000cde8  ti_sysbios_knl_Semaphore_A_badContext__C                           
0000cdec  ti_sysbios_knl_Semaphore_A_noEvents__C                             
0000cdf0  ti_sysbios_knl_Semaphore_A_overflow__C                             
0000cdf4  ti_sysbios_knl_Semaphore_A_pendTaskDisabled__C                     
0000cdf8  ti_sysbios_knl_Semaphore_LM_pend__C                                
0000cdfc  ti_sysbios_knl_Semaphore_LM_post__C                                
0000ce00  ti_sysbios_knl_Semaphore_Module__diagsEnabled__C                   
0000ce04  ti_sysbios_knl_Semaphore_Module__diagsIncluded__C                  
0000ce08  ti_sysbios_knl_Semaphore_Module__diagsMask__C                      
0000ce0c  ti_sysbios_knl_Semaphore_Module__loggerFxn2__C                     
0000ce10  ti_sysbios_knl_Semaphore_Module__loggerFxn4__C                     
0000ce14  ti_sysbios_knl_Semaphore_Module__loggerObj__C                      
0000ce18  ti_sysbios_knl_Swi_LD_end__C                                       
0000ce1c  ti_sysbios_knl_Swi_LM_begin__C                                     
0000ce20  ti_sysbios_knl_Swi_LM_post__C                                      
0000ce24  ti_sysbios_knl_Swi_Module__diagsEnabled__C                         
0000ce28  ti_sysbios_knl_Swi_Module__diagsIncluded__C                        
0000ce2c  ti_sysbios_knl_Swi_Module__diagsMask__C                            
0000ce30  ti_sysbios_knl_Swi_Module__loggerFxn1__C                           
0000ce34  ti_sysbios_knl_Swi_Module__loggerFxn4__C                           
0000ce38  ti_sysbios_knl_Swi_Module__loggerObj__C                            
0000ce3c  ti_sysbios_knl_Task_E_spOutOfBounds__C                             
0000ce40  ti_sysbios_knl_Task_E_stackOverflow__C                             
0000ce44  ti_sysbios_knl_Task_LD_block__C                                    
0000ce48  ti_sysbios_knl_Task_LD_exit__C                                     
0000ce4c  ti_sysbios_knl_Task_LD_ready__C                                    
0000ce50  ti_sysbios_knl_Task_LM_switch__C                                   
0000ce54  ti_sysbios_knl_Task_Module__diagsEnabled__C                        
0000ce58  ti_sysbios_knl_Task_Module__diagsIncluded__C                       
0000ce5c  ti_sysbios_knl_Task_Module__diagsMask__C                           
0000ce60  ti_sysbios_knl_Task_Module__loggerFxn2__C                          
0000ce64  ti_sysbios_knl_Task_Module__loggerFxn4__C                          
0000ce68  ti_sysbios_knl_Task_Module__loggerObj__C                           
0000ce6c  ti_sysbios_knl_Task_allBlockedFunc__C                              
0000ce70  ti_sysbios_utils_Load_LS_cpuLoad__C                                
0000ce74  ti_sysbios_utils_Load_LS_hwiLoad__C                                
0000ce78  ti_sysbios_utils_Load_Module__diagsEnabled__C                      
0000ce7c  ti_sysbios_utils_Load_Module__diagsIncluded__C                     
0000ce80  ti_sysbios_utils_Load_Module__diagsMask__C                         
0000ce84  ti_sysbios_utils_Load_Module__loggerFxn1__C                        
0000ce88  ti_sysbios_utils_Load_Module__loggerFxn2__C                        
0000ce8c  ti_sysbios_utils_Load_Module__loggerObj__C                         
0000ce90  ti_sysbios_utils_Load_postUpdate__C                                
0000ce94  ti_uia_loggers_LoggerStopMode_Module__diagsEnabled__C              
0000ce98  ti_uia_loggers_LoggerStopMode_Module__diagsIncluded__C             
0000ce9c  ti_uia_loggers_LoggerStopMode_Module__diagsMask__C                 
0000cea0  ti_uia_runtime_ILoggerSnapshot_Interface__BASE__C                  
0000cea4  ti_uia_runtime_IUIATransfer_Interface__BASE__C                     
0000cea8  xdc_runtime_Assert_E_assertFailed__C                               
0000ceac  xdc_runtime_Core_A_initializedParams__C                            
0000ceb0  xdc_runtime_Core_Module__diagsEnabled__C                           
0000ceb4  xdc_runtime_Core_Module__diagsIncluded__C                          
0000ceb8  xdc_runtime_Core_Module__diagsMask__C                              
0000cebc  xdc_runtime_Error_E_memory__C                                      
0000cec0  xdc_runtime_Error_Module__diagsEnabled__C                          
0000cec4  xdc_runtime_Error_Module__diagsIncluded__C                         
0000cec8  xdc_runtime_Error_Module__diagsMask__C                             
0000cecc  xdc_runtime_Error_Module__loggerFxn8__C                            
0000ced0  xdc_runtime_Error_Module__loggerObj__C                             
0000ced4  xdc_runtime_Error_policyFxn__C                                     
0000ced8  xdc_runtime_Error_raiseHook__C                                     
0000cedc  xdc_runtime_HeapStd_A_align__C                                     
0000cee0  xdc_runtime_HeapStd_A_invalidTotalFreeSize__C                      
0000cee4  xdc_runtime_HeapStd_A_zeroSize__C                                  
0000cee8  xdc_runtime_HeapStd_E_noRTSMemory__C                               
0000ceec  xdc_runtime_HeapStd_Module__diagsEnabled__C                        
0000cef0  xdc_runtime_HeapStd_Module__diagsIncluded__C                       
0000cef4  xdc_runtime_HeapStd_Module__diagsMask__C                           
0000cef8  xdc_runtime_IFilterLogger_Interface__BASE__C                       
0000cefc  xdc_runtime_IGateProvider_Interface__BASE__C                       
0000cf00  xdc_runtime_IHeap_Interface__BASE__C                               
0000cf04  xdc_runtime_ILogger_Interface__BASE__C                             
0000cf08  xdc_runtime_IModule_Interface__BASE__C                             
0000cf0c  xdc_runtime_Log_L_error__C                                         
0000cf10  xdc_runtime_Memory_defaultHeapInstance__C                          
0000cf14  xdc_runtime_Startup_execImpl__C                                    
0000cf18  xdc_runtime_Startup_lastFxns__A                                    
0000cf1c  xdc_runtime_Startup_sfxnRts__C                                     
0000cf20  xdc_runtime_Startup_sfxnTab__C                                     
0000cf24  xdc_runtime_SysMin_outputFunc__C                                   
0000cf28  xdc_runtime_System_Module__gateObj__C                              
0000cf2c  xdc_runtime_System_abortFxn__C                                     
0000cf30  xdc_runtime_System_exitFxn__C                                      
0000cf34  xdc_runtime_System_extendFxn__C                                    
0000cf38  xdc_runtime_Text_charTab__C                                        
0000cf3c  xdc_runtime_Text_nameEmpty__C                                      
0000cf40  xdc_runtime_Text_nameStatic__C                                     
0000cf44  xdc_runtime_Text_nameUnknown__C                                    
0000cf48  xdc_runtime_Text_nodeTab__C                                        
0000cf4c  xdc_runtime_Text_visitRopeFxn__C                                   
0000cf50  ti_sysbios_family_msp430_Hwi_Object__count__C                      
0000cf52  ti_sysbios_family_msp430_Timer_numTimerDevices__C                  
0000cf54  ti_sysbios_family_msp430_Timer_startupNeeded__C                    
0000cf56  ti_sysbios_family_msp430_TimestampProvider_Module__id__C           
0000cf58  ti_sysbios_family_msp430_TimestampProvider_useClockTimer__C        
0000cf5a  ti_sysbios_gates_GateMutex_Instance_State_sem__O                   
0000cf5c  ti_sysbios_gates_GateMutex_Module__id__C                           
0000cf5e  ti_sysbios_hal_Hwi_Module__id__C                                   
0000cf60  ti_sysbios_heaps_HeapMem_Object__count__C                          
0000cf62  ti_sysbios_knl_Clock_Module_State_clockQ__O                        
0000cf64  ti_sysbios_knl_Clock_Module__id__C                                 
0000cf66  ti_sysbios_knl_Clock_Module__loggerDefined__C                      
0000cf68  ti_sysbios_knl_Semaphore_Instance_State_pendQ__O                   
0000cf6a  ti_sysbios_knl_Semaphore_Module__id__C                             
0000cf6c  ti_sysbios_knl_Semaphore_Module__loggerDefined__C                  
0000cf6e  ti_sysbios_knl_Swi_Module__id__C                                   
0000cf70  ti_sysbios_knl_Swi_Module__loggerDefined__C                        
0000cf72  ti_sysbios_knl_Swi_Object__count__C                                
0000cf74  ti_sysbios_knl_Task_Module_State_inactiveQ__O                      
0000cf76  ti_sysbios_knl_Task_Module__id__C                                  
0000cf78  ti_sysbios_knl_Task_Module__loggerDefined__C                       
0000cf7a  ti_sysbios_knl_Task_Object__count__C                               
0000cf7c  ti_sysbios_knl_Task_initStackFlag__C                               
0000cf7e  ti_sysbios_knl_Task_numConstructedTasks__C                         
0000cf80  ti_sysbios_utils_Load_Module__id__C                                
0000cf82  ti_sysbios_utils_Load_Module__loggerDefined__C                     
0000cf84  ti_sysbios_utils_Load_hwiEnabled__C                                
0000cf86  ti_sysbios_utils_Load_updateInIdle__C                              
0000cf88  ti_sysbios_utils_Load_windowInMs__C                                
0000cf8a  ti_uia_loggers_LoggerStopMode_Module__id__C                        
0000cf8c  ti_uia_loggers_LoggerStopMode_Object__count__C                     
0000cf8e  ti_uia_loggers_LoggerStopMode_isTimestampEnabled__C                
0000cf90  xdc_runtime_Core_Module__id__C                                     
0000cf92  xdc_runtime_Error_Module__loggerDefined__C                         
0000cf94  xdc_runtime_Error_maxDepth__C                                      
0000cf96  xdc_runtime_Error_policy__C                                        
0000cf98  xdc_runtime_HeapStd_Module__id__C                                  
0000cf9a  xdc_runtime_Memory_Module__id__C                                   
0000cf9c  xdc_runtime_Startup_maxPasses__C                                   
0000cf9e  xdc_runtime_SysMin_bufSize__C                                      
0000cfa0  xdc_runtime_SysMin_flushAtExit__C                                  
0000cfa2  xdc_runtime_System_maxAtexitHandlers__C                            
0000cfa4  xdc_runtime_Text_charCnt__C                                        
0000cfa6  xdc_runtime_Text_isLoaded__C                                       
0000cfa8  xdc_runtime_Text_registryModsLastId__C                             
0000cfaa  xdc_runtime_Text_unnamedModsLastId__C                              
0000d39e  __TI_Handler_Table_Base                                            
0000d3aa  __TI_Handler_Table_Limit                                           
0000d3b6  __TI_CINIT_Base                                                    
0000d3ce  __TI_CINIT_Limit                                                   
0000ffd2  __TI_int41                                                         
0000ffd4  __TI_int42                                                         
0000ffd6  __TI_int43                                                         
0000ffd8  __TI_int44                                                         
0000ffda  __TI_int45                                                         
0000ffdc  __TI_int46                                                         
0000ffde  __TI_int47                                                         
0000ffe0  __TI_int48                                                         
0000ffe2  __TI_int49                                                         
0000ffe4  __TI_int50                                                         
0000ffe6  __TI_int51                                                         
0000ffe8  __TI_int52                                                         
0000ffea  __TI_int53                                                         
0000ffec  __TI_int54                                                         
0000ffee  __TI_int55                                                         
0000fff0  __TI_int56                                                         
0000fff2  __TI_int57                                                         
0000fff4  __TI_int58                                                         
0000fff6  __TI_int59                                                         
0000fff8  __TI_int60                                                         
0000fffa  __TI_int61                                                         
0000fffc  __TI_int62                                                         
0000fffe  _reset_vector                                                      
ffffffff  __binit__                                                          
ffffffff  __c_args__                                                         
ffffffff  binit                                                              
UNDEFED   __TI_INITARRAY_Base                                                
UNDEFED   __TI_INITARRAY_Limit                                               

[1427 symbols]
