******************************************************************************
                  MSP430 Linker PC v4.4.4                      
******************************************************************************
>> Linked Wed Jul 08 06:58:30 2015

OUTPUT FILE NAME:   <exam_p2_random.out>
ENTRY POINT SYMBOL: "_c_int00"  address: 00004400


MEMORY CONFIGURATION

         name            origin    length      used     unused   attr    fill
----------------------  --------  ---------  --------  --------  ----  --------
  SFR                   00000000   00000010  00000000  00000010  RWIX
  PERIPHERALS_8BIT      00000010   000000f0  00000000  000000f0  RWIX
  PERIPHERALS_16BIT     00000100   00000100  00000000  00000100  RWIX
  INFOD                 00001800   00000080  00000000  00000080  RWIX
  INFOC                 00001880   00000080  00000000  00000080  RWIX
  INFOB                 00001900   00000080  00000000  00000080  RWIX
  INFOA                 00001980   00000080  00000000  00000080  RWIX
  USBRAM                00001c00   00000800  00000000  00000800  RWIX
  RAM                   00002400   00002000  00001950  000006b0  RWIX
  FLASH                 00004400   0000bb80  000096e8  00002498  RWIX
  INT00                 0000ff80   00000002  00000000  00000002  RWIX
  INT01                 0000ff82   00000002  00000000  00000002  RWIX
  INT02                 0000ff84   00000002  00000000  00000002  RWIX
  INT03                 0000ff86   00000002  00000000  00000002  RWIX
  INT04                 0000ff88   00000002  00000000  00000002  RWIX
  INT05                 0000ff8a   00000002  00000000  00000002  RWIX
  INT06                 0000ff8c   00000002  00000000  00000002  RWIX
  INT07                 0000ff8e   00000002  00000000  00000002  RWIX
  INT08                 0000ff90   00000002  00000000  00000002  RWIX
  INT09                 0000ff92   00000002  00000000  00000002  RWIX
  INT10                 0000ff94   00000002  00000000  00000002  RWIX
  INT11                 0000ff96   00000002  00000000  00000002  RWIX
  INT12                 0000ff98   00000002  00000000  00000002  RWIX
  INT13                 0000ff9a   00000002  00000000  00000002  RWIX
  INT14                 0000ff9c   00000002  00000000  00000002  RWIX
  INT15                 0000ff9e   00000002  00000000  00000002  RWIX
  INT16                 0000ffa0   00000002  00000000  00000002  RWIX
  INT17                 0000ffa2   00000002  00000000  00000002  RWIX
  INT18                 0000ffa4   00000002  00000000  00000002  RWIX
  INT19                 0000ffa6   00000002  00000000  00000002  RWIX
  INT20                 0000ffa8   00000002  00000000  00000002  RWIX
  INT21                 0000ffaa   00000002  00000000  00000002  RWIX
  INT22                 0000ffac   00000002  00000000  00000002  RWIX
  INT23                 0000ffae   00000002  00000000  00000002  RWIX
  INT24                 0000ffb0   00000002  00000000  00000002  RWIX
  INT25                 0000ffb2   00000002  00000000  00000002  RWIX
  INT26                 0000ffb4   00000002  00000000  00000002  RWIX
  INT27                 0000ffb6   00000002  00000000  00000002  RWIX
  INT28                 0000ffb8   00000002  00000000  00000002  RWIX
  INT29                 0000ffba   00000002  00000000  00000002  RWIX
  INT30                 0000ffbc   00000002  00000000  00000002  RWIX
  INT31                 0000ffbe   00000002  00000000  00000002  RWIX
  INT32                 0000ffc0   00000002  00000000  00000002  RWIX
  INT33                 0000ffc2   00000002  00000000  00000002  RWIX
  INT34                 0000ffc4   00000002  00000000  00000002  RWIX
  INT35                 0000ffc6   00000002  00000000  00000002  RWIX
  INT36                 0000ffc8   00000002  00000000  00000002  RWIX
  INT37                 0000ffca   00000002  00000000  00000002  RWIX
  INT38                 0000ffcc   00000002  00000000  00000002  RWIX
  INT39                 0000ffce   00000002  00000000  00000002  RWIX
  INT40                 0000ffd0   00000002  00000000  00000002  RWIX
  INT41                 0000ffd2   00000002  00000002  00000000  RWIX
  INT42                 0000ffd4   00000002  00000002  00000000  RWIX
  INT43                 0000ffd6   00000002  00000002  00000000  RWIX
  INT44                 0000ffd8   00000002  00000002  00000000  RWIX
  INT45                 0000ffda   00000002  00000002  00000000  RWIX
  INT46                 0000ffdc   00000002  00000002  00000000  RWIX
  INT47                 0000ffde   00000002  00000002  00000000  RWIX
  INT48                 0000ffe0   00000002  00000002  00000000  RWIX
  INT49                 0000ffe2   00000002  00000002  00000000  RWIX
  INT50                 0000ffe4   00000002  00000002  00000000  RWIX
  INT51                 0000ffe6   00000002  00000002  00000000  RWIX
  INT52                 0000ffe8   00000002  00000002  00000000  RWIX
  INT53                 0000ffea   00000002  00000002  00000000  RWIX
  INT54                 0000ffec   00000002  00000002  00000000  RWIX
  INT55                 0000ffee   00000002  00000002  00000000  RWIX
  INT56                 0000fff0   00000002  00000002  00000000  RWIX
  INT57                 0000fff2   00000002  00000002  00000000  RWIX
  INT58                 0000fff4   00000002  00000002  00000000  RWIX
  INT59                 0000fff6   00000002  00000002  00000000  RWIX
  INT60                 0000fff8   00000002  00000002  00000000  RWIX
  INT61                 0000fffa   00000002  00000002  00000000  RWIX
  INT62                 0000fffc   00000002  00000002  00000000  RWIX
  RESET                 0000fffe   00000002  00000002  00000000  RWIX
  FLASH2                00010000   00014400  00000000  00014400  RWIX


SECTION ALLOCATION MAP

 output                                  attributes/
section   page    origin      length       input sections
--------  ----  ----------  ----------   ----------------
xdc.meta   0    00000000    00000124     COPY SECTION
                  00000000    00000124     app_pe430X.oe430X (xdc.meta)

.bss       0    00002400    00000da4     UNINITIALIZED
                  00002400    00000600     app_pe430X.oe430X (.bss:taskStackSection)
                  00002a00    00000200     (.common:ti_uia_loggers_LoggerStopMode_Instance_State_0_packetArray__A)
                  00002c00    00000200     (.common:ti_uia_loggers_LoggerStopMode_Instance_State_1_packetArray__A)
                  00002e00    00000200     (.common:ti_uia_loggers_LoggerStopMode_Instance_State_2_packetArray__A)
                  00003000    00000080     (.common:xdc_runtime_SysMin_Module_State_0_outbuf__A)
                  00003080    00000024     (.common:ti_uia_loggers_LoggerStopMode_Instance_State_0_hdr__A)
                  000030a4    00000018     (.common:ti_sysbios_knl_Mailbox_Instance_State_0_allocBuf__A)
                  000030bc    00000008     (.common:parmbuf)
                  000030c4    00000004     (.common:_cleanup_ptr)
                  000030c8    00000004     (.common:_dtors_ptr)
                  000030cc    00000004     (.common:ti_sysbios_knl_Task_Instance_State_0_hookEnv__A)
                  000030d0    00000004     (.common:ti_sysbios_knl_Task_Instance_State_1_hookEnv__A)
                  000030d4    00000004     (.common:ti_sysbios_knl_Task_Instance_State_2_hookEnv__A)
                  000030d8    00000028     --HOLE--
                  00003100    00000024     (.common:ti_uia_loggers_LoggerStopMode_Instance_State_1_hdr__A)
                  00003124    0000005c     --HOLE--
                  00003180    00000024     (.common:ti_uia_loggers_LoggerStopMode_Instance_State_2_hdr__A)

.data      0    000031a4    0000068c     UNINITIALIZED
                  000031a4    00000204     app_pe430X.oe430X (.data)
                  000033a8    000000c6     app_pe430X.oe430X (.data:ti_sysbios_knl_Task_Object__table__V)
                  0000346e    0000008a     app_pe430X.oe430X (.data:ti_uia_loggers_LoggerStopMode_Object__table__V)
                  000034f8    00000080     app_pe430X.oe430X (.data:ti_sysbios_knl_Swi_Module_State_0_readyQ__A)
                  00003578    00000080     app_pe430X.oe430X (.data:ti_sysbios_knl_Task_Module_State_0_readyQ__A)
                  000035f8    0000006c     app_pe430X.oe430X (.data:ti_sysbios_family_msp430_Timer_Object__table__V)
                  00003664    00000054     app_pe430X.oe430X (.data:ti_sysbios_utils_Load_Module_State_0_taskEnv__A)
                  000036b8    00000046     app_pe430X.oe430X (.data:ti_sysbios_knl_Mailbox_Object__table__V)
                  000036fe    00000034     app_pe430X.oe430X (.data:ti_sysbios_gates_GateMutex_Object__table__V)
                  00003732    0000002a     app_pe430X.oe430X (.data:ti_sysbios_family_msp430_Hwi_Object__table__V)
                  0000375c    00000026     app_pe430X.oe430X (.data:ti_sysbios_knl_Swi_Object__table__V)
                  00003782    00000024     app_pe430X.oe430X (.data:ti_sysbios_knl_Semaphore_Object__table__V)
                  000037a6    00000020     app_pe430X.oe430X (.data:xdc_runtime_System_Module_State_0_atexitHandlers__A)
                  000037c6    00000018     app_pe430X.oe430X (.data:ti_sysbios_family_msp430_Timer_Module_State_0_device__A)
                  000037de    00000010     app_pe430X.oe430X (.data:ti_sysbios_family_msp430_Timer_Module_State_0_handles__A)
                  000037ee    0000000c     app_pe430X.oe430X (.data:xdc_runtime_HeapStd_Object__table__V)
                  000037fa    00000008     app_pe430X.oe430X (.data:ti_sysbios_hal_Hwi_Object__table__V)
                  00003802    00000008     app_pe430X.oe430X (.data:ti_sysbios_knl_Queue_Object__table__V)
                  0000380a    00000006     ti.uia.runtime.ae430X : QueueDescriptor.oe430X (.data)
                  00003810    00000004     rts430x_lc_rd_eabi.lib : _lock.obj (.data:_lock)
                  00003814    00000004                            : _lock.obj (.data:_unlock)
                  00003818    00000004     main.obj (.data)
                  0000381c    00000004     rts430x_lc_rd_eabi.lib : rand.obj (.data)
                  00003820    00000004     app_pe430X.oe430X (.data:ti_sysbios_gates_GateHwi_Object__table__V)
                  00003824    00000004     app_pe430X.oe430X (.data:ti_sysbios_knl_Task_Module_State_0_idleTask__A)
                  00003828    00000004     app_pe430X.oe430X (.data:ti_sysbios_utils_Load_Module_State_0_runningTask__A)
                  0000382c    00000004     app_pe430X.oe430X (.data:ti_sysbios_utils_Load_Module_State_0_taskStartTime__A)

.cio       0    00003830    00000120     UNINITIALIZED
                  00003830    00000120     rts430x_lc_rd_eabi.lib : trgmsg.obj (.cio)

.stack     0    00004000    00000400     UNINITIALIZED
                  00004000    00000004     boot.ae430X : boot.oe430X (.stack)
                  00004004    000003fc     --HOLE--

.text:_isr 
*          0    00004400    00000096     
                  00004400    00000024     boot.ae430X : boot.oe430X (.text:_isr:_c_int00)
                  00004424    00000020     sysbios.ae430X : BIOS.obj (.text:_isr:ti_sysbios_family_msp430_Hwi49)
                  00004444    00000020                    : BIOS.obj (.text:_isr:ti_sysbios_family_msp430_Hwi53)
                  00004464    0000000c                    : BIOS.obj (.text:_isr:ti_sysbios_family_msp430_Hwi44)
                  00004470    00000002                    : BIOS.obj (.text:_isr:ti_sysbios_family_msp430_Hwi41)
                  00004472    00000002                    : BIOS.obj (.text:_isr:ti_sysbios_family_msp430_Hwi42)
                  00004474    00000002                    : BIOS.obj (.text:_isr:ti_sysbios_family_msp430_Hwi43)
                  00004476    00000002                    : BIOS.obj (.text:_isr:ti_sysbios_family_msp430_Hwi45)
                  00004478    00000002                    : BIOS.obj (.text:_isr:ti_sysbios_family_msp430_Hwi46)
                  0000447a    00000002                    : BIOS.obj (.text:_isr:ti_sysbios_family_msp430_Hwi47)
                  0000447c    00000002                    : BIOS.obj (.text:_isr:ti_sysbios_family_msp430_Hwi48)
                  0000447e    00000002                    : BIOS.obj (.text:_isr:ti_sysbios_family_msp430_Hwi50)
                  00004480    00000002                    : BIOS.obj (.text:_isr:ti_sysbios_family_msp430_Hwi51)
                  00004482    00000002                    : BIOS.obj (.text:_isr:ti_sysbios_family_msp430_Hwi52)
                  00004484    00000002                    : BIOS.obj (.text:_isr:ti_sysbios_family_msp430_Hwi54)
                  00004486    00000002                    : BIOS.obj (.text:_isr:ti_sysbios_family_msp430_Hwi55)
                  00004488    00000002                    : BIOS.obj (.text:_isr:ti_sysbios_family_msp430_Hwi56)
                  0000448a    00000002                    : BIOS.obj (.text:_isr:ti_sysbios_family_msp430_Hwi57)
                  0000448c    00000002                    : BIOS.obj (.text:_isr:ti_sysbios_family_msp430_Hwi58)
                  0000448e    00000002                    : BIOS.obj (.text:_isr:ti_sysbios_family_msp430_Hwi59)
                  00004490    00000002                    : BIOS.obj (.text:_isr:ti_sysbios_family_msp430_Hwi60)
                  00004492    00000002                    : BIOS.obj (.text:_isr:ti_sysbios_family_msp430_Hwi61)
                  00004494    00000002                    : BIOS.obj (.text:_isr:ti_sysbios_family_msp430_Hwi62)

.const     0    0000b254    0000241e     
                  0000b254    00001cdc     app_pe430X.oe430X (.const:xdc_runtime_Text_charTab__A)
                  0000cf30    000000ec     app_pe430X.oe430X (.const:xdc_runtime_Text_nodeTab__A)
                  0000d01c    0000005e     app_pe430X.oe430X (.const:ti_uia_loggers_LoggerStopMode_Module__FXNS__C)
                  0000d07a    00000058     ti.targets.msp430.rts430.ae430X : Error.oe430X (.const:.string)
                  0000d0d2    00000046     app_pe430X.oe430X (.const:.string)
                  0000d118    00000044     main.obj (.const:.string)
                  0000d15c    00000044     ti.targets.msp430.rts430.ae430X : Text.oe430X (.const:.string)
                  0000d1a0    0000002c     app_pe430X.oe430X (.const:xdc_runtime_Startup_sfxnTab__A)
                  0000d1cc    0000002a     ti.targets.msp430.rts430.ae430X : Startup.oe430X (.const:.string)
                  0000d1f6    00000026     app_pe430X.oe430X (.const:xdc_runtime_HeapStd_Module__FXNS__C)
                  0000d21c    00000022     app_pe430X.oe430X (.const:ti_sysbios_gates_GateHwi_Module__FXNS__C)
                  0000d23e    00000022     app_pe430X.oe430X (.const:ti_sysbios_gates_GateMutex_Module__FXNS__C)
                  0000d260    00000020     sysbios.ae430X : BIOS.obj (.const:IntrinsicsSupport_maxbitTable)
                  0000d280    00000020     app_pe430X.oe430X (.const:ti_uia_loggers_LoggerStopMode_Object__PARAMS__C)
                  0000d2a0    0000001c     app_pe430X.oe430X (.const)
                  0000d2bc    0000001c     app_pe430X.oe430X (.const:ti_sysbios_knl_Semaphore_Object__PARAMS__C)
                  0000d2d8    00000018     app_pe430X.oe430X (.const:ti_sysbios_gates_GateHwi_Object__DESC__C)
                  0000d2f0    00000018     app_pe430X.oe430X (.const:ti_sysbios_gates_GateMutex_Object__DESC__C)
                  0000d308    00000018     app_pe430X.oe430X (.const:ti_sysbios_knl_Queue_Object__DESC__C)
                  0000d320    00000018     app_pe430X.oe430X (.const:ti_sysbios_knl_Semaphore_Object__DESC__C)
                  0000d338    00000018     app_pe430X.oe430X (.const:ti_sysbios_knl_Task_hooks__A)
                  0000d350    00000018     app_pe430X.oe430X (.const:ti_uia_loggers_LoggerStopMode_Object__DESC__C)
                  0000d368    00000018     app_pe430X.oe430X (.const:xdc_runtime_HeapStd_Object__DESC__C)
                  0000d380    00000018     app_pe430X.oe430X (.const:xdc_runtime_HeapStd_Object__PARAMS__C)
                  0000d398    00000016     app_pe430X.oe430X (.const:xdc_runtime_Startup_sfxnRts__A)
                  0000d3ae    00000014     app_pe430X.oe430X (.const:ti_sysbios_gates_GateHwi_Object__PARAMS__C)
                  0000d3c2    00000014     app_pe430X.oe430X (.const:ti_sysbios_gates_GateMutex_Object__PARAMS__C)
                  0000d3d6    00000014     app_pe430X.oe430X (.const:ti_sysbios_knl_Queue_Object__PARAMS__C)
                  0000d3ea    00000011     ti.targets.msp430.rts430.ae430X : System.oe430X (.const:.string:digtohex)
                  0000d3fb    00000001     --HOLE-- [fill = 0]
                  0000d3fc    00000008                                     : System.oe430X (.const:.string)
                  0000d404    00000008     app_pe430X.oe430X (.const:ti_sysbios_knl_Idle_funcList__A)
                  0000d40c    00000008     app_pe430X.oe430X (.const:xdc_runtime_Startup_firstFxns__A)
                  0000d414    00000006     ti.targets.msp430.rts430.ae430X : Assert.oe430X (.const:.string)
                  0000d41a    00000006     app_pe430X.oe430X (.const:ti_sysbios_family_msp430_Hwi_hooks__C)
                  0000d420    00000006     app_pe430X.oe430X (.const:ti_sysbios_knl_Idle_funcList__C)
                  0000d426    00000006     app_pe430X.oe430X (.const:ti_sysbios_knl_Task_hooks__C)
                  0000d42c    00000006     app_pe430X.oe430X (.const:xdc_runtime_Startup_firstFxns__C)
                  0000d432    00000006     app_pe430X.oe430X (.const:xdc_runtime_Startup_lastFxns__C)
                  0000d438    00000004     app_pe430X.oe430X (.const:ti_sysbios_family_msp430_TimestampProvider_Module__diagsEnabled__C)
                  0000d43c    00000004     app_pe430X.oe430X (.const:ti_sysbios_family_msp430_TimestampProvider_Module__diagsIncluded__C)
                  0000d440    00000004     app_pe430X.oe430X (.const:ti_sysbios_family_msp430_TimestampProvider_Module__diagsMask__C)
                  0000d444    00000004     app_pe430X.oe430X (.const:ti_sysbios_gates_GateMutex_A_badContext__C)
                  0000d448    00000004     app_pe430X.oe430X (.const:ti_sysbios_gates_GateMutex_Module__diagsEnabled__C)
                  0000d44c    00000004     app_pe430X.oe430X (.const:ti_sysbios_gates_GateMutex_Module__diagsIncluded__C)
                  0000d450    00000004     app_pe430X.oe430X (.const:ti_sysbios_gates_GateMutex_Module__diagsMask__C)
                  0000d454    00000004     app_pe430X.oe430X (.const:ti_sysbios_hal_Hwi_E_stackOverflow__C)
                  0000d458    00000004     app_pe430X.oe430X (.const:ti_sysbios_knl_Clock_LM_begin__C)
                  0000d45c    00000004     app_pe430X.oe430X (.const:ti_sysbios_knl_Clock_LM_tick__C)
                  0000d460    00000004     app_pe430X.oe430X (.const:ti_sysbios_knl_Clock_LW_delayed__C)
                  0000d464    00000004     app_pe430X.oe430X (.const:ti_sysbios_knl_Clock_Module__diagsEnabled__C)
                  0000d468    00000004     app_pe430X.oe430X (.const:ti_sysbios_knl_Clock_Module__diagsIncluded__C)
                  0000d46c    00000004     app_pe430X.oe430X (.const:ti_sysbios_knl_Clock_Module__diagsMask__C)
                  0000d470    00000004     app_pe430X.oe430X (.const:ti_sysbios_knl_Clock_Module__loggerFxn1__C)
                  0000d474    00000004     app_pe430X.oe430X (.const:ti_sysbios_knl_Clock_Module__loggerFxn2__C)
                  0000d478    00000004     app_pe430X.oe430X (.const:ti_sysbios_knl_Clock_Module__loggerObj__C)
                  0000d47c    00000004     app_pe430X.oe430X (.const:ti_sysbios_knl_Semaphore_A_badContext__C)
                  0000d480    00000004     app_pe430X.oe430X (.const:ti_sysbios_knl_Semaphore_A_noEvents__C)
                  0000d484    00000004     app_pe430X.oe430X (.const:ti_sysbios_knl_Semaphore_A_overflow__C)
                  0000d488    00000004     app_pe430X.oe430X (.const:ti_sysbios_knl_Semaphore_A_pendTaskDisabled__C)
                  0000d48c    00000004     app_pe430X.oe430X (.const:ti_sysbios_knl_Semaphore_LM_pend__C)
                  0000d490    00000004     app_pe430X.oe430X (.const:ti_sysbios_knl_Semaphore_LM_post__C)
                  0000d494    00000004     app_pe430X.oe430X (.const:ti_sysbios_knl_Semaphore_Module__diagsEnabled__C)
                  0000d498    00000004     app_pe430X.oe430X (.const:ti_sysbios_knl_Semaphore_Module__diagsIncluded__C)
                  0000d49c    00000004     app_pe430X.oe430X (.const:ti_sysbios_knl_Semaphore_Module__diagsMask__C)
                  0000d4a0    00000004     app_pe430X.oe430X (.const:ti_sysbios_knl_Semaphore_Module__loggerFxn2__C)
                  0000d4a4    00000004     app_pe430X.oe430X (.const:ti_sysbios_knl_Semaphore_Module__loggerFxn4__C)
                  0000d4a8    00000004     app_pe430X.oe430X (.const:ti_sysbios_knl_Semaphore_Module__loggerObj__C)
                  0000d4ac    00000004     app_pe430X.oe430X (.const:ti_sysbios_knl_Swi_LD_end__C)
                  0000d4b0    00000004     app_pe430X.oe430X (.const:ti_sysbios_knl_Swi_LM_begin__C)
                  0000d4b4    00000004     app_pe430X.oe430X (.const:ti_sysbios_knl_Swi_LM_post__C)
                  0000d4b8    00000004     app_pe430X.oe430X (.const:ti_sysbios_knl_Swi_Module__diagsEnabled__C)
                  0000d4bc    00000004     app_pe430X.oe430X (.const:ti_sysbios_knl_Swi_Module__diagsIncluded__C)
                  0000d4c0    00000004     app_pe430X.oe430X (.const:ti_sysbios_knl_Swi_Module__diagsMask__C)
                  0000d4c4    00000004     app_pe430X.oe430X (.const:ti_sysbios_knl_Swi_Module__loggerFxn1__C)
                  0000d4c8    00000004     app_pe430X.oe430X (.const:ti_sysbios_knl_Swi_Module__loggerFxn4__C)
                  0000d4cc    00000004     app_pe430X.oe430X (.const:ti_sysbios_knl_Swi_Module__loggerObj__C)
                  0000d4d0    00000004     app_pe430X.oe430X (.const:ti_sysbios_knl_Task_E_spOutOfBounds__C)
                  0000d4d4    00000004     app_pe430X.oe430X (.const:ti_sysbios_knl_Task_E_stackOverflow__C)
                  0000d4d8    00000004     app_pe430X.oe430X (.const:ti_sysbios_knl_Task_LD_block__C)
                  0000d4dc    00000004     app_pe430X.oe430X (.const:ti_sysbios_knl_Task_LD_exit__C)
                  0000d4e0    00000004     app_pe430X.oe430X (.const:ti_sysbios_knl_Task_LD_ready__C)
                  0000d4e4    00000004     app_pe430X.oe430X (.const:ti_sysbios_knl_Task_LM_switch__C)
                  0000d4e8    00000004     app_pe430X.oe430X (.const:ti_sysbios_knl_Task_Module__diagsEnabled__C)
                  0000d4ec    00000004     app_pe430X.oe430X (.const:ti_sysbios_knl_Task_Module__diagsIncluded__C)
                  0000d4f0    00000004     app_pe430X.oe430X (.const:ti_sysbios_knl_Task_Module__diagsMask__C)
                  0000d4f4    00000004     app_pe430X.oe430X (.const:ti_sysbios_knl_Task_Module__loggerFxn2__C)
                  0000d4f8    00000004     app_pe430X.oe430X (.const:ti_sysbios_knl_Task_Module__loggerFxn4__C)
                  0000d4fc    00000004     app_pe430X.oe430X (.const:ti_sysbios_knl_Task_Module__loggerObj__C)
                  0000d500    00000004     app_pe430X.oe430X (.const:ti_sysbios_knl_Task_Object__heap__C)
                  0000d504    00000004     app_pe430X.oe430X (.const:ti_sysbios_knl_Task_allBlockedFunc__C)
                  0000d508    00000004     app_pe430X.oe430X (.const:ti_sysbios_utils_Load_LS_cpuLoad__C)
                  0000d50c    00000004     app_pe430X.oe430X (.const:ti_sysbios_utils_Load_LS_hwiLoad__C)
                  0000d510    00000004     app_pe430X.oe430X (.const:ti_sysbios_utils_Load_LS_taskLoad__C)
                  0000d514    00000004     app_pe430X.oe430X (.const:ti_sysbios_utils_Load_Module__diagsEnabled__C)
                  0000d518    00000004     app_pe430X.oe430X (.const:ti_sysbios_utils_Load_Module__diagsIncluded__C)
                  0000d51c    00000004     app_pe430X.oe430X (.const:ti_sysbios_utils_Load_Module__diagsMask__C)
                  0000d520    00000004     app_pe430X.oe430X (.const:ti_sysbios_utils_Load_Module__loggerFxn1__C)
                  0000d524    00000004     app_pe430X.oe430X (.const:ti_sysbios_utils_Load_Module__loggerFxn2__C)
                  0000d528    00000004     app_pe430X.oe430X (.const:ti_sysbios_utils_Load_Module__loggerFxn4__C)
                  0000d52c    00000004     app_pe430X.oe430X (.const:ti_sysbios_utils_Load_Module__loggerObj__C)
                  0000d530    00000004     app_pe430X.oe430X (.const:ti_sysbios_utils_Load_postUpdate__C)
                  0000d534    00000004     app_pe430X.oe430X (.const:ti_uia_loggers_LoggerStopMode_Module__diagsEnabled__C)
                  0000d538    00000004     app_pe430X.oe430X (.const:ti_uia_loggers_LoggerStopMode_Module__diagsIncluded__C)
                  0000d53c    00000004     app_pe430X.oe430X (.const:ti_uia_loggers_LoggerStopMode_Module__diagsMask__C)
                  0000d540    00000004     app_pe430X.oe430X (.const:ti_uia_runtime_ILoggerSnapshot_Interface__BASE__C)
                  0000d544    00000004     app_pe430X.oe430X (.const:ti_uia_runtime_IUIATransfer_Interface__BASE__C)
                  0000d548    00000004     app_pe430X.oe430X (.const:xdc_runtime_Assert_E_assertFailed__C)
                  0000d54c    00000004     app_pe430X.oe430X (.const:xdc_runtime_Core_A_initializedParams__C)
                  0000d550    00000004     app_pe430X.oe430X (.const:xdc_runtime_Core_Module__diagsEnabled__C)
                  0000d554    00000004     app_pe430X.oe430X (.const:xdc_runtime_Core_Module__diagsIncluded__C)
                  0000d558    00000004     app_pe430X.oe430X (.const:xdc_runtime_Core_Module__diagsMask__C)
                  0000d55c    00000004     app_pe430X.oe430X (.const:xdc_runtime_Error_E_memory__C)
                  0000d560    00000004     app_pe430X.oe430X (.const:xdc_runtime_Error_Module__diagsEnabled__C)
                  0000d564    00000004     app_pe430X.oe430X (.const:xdc_runtime_Error_Module__diagsIncluded__C)
                  0000d568    00000004     app_pe430X.oe430X (.const:xdc_runtime_Error_Module__diagsMask__C)
                  0000d56c    00000004     app_pe430X.oe430X (.const:xdc_runtime_Error_Module__loggerFxn8__C)
                  0000d570    00000004     app_pe430X.oe430X (.const:xdc_runtime_Error_Module__loggerObj__C)
                  0000d574    00000004     app_pe430X.oe430X (.const:xdc_runtime_Error_policyFxn__C)
                  0000d578    00000004     app_pe430X.oe430X (.const:xdc_runtime_Error_raiseHook__C)
                  0000d57c    00000004     app_pe430X.oe430X (.const:xdc_runtime_HeapStd_A_align__C)
                  0000d580    00000004     app_pe430X.oe430X (.const:xdc_runtime_HeapStd_A_invalidTotalFreeSize__C)
                  0000d584    00000004     app_pe430X.oe430X (.const:xdc_runtime_HeapStd_A_zeroSize__C)
                  0000d588    00000004     app_pe430X.oe430X (.const:xdc_runtime_HeapStd_E_noRTSMemory__C)
                  0000d58c    00000004     app_pe430X.oe430X (.const:xdc_runtime_HeapStd_Module__diagsEnabled__C)
                  0000d590    00000004     app_pe430X.oe430X (.const:xdc_runtime_HeapStd_Module__diagsIncluded__C)
                  0000d594    00000004     app_pe430X.oe430X (.const:xdc_runtime_HeapStd_Module__diagsMask__C)
                  0000d598    00000004     app_pe430X.oe430X (.const:xdc_runtime_IFilterLogger_Interface__BASE__C)
                  0000d59c    00000004     app_pe430X.oe430X (.const:xdc_runtime_IGateProvider_Interface__BASE__C)
                  0000d5a0    00000004     app_pe430X.oe430X (.const:xdc_runtime_IHeap_Interface__BASE__C)
                  0000d5a4    00000004     app_pe430X.oe430X (.const:xdc_runtime_ILogger_Interface__BASE__C)
                  0000d5a8    00000004     app_pe430X.oe430X (.const:xdc_runtime_IModule_Interface__BASE__C)
                  0000d5ac    00000004     app_pe430X.oe430X (.const:xdc_runtime_Log_L_error__C)
                  0000d5b0    00000004     app_pe430X.oe430X (.const:xdc_runtime_Log_L_info__C)
                  0000d5b4    00000004     app_pe430X.oe430X (.const:xdc_runtime_Main_Module__diagsEnabled__C)
                  0000d5b8    00000004     app_pe430X.oe430X (.const:xdc_runtime_Main_Module__diagsIncluded__C)
                  0000d5bc    00000004     app_pe430X.oe430X (.const:xdc_runtime_Main_Module__diagsMask__C)
                  0000d5c0    00000004     app_pe430X.oe430X (.const:xdc_runtime_Main_Module__loggerFxn4__C)
                  0000d5c4    00000004     app_pe430X.oe430X (.const:xdc_runtime_Main_Module__loggerObj__C)
                  0000d5c8    00000004     app_pe430X.oe430X (.const:xdc_runtime_Memory_defaultHeapInstance__C)
                  0000d5cc    00000004     app_pe430X.oe430X (.const:xdc_runtime_Startup_execImpl__C)
                  0000d5d0    00000004     app_pe430X.oe430X (.const:xdc_runtime_Startup_lastFxns__A)
                  0000d5d4    00000004     app_pe430X.oe430X (.const:xdc_runtime_Startup_sfxnRts__C)
                  0000d5d8    00000004     app_pe430X.oe430X (.const:xdc_runtime_Startup_sfxnTab__C)
                  0000d5dc    00000004     app_pe430X.oe430X (.const:xdc_runtime_SysMin_outputFunc__C)
                  0000d5e0    00000004     app_pe430X.oe430X (.const:xdc_runtime_System_Module__gateObj__C)
                  0000d5e4    00000004     app_pe430X.oe430X (.const:xdc_runtime_System_abortFxn__C)
                  0000d5e8    00000004     app_pe430X.oe430X (.const:xdc_runtime_System_exitFxn__C)
                  0000d5ec    00000004     app_pe430X.oe430X (.const:xdc_runtime_System_extendFxn__C)
                  0000d5f0    00000004     app_pe430X.oe430X (.const:xdc_runtime_Text_charTab__C)
                  0000d5f4    00000004     app_pe430X.oe430X (.const:xdc_runtime_Text_nameEmpty__C)
                  0000d5f8    00000004     app_pe430X.oe430X (.const:xdc_runtime_Text_nameStatic__C)
                  0000d5fc    00000004     app_pe430X.oe430X (.const:xdc_runtime_Text_nameUnknown__C)
                  0000d600    00000004     app_pe430X.oe430X (.const:xdc_runtime_Text_nodeTab__C)
                  0000d604    00000004     app_pe430X.oe430X (.const:xdc_runtime_Text_visitRopeFxn__C)
                  0000d608    00000002     app_pe430X.oe430X (.const:ti_sysbios_family_msp430_Hwi_Object__count__C)
                  0000d60a    00000002     app_pe430X.oe430X (.const:ti_sysbios_family_msp430_Timer_numTimerDevices__C)
                  0000d60c    00000002     app_pe430X.oe430X (.const:ti_sysbios_family_msp430_Timer_startupNeeded__C)
                  0000d60e    00000002     app_pe430X.oe430X (.const:ti_sysbios_family_msp430_TimestampProvider_Module__id__C)
                  0000d610    00000002     app_pe430X.oe430X (.const:ti_sysbios_family_msp430_TimestampProvider_useClockTimer__C)
                  0000d612    00000002     app_pe430X.oe430X (.const:ti_sysbios_gates_GateMutex_Instance_State_sem__O)
                  0000d614    00000002     app_pe430X.oe430X (.const:ti_sysbios_gates_GateMutex_Module__id__C)
                  0000d616    00000002     app_pe430X.oe430X (.const:ti_sysbios_hal_Hwi_Module__id__C)
                  0000d618    00000002     app_pe430X.oe430X (.const:ti_sysbios_heaps_HeapMem_Object__count__C)
                  0000d61a    00000002     app_pe430X.oe430X (.const:ti_sysbios_knl_Clock_Module_State_clockQ__O)
                  0000d61c    00000002     app_pe430X.oe430X (.const:ti_sysbios_knl_Clock_Module__id__C)
                  0000d61e    00000002     app_pe430X.oe430X (.const:ti_sysbios_knl_Clock_Module__loggerDefined__C)
                  0000d620    00000002     app_pe430X.oe430X (.const:ti_sysbios_knl_Mailbox_Instance_State_freeQue__O)
                  0000d622    00000002     app_pe430X.oe430X (.const:ti_sysbios_knl_Mailbox_Object__count__C)
                  0000d624    00000002     app_pe430X.oe430X (.const:ti_sysbios_knl_Mailbox_maxTypeAlign__C)
                  0000d626    00000002     app_pe430X.oe430X (.const:ti_sysbios_knl_Semaphore_Instance_State_pendQ__O)
                  0000d628    00000002     app_pe430X.oe430X (.const:ti_sysbios_knl_Semaphore_Module__id__C)
                  0000d62a    00000002     app_pe430X.oe430X (.const:ti_sysbios_knl_Semaphore_Module__loggerDefined__C)
                  0000d62c    00000002     app_pe430X.oe430X (.const:ti_sysbios_knl_Swi_Module__id__C)
                  0000d62e    00000002     app_pe430X.oe430X (.const:ti_sysbios_knl_Swi_Module__loggerDefined__C)
                  0000d630    00000002     app_pe430X.oe430X (.const:ti_sysbios_knl_Swi_Object__count__C)
                  0000d632    00000002     app_pe430X.oe430X (.const:ti_sysbios_knl_Task_Module_State_inactiveQ__O)
                  0000d634    00000002     app_pe430X.oe430X (.const:ti_sysbios_knl_Task_Module__id__C)
                  0000d636    00000002     app_pe430X.oe430X (.const:ti_sysbios_knl_Task_Module__loggerDefined__C)
                  0000d638    00000002     app_pe430X.oe430X (.const:ti_sysbios_knl_Task_Object__count__C)
                  0000d63a    00000002     app_pe430X.oe430X (.const:ti_sysbios_knl_Task_initStackFlag__C)
                  0000d63c    00000002     app_pe430X.oe430X (.const:ti_sysbios_knl_Task_numConstructedTasks__C)
                  0000d63e    00000002     app_pe430X.oe430X (.const:ti_sysbios_utils_Load_Module_State_taskList__O)
                  0000d640    00000002     app_pe430X.oe430X (.const:ti_sysbios_utils_Load_Module__id__C)
                  0000d642    00000002     app_pe430X.oe430X (.const:ti_sysbios_utils_Load_Module__loggerDefined__C)
                  0000d644    00000002     app_pe430X.oe430X (.const:ti_sysbios_utils_Load_autoAddTasks__C)
                  0000d646    00000002     app_pe430X.oe430X (.const:ti_sysbios_utils_Load_hwiEnabled__C)
                  0000d648    00000002     app_pe430X.oe430X (.const:ti_sysbios_utils_Load_updateInIdle__C)
                  0000d64a    00000002     app_pe430X.oe430X (.const:ti_sysbios_utils_Load_windowInMs__C)
                  0000d64c    00000002     app_pe430X.oe430X (.const:ti_uia_loggers_LoggerStopMode_Module__id__C)
                  0000d64e    00000002     app_pe430X.oe430X (.const:ti_uia_loggers_LoggerStopMode_Object__count__C)
                  0000d650    00000002     app_pe430X.oe430X (.const:ti_uia_loggers_LoggerStopMode_isTimestampEnabled__C)
                  0000d652    00000002     app_pe430X.oe430X (.const:xdc_runtime_Core_Module__id__C)
                  0000d654    00000002     app_pe430X.oe430X (.const:xdc_runtime_Error_Module__loggerDefined__C)
                  0000d656    00000002     app_pe430X.oe430X (.const:xdc_runtime_Error_maxDepth__C)
                  0000d658    00000002     app_pe430X.oe430X (.const:xdc_runtime_Error_policy__C)
                  0000d65a    00000002     app_pe430X.oe430X (.const:xdc_runtime_HeapStd_Module__id__C)
                  0000d65c    00000002     app_pe430X.oe430X (.const:xdc_runtime_Main_Module__id__C)
                  0000d65e    00000002     app_pe430X.oe430X (.const:xdc_runtime_Main_Module__loggerDefined__C)
                  0000d660    00000002     app_pe430X.oe430X (.const:xdc_runtime_Memory_Module__id__C)
                  0000d662    00000002     app_pe430X.oe430X (.const:xdc_runtime_Startup_maxPasses__C)
                  0000d664    00000002     app_pe430X.oe430X (.const:xdc_runtime_SysMin_bufSize__C)
                  0000d666    00000002     app_pe430X.oe430X (.const:xdc_runtime_SysMin_flushAtExit__C)
                  0000d668    00000002     app_pe430X.oe430X (.const:xdc_runtime_System_maxAtexitHandlers__C)
                  0000d66a    00000002     app_pe430X.oe430X (.const:xdc_runtime_Text_charCnt__C)
                  0000d66c    00000002     app_pe430X.oe430X (.const:xdc_runtime_Text_isLoaded__C)
                  0000d66e    00000002     app_pe430X.oe430X (.const:xdc_runtime_Text_registryModsLastId__C)
                  0000d670    00000002     app_pe430X.oe430X (.const:xdc_runtime_Text_unnamedModsLastId__C)

.cinit     0    0000d672    00000476     
                  0000d672    00000445     (.cinit..data.load) [load image, compression = rle]
                  0000dab7    00000001     --HOLE-- [fill = 0]
                  0000dab8    0000000c     (__TI_handler_table)
                  0000dac4    00000006     (.cinit..bss.load) [load image, compression = zero_init]
                  0000daca    00000006     (.cinit..cio.load) [load image, compression = zero_init]
                  0000dad0    00000018     (__TI_cinit_table)

.init_array 
*          0    00004400    00000000     UNINITIALIZED

.TI.noinit 
*          0    00002400    00000000     UNINITIALIZED

.TI.persistent 
*          0    000031a4    00000000     UNINITIALIZED

.text      0    00004496    00006dbe     
                  00004496    000004dc     sysbios.ae430X : BIOS.obj (.text:ti_sysbios_knl_Semaphore_pend__E)
                  00004972    000004d6     ti.targets.msp430.rts430.ae430X : System.oe430X (.text:xdc_runtime_System_doPrint__I)
                  00004e48    00000272                                     : HeapStd.oe430X (.text:xdc_runtime_HeapStd_alloc__E)
                  000050ba    0000025e     app_pe430X.oe430X (.text:ti_uia_loggers_LoggerStopMode_write8__E)
                  00005318    00000252     app_pe430X.oe430X (.text:ti_uia_loggers_LoggerStopMode_writeMemoryRange__E)
                  0000556a    00000208     sysbios.ae430X : BIOS.obj (.text:ti_sysbios_knl_Semaphore_post__E)
                  00005772    000001ee     app_pe430X.oe430X (.text:ti_uia_loggers_LoggerStopMode_write4__E)
                  00005960    000001c8     ti.targets.msp430.rts430.ae430X : Core-mem.oe430X (.text:xdc_runtime_Core_createObject__I)
                  00005b28    000001b6     app_pe430X.oe430X (.text:ti_uia_loggers_LoggerStopMode_write2__E)
                  00005cde    000001b2     sysbios.ae430X : BIOS.obj (.text:ti_sysbios_knl_Swi_run__I)
                  00005e90    0000019c                    : BIOS.obj (.text:ti_sysbios_knl_Task_startCore__E)
                  0000602c    0000019c     ti.targets.msp430.rts430.ae430X : HeapStd.oe430X (.text:xdc_runtime_HeapStd_Instance_init__E)
                  000061c8    00000198     sysbios.ae430X : BIOS.obj (.text:ti_sysbios_knl_Clock_workFunc__E)
                  00006360    00000198     app_pe430X.oe430X (.text:ti_uia_loggers_LoggerStopMode_write1__E)
                  000064f8    0000018e     sysbios.ae430X : BIOS.obj (.text:ti_sysbios_utils_Load_updateThreadContexts__E)
                  00006686    0000018c                    : BIOS.obj (.text:ti_sysbios_knl_Task_schedule__I)
                  00006812    00000180     main.obj (.text:ledToggle)
                  00006992    0000017e     app_pe430X.oe430X (.text:ti_uia_loggers_LoggerStopMode_write0__E)
                  00006b10    0000017a     sysbios.ae430X : BIOS.obj (.text:ti_sysbios_utils_Load_logLoads__I)
                  00006c8a    0000016c     ti.targets.msp430.rts430.ae430X : Core-smem.oe430X (.text:xdc_runtime_Core_constructObject__I)
                  00006df6    00000164     app_pe430X.oe430X (.text:xdc_runtime_System_printfExtend__I)
                  00006f5a    00000158     ti.targets.msp430.rts430.ae430X : Error.oe430X (.text:xdc_runtime_Error_policyDefault__E)
                  000070b2    00000148     sysbios.ae430X : BIOS.obj (.text:ti_sysbios_gates_GateMutex_enter__E)
                  000071fa    00000146     ti.targets.msp430.rts430.ae430X : HeapStd.oe430X (.text:xdc_runtime_HeapStd_free__E)
                  00007340    00000142     sysbios.ae430X : BIOS.obj (.text:ti_sysbios_utils_Load_updateLoads__E)
                  00007482    00000136                    : BIOS.obj (.text:ti_sysbios_knl_Task_checkStacks__E)
                  000075b8    00000132                    : BIOS.obj (.text:ti_sysbios_knl_Semaphore_Instance_init__E)
                  000076ea    00000128                    : BIOS.obj (.text:ti_sysbios_knl_Task_unblockI__E)
                  00007812    00000122                    : BIOS.obj (.text:ti_sysbios_utils_Load_idleFxn__E)
                  00007934    00000108                    : BIOS.obj (.text:ti_sysbios_knl_Task_exit__E)
                  00007a3c    00000100                    : BIOS.obj (.text:ti_sysbios_knl_Swi_post__E)
                  00007b3c    00000100                    : BIOS.obj (.text:ti_sysbios_knl_Task_postInit__I)
                  00007c3c    000000f8     main.obj (.text:hardware_init)
                  00007d34    000000ec     sysbios.ae430X : BIOS.obj (.text:ti_sysbios_knl_Swi_restoreHwi__E)
                  00007e20    000000ec                    : BIOS.obj (.text:ti_sysbios_utils_Load_updateCurrentThreadTime__E)
                  00007f0c    000000e2     ccs-MSP430F5529.lib : ucs.obj (.text:UCS_initFLL)
                  00007fee    000000de     sysbios.ae430X : BIOS.obj (.text:ti_sysbios_knl_Task_blockI__E)
                  000080cc    000000dc                    : BIOS.obj (.text:ti_sysbios_knl_Swi_runLoop__I)
                  000081a8    000000d8     ti.uia.loggers.ae430X : LoggerStopMode.oe430X (.text:ti_uia_loggers_LoggerStopMode_initQueueDescriptor__E)
                  00008280    000000ce                           : LoggerStopMode.oe430X (.text:ti_uia_loggers_LoggerStopMode_flush__E)
                  0000834e    000000c4     ccs-MSP430F5529.lib : timer_a.obj (.text:privateTimerAProcessClockSourceDivider)
                  00008412    000000bc     ti.targets.msp430.rts430.ae430X : Startup.oe430X (.text:xdc_runtime_Startup_startMods__I)
                  000084ce    000000b8                                     : Text.oe430X (.text:xdc_runtime_Text_putSite__E)
                  00008586    000000b4     sysbios.ae430X : BIOS.obj (.text:ti_sysbios_knl_Swi_schedule__I)
                  0000863a    0000009e                    : BIOS.obj (.text:ti_sysbios_utils_Load_taskCreateHook__E)
                  000086d8    0000009a                    : BIOS.obj (.text:ti_sysbios_knl_Task_Module_startup__E)
                  00008772    00000096     ti.targets.msp430.rts430.ae430X : System.oe430X (.text:xdc_runtime_System_formatNum__I)
                  00008808    00000092     sysbios.ae430X : BIOS.obj (.text:ti_sysbios_utils_Load_addTask__E)
                  0000889a    00000092     ti.targets.msp430.rts430.ae430X : Error.oe430X (.text:xdc_runtime_Error_print__E)
                  0000892c    00000090     ti.uia.runtime.ae430X : QueueDescriptor.oe430X (.text:ti_uia_runtime_QueueDescriptor_addToList__E)
                  000089bc    0000008e     ccs-MSP430F5529.lib : gpio.obj (.text:GPIO_setAsOutputPin)
                  00008a4a    0000008e     sysbios.ae430X : BIOS.obj (.text:ti_sysbios_utils_Load_taskSwitchHook__E)
                  00008ad8    0000008a                    : BIOS.obj (.text:ti_sysbios_family_msp430_Timer_getExpiredCounts__E)
                  00008b62    0000008a                    : BIOS.obj (.text:ti_sysbios_family_msp430_TimestampProvider_Module_startup__E)
                  00008bec    00000088     ccs-MSP430F5529.lib : ucs.obj (.text:UCS_clockSignalInit)
                  00008c74    00000088     sysbios.ae430X : BIOS.obj (.text:ti_sysbios_knl_Clock_logTick__E)
                  00008cfc    00000088                    : BIOS.obj (.text:ti_sysbios_utils_Load_logCPULoad__I)
                  00008d84    00000086     ti.targets.msp430.rts430.ae430X : Text.oe430X (.text:xdc_runtime_Text_putMod__E)
                  00008e0a    00000084     sysbios.ae430X : BIOS.obj (.text:ti_sysbios_family_msp430_Hwi_Module_startup__E)
                  00008e8e    00000084                    : BIOS.obj (.text:ti_sysbios_utils_Load_taskDeleteHook__E)
                  00008f12    00000082     ti.targets.msp430.rts430.ae430X : Text.oe430X (.text:xdc_runtime_Text_putLab__E)
                  00008f94    00000080     sysbios.ae430X : BIOS.obj (.text:ti_sysbios_family_msp430_TimestampProvider_get32__E)
                  00009014    00000080     ti.targets.msp430.rts430.ae430X : Memory.oe430X (.text:xdc_runtime_Memory_alloc__E)
                  00009094    0000007a     boot.ae430X : autoinit.oe430X (.text:_auto_init_hold_wdt)
                  0000910e    0000007a     ti.targets.msp430.rts430.ae430X : Error.oe430X (.text:xdc_runtime_Error_setX__E)
                  00009188    00000078     sysbios.ae430X : msp430_TaskSupport_asm.obj (.text:_ti_sysbios_family_msp430_TaskSupport_buildTaskStack)
                  00009200    00000076     ti.targets.msp430.rts430.ae430X : Core-mem.oe430X (.text:xdc_runtime_Core_deleteObject__I)
                  00009276    00000072     sysbios.ae430X : BIOS.obj (.text:ti_sysbios_family_msp430_Timer_periodicStub__E)
                  000092e8    00000072                    : BIOS.obj (.text:ti_sysbios_heaps_HeapMem_init__I)
                  0000935a    00000070     ccs-MSP430F5529.lib : gpio.obj (.text:GPIO_setOutputLowOnPin)
                  000093ca    00000070                         : gpio.obj (.text:GPIO_toggleOutputOnPin)
                  0000943a    0000006c     app_pe430X.oe430X (.text:xdc_runtime_HeapStd_Object__create__S)
                  000094a6    0000006a     rts430x_lc_rd_eabi.lib : trgdrv.obj (.text:HOSTwrite)
                  00009510    00000068                            : copy_decompress_rle.obj (.text:__TI_decompress_rle_core)
                  00009578    00000068     sysbios.ae430X : BIOS.obj (.text:ti_sysbios_family_msp430_TaskSupport_start__E)
                  000095e0    00000068     ti.targets.msp430.rts430.ae430X : Assert.oe430X (.text:xdc_runtime_Assert_raise__I)
                  00009648    00000064     sysbios.ae430X : BIOS.obj (.text:ti_sysbios_family_msp430_Hwi_postInit__I)
                  000096ac    00000060     ccs-MSP430F5529.lib : gpio.obj (.text:privateGPIOGetBaseAddress)
                  0000970c    00000060     sysbios.ae430X : BIOS.obj (.text:ti_sysbios_family_msp430_Timer_getFreq__E)
                  0000976c    00000060                    : BIOS.obj (.text:ti_sysbios_utils_Load_removeTask__E)
                  000097cc    00000060     ti.uia.loggers.ae430X : LoggerStopMode.oe430X (.text:ti_uia_loggers_LoggerStopMode_initBuffer__I)
                  0000982c    0000005e     sysbios.ae430X : BIOS.obj (.text:ti_sysbios_family_msp430_Timer_setNextTick__E)
                  0000988a    0000005a     ti.targets.msp430.rts430.ae430X : Text.oe430X (.text:xdc_runtime_Text_visitRope2__I)
                  000098e4    00000058     rts430x_lc_rd_eabi.lib : div32u.obj (.text)
                  0000993c    00000056     ccs-MSP430F5529.lib : timer_a.obj (.text:TIMER_A_configureUpMode)
                  00009992    00000056     sysbios.ae430X : BIOS.obj (.text:ti_sysbios_family_msp430_Hwi_getStackInfo__E)
                  000099e8    00000056     ti.uia.loggers.ae430X : LoggerStopMode.oe430X (.text:ti_uia_loggers_LoggerStopMode_reset__E)
                  00009a3e    00000056     ti.targets.msp430.rts430.ae430X : SysMin.oe430X (.text:xdc_runtime_SysMin_flush__E)
                  00009a94    00000054     sysbios.ae430X : BIOS.obj (.text:ti_sysbios_family_msp430_Timer_start__E)
                  00009ae8    00000054                    : BIOS.obj (.text:ti_sysbios_knl_Task_processVitalTaskFlag__I)
                  00009b3c    00000052                    : BIOS.obj (.text:ti_sysbios_knl_Mailbox_Module_startup__E)
                  00009b8e    00000052                    : BIOS.obj (.text:ti_sysbios_knl_Swi_restore__E)
                  00009be0    00000050                    : BIOS.obj (.text:ti_sysbios_family_msp430_Timer_initDevice__I)
                  00009c30    00000050     ti.targets.msp430.rts430.ae430X : Startup.oe430X (.text:xdc_runtime_Startup_exec__E)
                  00009c80    0000004e                                     : Core-params.oe430X (.text:xdc_runtime_Core_assignParams__I)
                  00009cce    0000004c     ti.catalog.msp430.init.ae430X : Boot.oe430X (.text:.bootCodeSection:ti_catalog_msp430_init_Boot_configureDCO)
                  00009d1a    0000004c     sysbios.ae430X : BIOS.obj (.text:ti_sysbios_knl_Semaphore_pendTimeout__I)
                  00009d66    0000004c                    : BIOS.obj (.text:ti_sysbios_utils_Load_getTaskLoad__E)
                  00009db2    0000004c     ti.uia.loggers.ae430X : LoggerStopMode.oe430X (.text:ti_uia_loggers_LoggerStopMode_Module_startup__E)
                  00009dfe    0000004c     ti.targets.msp430.rts430.ae430X : SysMin.oe430X (.text:xdc_runtime_SysMin_putch__E)
                  00009e4a    0000004a     sysbios.ae430X : BIOS.obj (.text:ti_sysbios_family_msp430_Timer_startup__E)
                  00009e94    0000004a                    : BIOS.obj (.text:ti_sysbios_knl_Task_allBlockedFunction__I)
                  00009ede    00000048                    : BIOS.obj (.text:ti_sysbios_hal_Hwi_checkStack)
                  00009f26    00000046                    : BIOS.obj (.text:ti_sysbios_family_msp430_Timer_Module_startup__E)
                  00009f6c    00000042                    : BIOS.obj (.text:ti_sysbios_family_msp430_Timer_getCount__E)
                  00009fae    00000042     app_pe430X.oe430X (.text:ti_sysbios_gates_GateHwi_Object__create__S)
                  00009ff0    00000042     app_pe430X.oe430X (.text:ti_sysbios_gates_GateMutex_Object__create__S)
                  0000a032    00000042     sysbios.ae430X : BIOS.obj (.text:ti_sysbios_knl_Clock_addI__E)
                  0000a074    00000042                    : BIOS.obj (.text:ti_sysbios_utils_Load_getGlobalHwiLoad__E)
                  0000a0b6    00000042     app_pe430X.oe430X (.text:ti_uia_loggers_LoggerStopMode_Object__create__S)
                  0000a0f8    00000042     ti.targets.msp430.rts430.ae430X : Text.oe430X (.text:xdc_runtime_Text_xprintf__I)
                  0000a13a    00000040     rts430x_lc_rd_eabi.lib : rand.obj (.text:rand)
                  0000a17a    00000040     ti.targets.msp430.rts430.ae430X : Text.oe430X (.text:xdc_runtime_Text_printVisFxn__I)
                  0000a1ba    0000003e     rts430x_lc_rd_eabi.lib : lsl32.obj (.text:l_lsl_const)
                  0000a1f8    0000003e                            : lsr32.obj (.text:l_lsr_const)
                  0000a236    0000003e     app_pe430X.oe430X (.text:ti_sysbios_knl_Semaphore_construct)
                  0000a274    0000003c     main.obj (.text:mailbox_queue)
                  0000a2b0    0000003c     sysbios.ae430X : BIOS.obj (.text:ti_sysbios_hal_Hwi_initStack)
                  0000a2ec    0000003a                    : BIOS.obj (.text:ti_sysbios_family_msp430_Hwi49_p2)
                  0000a326    0000003a     app_pe430X.oe430X (.text:ti_sysbios_knl_Queue_construct)
                  0000a360    0000003a     ti.targets.msp430.rts430.ae430X : System.oe430X (.text:xdc_runtime_System_atexit__E)
                  0000a39a    0000003a                                     : System.oe430X (.text:xdc_runtime_System_processAtExit__E)
                  0000a3d4    0000003a                                     : System.oe430X (.text:xdc_runtime_System_putchar__I)
                  0000a40e    00000038     sysbios.ae430X : BIOS.obj (.text:ti_sysbios_family_msp430_Hwi53_p2)
                  0000a446    00000038                    : BIOS.obj (.text:ti_sysbios_knl_Mailbox_postInit__I)
                  0000a47e    00000036     rts430x_lc_rd_eabi.lib : trgmsg.obj (.text:__TI_writemsg)
                  0000a4b4    00000036     ti.targets.msp430.rts430.ae430X : Error.oe430X (.text:xdc_runtime_Error_raiseX__E)
                  0000a4ea    00000032     ccs-MSP430F5529.lib : ucs.obj (.text:UCS_initFLLSettle)
                  0000a51c    00000032     rts430x_lc_rd_eabi.lib : trgmsg.obj (.text:__TI_readmsg)
                  0000a54e    00000032     sysbios.ae430X : BIOS.obj (.text:ti_sysbios_family_msp430_Timer_postInit__I)
                  0000a580    00000032                    : BIOS.obj (.text:ti_sysbios_family_msp430_Timer_stop__E)
                  0000a5b2    00000032                    : msp430_Hwi_switch_asm.obj (.text:ti_sysbios_family_xxx_Hwi_switchAndRunFunc)
                  0000a5e4    00000032     ti.targets.msp430.rts430.ae430X : Core-label.oe430X (.text:xdc_runtime_Core_assignLabel__I)
                  0000a616    00000032                                     : System.oe430X (.text:xdc_runtime_System_avprintf__E)
                  0000a648    00000032                                     : System.oe430X (.text:xdc_runtime_System_vprintf__E)
                  0000a67a    00000030     sysbios.ae430X : BIOS.obj (.text:ti_sysbios_knl_Queue_put__E)
                  0000a6aa    00000030                    : BIOS.obj (.text:ti_sysbios_knl_Task_restore__E)
                  0000a6da    00000030     ti.targets.msp430.rts430.ae430X : SysMin.oe430X (.text:xdc_runtime_SysMin_abort__E)
                  0000a70a    0000002e     rts430x_lc_rd_eabi.lib : exit.obj (.text:exit)
                  0000a738    0000002c                            : div16s.obj (.text)
                  0000a764    0000002c     app_pe430X.oe430X (.text:ti_sysbios_knl_Clock_doTick__I)
                  0000a790    0000002a     app_pe430X.oe430X (.text:ti_sysbios_BIOS_atExitFunc__I)
                  0000a7ba    0000002a     app_pe430X.oe430X (.text:ti_sysbios_family_msp430_Hwi_Object__get__S)
                  0000a7e4    0000002a     sysbios.ae430X : BIOS.obj (.text:ti_sysbios_knl_Clock_Module_startup__E)
                  0000a80e    0000002a     app_pe430X.oe430X (.text:ti_sysbios_knl_Mailbox_Object__get__S)
                  0000a838    0000002a     app_pe430X.oe430X (.text:ti_sysbios_knl_Swi_Object__get__S)
                  0000a862    0000002a     app_pe430X.oe430X (.text:ti_sysbios_knl_Task_Object__get__S)
                  0000a88c    0000002a     app_pe430X.oe430X (.text:ti_uia_loggers_LoggerStopMode_Object__get__S)
                  0000a8b6    0000002a     app_pe430X.oe430X (.text:xdc_runtime_SysMin_output__I)
                  0000a8e0    00000028     app_pe430X.oe430X (.text:ti_sysbios_BIOS_errorRaiseHook__I)
                  0000a908    00000028     sysbios.ae430X : BIOS.obj (.text:ti_sysbios_knl_Queue_get__E)
                  0000a930    00000028     ti.targets.msp430.rts430.ae430X : Text.oe430X (.text:xdc_runtime_Text_cordText__E)
                  0000a958    00000026     rts430x_lc_rd_eabi.lib : args_main.obj (.text:_args_main)
                  0000a97e    00000026     app_pe430X.oe430X (.text:ti_sysbios_gates_GateMutex_Object__delete__S)
                  0000a9a4    00000026     sysbios.ae430X : BIOS.obj (.text:ti_sysbios_knl_Swi_Module_startup__E)
                  0000a9ca    00000024     rts430x_lc_rd_eabi.lib : copy_zero_init.obj (.text:decompress:ZI:__TI_zero_init)
                  0000a9ee    00000024     app_pe430X.oe430X (.text:ti_sysbios_BIOS_rtsLock__I)
                  0000aa12    00000024     app_pe430X.oe430X (.text:ti_sysbios_gates_GateHwi_Object__delete__S)
                  0000aa36    00000024     ti.uia.loggers.ae430X : LoggerStopMode.oe430X (.text:ti_uia_loggers_LoggerStopMode_Instance_init__E)
                  0000aa5a    00000024     app_pe430X.oe430X (.text:ti_uia_loggers_LoggerStopMode_Object__delete__S)
                  0000aa7e    00000024     app_pe430X.oe430X (.text:xdc_runtime_HeapStd_Object__delete__S)
                  0000aaa2    00000022     rts430x_lc_rd_eabi.lib : mult32_f5hw.obj (.text)
                  0000aac4    00000022     sysbios.ae430X : BIOS.obj (.text:ti_sysbios_gates_GateMutex_Instance_init__E)
                  0000aae6    00000022                    : BIOS.obj (.text:ti_sysbios_gates_GateMutex_leave__E)
                  0000ab08    00000022                    : BIOS.obj (.text:ti_sysbios_knl_Clock_startI__E)
                  0000ab2a    00000022                    : BIOS.obj (.text:ti_sysbios_knl_Idle_run__E)
                  0000ab4c    00000022                    : BIOS.obj (.text:ti_sysbios_knl_Task_restoreHwi__E)
                  0000ab6e    00000022                    : BIOS.obj (.text:ti_sysbios_knl_Task_unblock__E)
                  0000ab90    00000022     ti.uia.loggers.ae430X : LoggerStopMode.oe430X (.text:ti_uia_loggers_LoggerStopMode_disable__E)
                  0000abb2    00000022                           : LoggerStopMode.oe430X (.text:ti_uia_loggers_LoggerStopMode_enable__E)
                  0000abd4    00000022     ti.targets.msp430.rts430.ae430X : Memory.oe430X (.text:xdc_runtime_Memory_valloc__E)
                  0000abf6    00000020                                     : Error.oe430X (.text:xdc_runtime_Error_check__E)
                  0000ac16    00000020                                     : HeapStd.oe430X (.text:xdc_runtime_HeapStd_getStats__E)
                  0000ac36    0000001e     app_pe430X.oe430X (.text:ti_sysbios_BIOS_rtsUnlock__I)
                  0000ac54    0000001e     app_pe430X.oe430X (.text:ti_sysbios_family_msp430_Timer_Module__startupDone__F)
                  0000ac72    0000001e     app_pe430X.oe430X (.text:ti_sysbios_gates_GateHwi_Handle__label__S)
                  0000ac90    0000001e     app_pe430X.oe430X (.text:ti_sysbios_gates_GateMutex_Handle__label__S)
                  0000acae    0000001e     sysbios.ae430X : BIOS.obj (.text:ti_sysbios_knl_Task_enter__I)
                  0000accc    0000001e     app_pe430X.oe430X (.text:ti_uia_loggers_LoggerStopMode_Handle__label__S)
                  0000acea    0000001e     app_pe430X.oe430X (.text:xdc_runtime_HeapStd_Handle__label__S)
                  0000ad08    0000001c     sysbios.ae430X : msp430_TaskSupport_asm.obj (.text:_ti_sysbios_family_msp430_TaskSupport_swap__E)
                  0000ad24    0000001c     main.obj (.text:rand_num_gen)
                  0000ad40    0000001c     app_pe430X.oe430X (.text:ti_sysbios_BIOS_startFunc__I)
                  0000ad5c    0000001c     app_pe430X.oe430X (.text:ti_sysbios_family_msp430_Hwi_Module__startupDone__F)
                  0000ad78    0000001c     app_pe430X.oe430X (.text:ti_sysbios_heaps_HeapMem_Object__get__S)
                  0000ad94    0000001c     app_pe430X.oe430X (.text:ti_sysbios_knl_Queue_Object__get__S)
                  0000adb0    0000001c     ti.targets.msp430.rts430.ae430X : Registry.oe430X (.text:xdc_runtime_Registry_findById__E)
                  0000adcc    0000001c                                     : SysMin.oe430X (.text:xdc_runtime_SysMin_Module_startup__E)
                  0000ade8    0000001a     app_pe430X.oe430X (.text:ti_sysbios_BIOS_exitFunc__I)
                  0000ae02    0000001a     app_pe430X.oe430X (.text:ti_sysbios_BIOS_registerRTSLock__I)
                  0000ae1c    0000001a     app_pe430X.oe430X (.text:ti_sysbios_BIOS_removeRTSLock__I)
                  0000ae36    0000001a     sysbios.ae430X : BIOS.obj (.text:ti_sysbios_family_msp430_TimestampProvider_get64__E)
                  0000ae50    0000001a     app_pe430X.oe430X (.text:ti_sysbios_knl_Semaphore_Object__destruct__S)
                  0000ae6a    0000001a     ti.uia.loggers.ae430X : LoggerStopMode.oe430X (.text:ti_uia_loggers_LoggerStopMode_isEmpty__E)
                  0000ae84    0000001a     ti.targets.msp430.rts430.ae430X : System.oe430X (.text:xdc_runtime_System_vsnprintf__E)
                  0000ae9e    00000018     sysbios.ae430X : BIOS.obj (.text:ti_sysbios_BIOS_setThreadType__E)
                  0000aeb6    00000018     app_pe430X.oe430X (.text:ti_sysbios_knl_Queue_Object__destruct__S)
                  0000aece    00000016     ccs-MSP430F5529.lib : wdt_a.obj (.text:WDT_A_hold)
                  0000aee4    00000016     rts430x_lc_rd_eabi.lib : memset.obj (.text:memset)
                  0000aefa    00000016                            : div16u.obj (.text)
                  0000af10    00000016                            : mult16_f5hw.obj (.text)
                  0000af26    00000016     sysbios.ae430X : BIOS.obj (.text:ti_sysbios_knl_Task_enabled__E)
                  0000af3c    00000016     ti.targets.msp430.rts430.ae430X : SysMin.oe430X (.text:xdc_runtime_SysMin_exit__E)
                  0000af52    00000016                                     : System.oe430X (.text:xdc_runtime_System_abort__E)
                  0000af68    00000014     rts430x_lc_rd_eabi.lib : memcpy.obj (.text:memcpy)
                  0000af7c    00000014     ti.targets.msp430.rts430.ae430X : Memory.oe430X (.text:xdc_runtime_Memory_calloc__E)
                  0000af90    00000014     app_pe430X.oe430X (.text:xdc_runtime_Startup_exec__I)
                  0000afa4    00000014     ti.targets.msp430.rts430.ae430X : Text.oe430X (.text:xdc_runtime_Text_ropeText__E)
                  0000afb8    00000012     rts430x_lc_rd_eabi.lib : copy_decompress_none.obj (.text:decompress:none:__TI_decompress_none)
                  0000afca    00000012     sysbios.ae430X : BIOS.obj (.text:ti_sysbios_family_msp430_TimestampProvider_startTimer__E)
                  0000afdc    00000012                    : BIOS.obj (.text:ti_sysbios_gates_GateHwi_leave__E)
                  0000afee    00000012                    : BIOS.obj (.text:ti_sysbios_gates_GateMutex_Instance_finalize__E)
                  0000b000    00000012                    : BIOS.obj (.text:ti_sysbios_knl_Semaphore_Instance_finalize__E)
                  0000b012    00000012     app_pe430X.oe430X (.text:xdc_runtime_System_aprintf__E)
                  0000b024    00000012     ti.targets.msp430.rts430.ae430X : System.oe430X (.text:xdc_runtime_System_exit__E)
                  0000b036    00000012     app_pe430X.oe430X (.text:xdc_runtime_System_printf__E)
                  0000b048    00000010     sysbios.ae430X : msp430_TaskSupport_asm.obj (.text:_ti_sysbios_family_msp430_TaskSupport_glue)
                  0000b058    00000010                    : BIOS.obj (.text:ti_sysbios_family_msp430_TaskSupport_checkStack__E)
                  0000b068    00000010                    : BIOS.obj (.text:ti_sysbios_hal_Hwi_Module_startup__E)
                  0000b078    00000010     ti.targets.msp430.rts430.ae430X : Error.oe430X (.text:xdc_runtime_Error_init__E)
                  0000b088    00000010     app_pe430X.oe430X (.text:xdc_runtime_Text_visitRope__I)
                  0000b098    0000000e     rts430x_lc_rd_eabi.lib : strlen.obj (.text:strlen)
                  0000b0a6    0000000e     sysbios.ae430X : BIOS.obj (.text:ti_sysbios_family_msp430_Timer_getMaxTicks__E)
                  0000b0b4    0000000e                    : BIOS.obj (.text:ti_sysbios_family_msp430_TimestampProvider_rolloverFunc__E)
                  0000b0c2    0000000e                    : BIOS.obj (.text:ti_sysbios_knl_Queue_empty__E)
                  0000b0d0    0000000e                    : BIOS.obj (.text:ti_sysbios_knl_Swi_disable__E)
                  0000b0de    0000000e                    : BIOS.obj (.text:ti_sysbios_knl_Task_disable__E)
                  0000b0ec    0000000e     ti.targets.msp430.rts430.ae430X : SysMin.oe430X (.text:xdc_runtime_SysMin_ready__E)
                  0000b0fa    0000000c     app_pe430X.oe430X (.text:.bootCodeSection:ti_catalog_msp430_init_Boot_init)
                  0000b106    0000000c     ti.targets.msp430.rts430.ae430X : Gate.oe430X (.text:xdc_runtime_Gate_leaveSystem__E)
                  0000b112    0000000c                                     : Memory.oe430X (.text:xdc_runtime_Memory_free__E)
                  0000b11e    0000000a     main.obj (.text:Timer_ISR)
                  0000b128    0000000a     main.obj (.text:main)
                  0000b132    0000000a     rts430x_lc_rd_eabi.lib : lsl16.obj (.text)
                  0000b13c    0000000a     sysbios.ae430X : BIOS.obj (.text:ti_sysbios_BIOS_start__E)
                  0000b146    0000000a                    : BIOS.obj (.text:ti_sysbios_family_msp430_Hwi_startup__E)
                  0000b150    0000000a                    : BIOS.obj (.text:ti_sysbios_family_msp430_TimestampProvider_getFreq__E)
                  0000b15a    0000000a                    : BIOS.obj (.text:ti_sysbios_gates_GateHwi_enter__E)
                  0000b164    0000000a                    : BIOS.obj (.text:ti_sysbios_knl_Queue_Instance_init__E)
                  0000b16e    00000008     ti.catalog.msp430.init.ae430X : Boot.oe430X (.text:.bootCodeSection:ti_catalog_msp430_init_Boot_disableWatchdog)
                  0000b176    00000008     ti.targets.msp430.rts430.ae430X : xdc_init.oe430X (.text:__xdc__init)
                  0000b17e    00000008     sysbios.ae430X : BIOS.obj (.text:ti_sysbios_family_msp430_Hwi_switchFromBootStack__E)
                  0000b186    00000008                    : BIOS.obj (.text:ti_sysbios_family_msp430_Timer_getPeriod__E)
                  0000b18e    00000008                    : BIOS.obj (.text:ti_sysbios_utils_Load_taskRegHook__E)
                  0000b196    00000008     ti.targets.msp430.rts430.ae430X : Gate.oe430X (.text:xdc_runtime_Gate_enterSystem__E)
                  0000b19e    00000008     app_pe430X.oe430X (.text:xdc_runtime_IHeap_alloc)
                  0000b1a6    00000008     app_pe430X.oe430X (.text:xdc_runtime_IHeap_free)
                  0000b1ae    00000008     ti.targets.msp430.rts430.ae430X : Memory.oe430X (.text:xdc_runtime_Memory_getMaxDefaultTypeAlign__E)
                  0000b1b6    00000006     ccs-MSP430F5529.lib : timer_a.obj (.text:TIMER_A_startCounter)
                  0000b1bc    00000006     rts430x_lc_rd_eabi.lib : _lock.obj (.text:_register_lock)
                  0000b1c2    00000006                            : _lock.obj (.text:_register_unlock)
                  0000b1c8    00000006                            : copy_decompress_rle.obj (.text:decompress:rle24:__TI_decompress_rle24)
                  0000b1ce    00000006     sysbios.ae430X : BIOS.obj (.text:ti_sysbios_knl_Idle_loop__E)
                  0000b1d4    00000006                    : BIOS.obj (.text:ti_sysbios_knl_Swi_startup__E)
                  0000b1da    00000006     ti.uia.loggers.ae430X : LoggerStopMode.oe430X (.text:ti_uia_loggers_LoggerStopMode_getInstanceId__E)
                  0000b1e0    00000006                           : LoggerStopMode.oe430X (.text:ti_uia_loggers_LoggerStopMode_getMaxLength__E)
                  0000b1e6    00000006     ti.targets.msp430.rts430.ae430X : Error.oe430X (.text:xdc_runtime_Error_getSite__E)
                  0000b1ec    00000004     boot.ae430X : pre_init.oe430X (.text:_system_pre_init)
                  0000b1f0    00000004     rts430x_lc_rd_eabi.lib : exit.obj (.text:abort)
                  0000b1f4    00000004     app_pe430X.oe430X (.text:malloc)
                  0000b1f8    00000004     app_pe430X.oe430X (.text:ti_sysbios_BIOS_RtsGateProxy_enter__E)
                  0000b1fc    00000004     app_pe430X.oe430X (.text:ti_sysbios_BIOS_RtsGateProxy_leave__E)
                  0000b200    00000004     app_pe430X.oe430X (.text:ti_sysbios_family_msp430_TaskSupport_Module__startupDone__S)
                  0000b204    00000004     sysbios.ae430X : BIOS.obj (.text:ti_sysbios_gates_GateHwi_query__E)
                  0000b208    00000004                    : BIOS.obj (.text:ti_sysbios_gates_GateMutex_query__E)
                  0000b20c    00000004     app_pe430X.oe430X (.text:ti_sysbios_knl_Clock_TimerProxy_getMaxTicks__E)
                  0000b210    00000004     app_pe430X.oe430X (.text:ti_sysbios_knl_Clock_TimerProxy_getPeriod__E)
                  0000b214    00000004     app_pe430X.oe430X (.text:ti_sysbios_knl_Queue_destruct)
                  0000b218    00000004     app_pe430X.oe430X (.text:ti_sysbios_knl_Semaphore_destruct)
                  0000b21c    00000004     sysbios.ae430X : BIOS.obj (.text:ti_sysbios_knl_Task_startup__E)
                  0000b220    00000004     ti.uia.loggers.ae430X : LoggerStopMode.oe430X (.text:ti_uia_loggers_LoggerStopMode_getContents__E)
                  0000b224    00000004     app_pe430X.oe430X (.text:ti_uia_loggers_LoggerStopMode_getFilterLevel__E)
                  0000b228    00000004     ti.uia.loggers.ae430X : LoggerStopMode.oe430X (.text:ti_uia_loggers_LoggerStopMode_getPriority__E)
                  0000b22c    00000004                           : LoggerStopMode.oe430X (.text:ti_uia_loggers_LoggerStopMode_getTransferType__E)
                  0000b230    00000004     ti.targets.msp430.rts430.ae430X : HeapStd.oe430X (.text:xdc_runtime_HeapStd_isBlocking__E)
                  0000b234    00000004     app_pe430X.oe430X (.text:xdc_runtime_System_Module_GateProxy_enter__E)
                  0000b238    00000004     app_pe430X.oe430X (.text:xdc_runtime_System_Module_GateProxy_leave__E)
                  0000b23c    00000004     ti.targets.msp430.rts430.ae430X : System.oe430X (.text:xdc_runtime_System_Module_startup__E)
                  0000b240    00000004                                     : System.oe430X (.text:xdc_runtime_System_aprintf_va__F)
                  0000b244    00000004                                     : System.oe430X (.text:xdc_runtime_System_printf_va__F)
                  0000b248    00000002     rts430x_lc_rd_eabi.lib : _lock.obj (.text:_nop)
                  0000b24a    00000002     app_pe430X.oe430X (.text:free)
                  0000b24c    00000002     app_pe430X.oe430X (.text:ti_sysbios_BIOS_nullFunc__I)
                  0000b24e    00000002     sysbios.ae430X : BIOS.obj (.text:ti_sysbios_gates_GateHwi_Instance_init__E)
                  0000b250    00000002     app_pe430X.oe430X (.text:ti_uia_loggers_LoggerStopMode_setFilterLevel__E)
                  0000b252    00000002     ti.uia.loggers.ae430X : LoggerStopMode.oe430X (.text:ti_uia_loggers_LoggerStopMode_setPriority__E)

RTC        0    0000ffd2    00000002     
                  0000ffd2    00000002     sysbios.ae430X : BIOS.obj (.int41)

PORT2      0    0000ffd4    00000002     
                  0000ffd4    00000002     sysbios.ae430X : BIOS.obj (.int42)

TIMER2_A1 
*          0    0000ffd6    00000002     
                  0000ffd6    00000002     sysbios.ae430X : BIOS.obj (.int43)

TIMER2_A0 
*          0    0000ffd8    00000002     
                  0000ffd8    00000002     sysbios.ae430X : BIOS.obj (.int44)

USCI_B1    0    0000ffda    00000002     
                  0000ffda    00000002     sysbios.ae430X : BIOS.obj (.int45)

USCI_A1    0    0000ffdc    00000002     
                  0000ffdc    00000002     sysbios.ae430X : BIOS.obj (.int46)

PORT1      0    0000ffde    00000002     
                  0000ffde    00000002     sysbios.ae430X : BIOS.obj (.int47)

TIMER1_A1 
*          0    0000ffe0    00000002     
                  0000ffe0    00000002     sysbios.ae430X : BIOS.obj (.int48)

TIMER1_A0 
*          0    0000ffe2    00000002     
                  0000ffe2    00000002     sysbios.ae430X : BIOS.obj (.int49)

DMA        0    0000ffe4    00000002     
                  0000ffe4    00000002     sysbios.ae430X : BIOS.obj (.int50)

USB_UBM    0    0000ffe6    00000002     
                  0000ffe6    00000002     sysbios.ae430X : BIOS.obj (.int51)

TIMER0_A1 
*          0    0000ffe8    00000002     
                  0000ffe8    00000002     sysbios.ae430X : BIOS.obj (.int52)

TIMER0_A0 
*          0    0000ffea    00000002     
                  0000ffea    00000002     sysbios.ae430X : BIOS.obj (.int53)

ADC12      0    0000ffec    00000002     
                  0000ffec    00000002     sysbios.ae430X : BIOS.obj (.int54)

USCI_B0    0    0000ffee    00000002     
                  0000ffee    00000002     sysbios.ae430X : BIOS.obj (.int55)

USCI_A0    0    0000fff0    00000002     
                  0000fff0    00000002     sysbios.ae430X : BIOS.obj (.int56)

WDT        0    0000fff2    00000002     
                  0000fff2    00000002     sysbios.ae430X : BIOS.obj (.int57)

TIMER0_B1 
*          0    0000fff4    00000002     
                  0000fff4    00000002     sysbios.ae430X : BIOS.obj (.int58)

TIMER0_B0 
*          0    0000fff6    00000002     
                  0000fff6    00000002     sysbios.ae430X : BIOS.obj (.int59)

COMP_B     0    0000fff8    00000002     
                  0000fff8    00000002     sysbios.ae430X : BIOS.obj (.int60)

UNMI       0    0000fffa    00000002     
                  0000fffa    00000002     sysbios.ae430X : BIOS.obj (.int61)

SYSNMI     0    0000fffc    00000002     
                  0000fffc    00000002     sysbios.ae430X : BIOS.obj (.int62)

.reset     0    0000fffe    00000002     
                  0000fffe    00000002     boot.ae430X : boot.oe430X (.reset)


LINKER GENERATED COPY TABLES

__TI_cinit_table @ 0000dad0 records: 3, size/record: 8, table size: 24
	.data: load addr=0000d672, load size=00000445 bytes, run addr=000031a4, run size=0000068c bytes, compression=rle
	.bss: load addr=0000dac4, load size=00000006 bytes, run addr=00002400, run size=00000da4 bytes, compression=zero_init
	.cio: load addr=0000daca, load size=00000006 bytes, run addr=00003830, run size=00000120 bytes, compression=zero_init


LINKER GENERATED HANDLER TABLE

__TI_handler_table @ 0000dab8 records: 3, size/record: 4, table size: 12
	index: 0, handler: __TI_zero_init
	index: 1, handler: __TI_decompress_rle24
	index: 2, handler: __TI_decompress_none


GLOBAL SYMBOLS: SORTED ALPHABETICALLY BY Name 

address   name                                                               
-------   ----                                                               
00000700  ADC12CTL0                                                          
00000701  ADC12CTL0_H                                                        
00000700  ADC12CTL0_L                                                        
00000702  ADC12CTL1                                                          
00000703  ADC12CTL1_H                                                        
00000702  ADC12CTL1_L                                                        
00000704  ADC12CTL2                                                          
00000705  ADC12CTL2_H                                                        
00000704  ADC12CTL2_L                                                        
0000070c  ADC12IE                                                            
0000070d  ADC12IE_H                                                          
0000070c  ADC12IE_L                                                          
0000070a  ADC12IFG                                                           
0000070b  ADC12IFG_H                                                         
0000070a  ADC12IFG_L                                                         
0000070e  ADC12IV                                                            
0000070f  ADC12IV_H                                                          
0000070e  ADC12IV_L                                                          
00000710  ADC12MCTL0                                                         
00000711  ADC12MCTL1                                                         
0000071a  ADC12MCTL10                                                        
0000071b  ADC12MCTL11                                                        
0000071c  ADC12MCTL12                                                        
0000071d  ADC12MCTL13                                                        
0000071e  ADC12MCTL14                                                        
0000071f  ADC12MCTL15                                                        
00000712  ADC12MCTL2                                                         
00000713  ADC12MCTL3                                                         
00000714  ADC12MCTL4                                                         
00000715  ADC12MCTL5                                                         
00000716  ADC12MCTL6                                                         
00000717  ADC12MCTL7                                                         
00000718  ADC12MCTL8                                                         
00000719  ADC12MCTL9                                                         
00000720  ADC12MEM0                                                          
00000721  ADC12MEM0_H                                                        
00000720  ADC12MEM0_L                                                        
00000722  ADC12MEM1                                                          
00000734  ADC12MEM10                                                         
00000735  ADC12MEM10_H                                                       
00000734  ADC12MEM10_L                                                       
00000736  ADC12MEM11                                                         
00000737  ADC12MEM11_H                                                       
00000736  ADC12MEM11_L                                                       
00000738  ADC12MEM12                                                         
00000739  ADC12MEM12_H                                                       
00000738  ADC12MEM12_L                                                       
0000073a  ADC12MEM13                                                         
0000073b  ADC12MEM13_H                                                       
0000073a  ADC12MEM13_L                                                       
0000073c  ADC12MEM14                                                         
0000073d  ADC12MEM14_H                                                       
0000073c  ADC12MEM14_L                                                       
0000073e  ADC12MEM15                                                         
0000073f  ADC12MEM15_H                                                       
0000073e  ADC12MEM15_L                                                       
00000723  ADC12MEM1_H                                                        
00000722  ADC12MEM1_L                                                        
00000724  ADC12MEM2                                                          
00000725  ADC12MEM2_H                                                        
00000724  ADC12MEM2_L                                                        
00000726  ADC12MEM3                                                          
00000727  ADC12MEM3_H                                                        
00000726  ADC12MEM3_L                                                        
00000728  ADC12MEM4                                                          
00000729  ADC12MEM4_H                                                        
00000728  ADC12MEM4_L                                                        
0000072a  ADC12MEM5                                                          
[...]
0000b22c  ti_uia_loggers_LoggerStopMode_getTransferType__E                   
0000b230  xdc_runtime_HeapStd_isBlocking__E                                  
0000b234  xdc_runtime_System_Module_GateProxy_enter__E                       
0000b238  xdc_runtime_System_Module_GateProxy_leave__E                       
0000b23c  xdc_runtime_System_Module_startup__E                               
0000b240  xdc_runtime_System_aprintf_va__E                                   
0000b240  xdc_runtime_System_aprintf_va__F                                   
0000b244  xdc_runtime_System_printf_va__E                                    
0000b244  xdc_runtime_System_printf_va__F                                    
0000b248  _nop                                                               
0000b24a  free                                                               
0000b24c  ti_sysbios_BIOS_nullFunc__I                                        
0000b24e  ti_sysbios_gates_GateHwi_Instance_init__E                          
0000b250  ti_uia_loggers_LoggerStopMode_setFilterLevel__E                    
0000b252  ti_uia_loggers_LoggerStopMode_setPriority__E                       
0000b254  xdc_runtime_Text_charTab__A                                        
0000cf30  xdc_runtime_Text_nodeTab__A                                        
0000d01c  ti_uia_loggers_LoggerStopMode_Module__FXNS__C                      
0000d1a0  xdc_runtime_Startup_sfxnTab__A                                     
0000d1f6  xdc_runtime_HeapStd_Module__FXNS__C                                
0000d21c  ti_sysbios_gates_GateHwi_Module__FXNS__C                           
0000d23e  ti_sysbios_gates_GateMutex_Module__FXNS__C                         
0000d260  IntrinsicsSupport_maxbitTable                                      
0000d280  ti_uia_loggers_LoggerStopMode_Object__PARAMS__C                    
0000d2a0  Timer_A1_INT                                                       
0000d2a4  ledToggleTask                                                      
0000d2a8  mailbox_queue_Sem                                                  
0000d2ac  LED_Mbx                                                            
0000d2b0  mailbox_queue_Task                                                 
0000d2b4  LED_Queue                                                          
0000d2b8  QueSem                                                             
0000d2bc  ti_sysbios_knl_Semaphore_Object__PARAMS__C                         
0000d2d8  ti_sysbios_gates_GateHwi_Object__DESC__C                           
0000d2f0  ti_sysbios_gates_GateMutex_Object__DESC__C                         
0000d308  ti_sysbios_knl_Queue_Object__DESC__C                               
0000d320  ti_sysbios_knl_Semaphore_Object__DESC__C                           
0000d338  ti_sysbios_knl_Task_hooks__A                                       
0000d350  ti_uia_loggers_LoggerStopMode_Object__DESC__C                      
0000d368  xdc_runtime_HeapStd_Object__DESC__C                                
0000d380  xdc_runtime_HeapStd_Object__PARAMS__C                              
0000d398  xdc_runtime_Startup_sfxnRts__A                                     
0000d3ae  ti_sysbios_gates_GateHwi_Object__PARAMS__C                         
0000d3c2  ti_sysbios_gates_GateMutex_Object__PARAMS__C                       
0000d3d6  ti_sysbios_knl_Queue_Object__PARAMS__C                             
0000d404  ti_sysbios_knl_Idle_funcList__A                                    
0000d40c  xdc_runtime_Startup_firstFxns__A                                   
0000d41a  ti_sysbios_family_msp430_Hwi_hooks__C                              
0000d420  ti_sysbios_knl_Idle_funcList__C                                    
0000d426  ti_sysbios_knl_Task_hooks__C                                       
0000d42c  xdc_runtime_Startup_firstFxns__C                                   
0000d432  xdc_runtime_Startup_lastFxns__C                                    
0000d438  ti_sysbios_family_msp430_TimestampProvider_Module__diagsEnabled__C 
0000d43c  ti_sysbios_family_msp430_TimestampProvider_Module__diagsIncluded__C
0000d440  ti_sysbios_family_msp430_TimestampProvider_Module__diagsMask__C    
0000d444  ti_sysbios_gates_GateMutex_A_badContext__C                         
0000d448  ti_sysbios_gates_GateMutex_Module__diagsEnabled__C                 
0000d44c  ti_sysbios_gates_GateMutex_Module__diagsIncluded__C                
0000d450  ti_sysbios_gates_GateMutex_Module__diagsMask__C                    
0000d454  ti_sysbios_hal_Hwi_E_stackOverflow__C                              
0000d458  ti_sysbios_knl_Clock_LM_begin__C                                   
0000d45c  ti_sysbios_knl_Clock_LM_tick__C                                    
0000d460  ti_sysbios_knl_Clock_LW_delayed__C                                 
0000d464  ti_sysbios_knl_Clock_Module__diagsEnabled__C                       
0000d468  ti_sysbios_knl_Clock_Module__diagsIncluded__C                      
0000d46c  ti_sysbios_knl_Clock_Module__diagsMask__C                          
0000d470  ti_sysbios_knl_Clock_Module__loggerFxn1__C                         
0000d474  ti_sysbios_knl_Clock_Module__loggerFxn2__C                         
0000d478  ti_sysbios_knl_Clock_Module__loggerObj__C                          
0000d47c  ti_sysbios_knl_Semaphore_A_badContext__C                           
0000d480  ti_sysbios_knl_Semaphore_A_noEvents__C                             
0000d484  ti_sysbios_knl_Semaphore_A_overflow__C                             
0000d488  ti_sysbios_knl_Semaphore_A_pendTaskDisabled__C                     
0000d48c  ti_sysbios_knl_Semaphore_LM_pend__C                                
0000d490  ti_sysbios_knl_Semaphore_LM_post__C                                
0000d494  ti_sysbios_knl_Semaphore_Module__diagsEnabled__C                   
0000d498  ti_sysbios_knl_Semaphore_Module__diagsIncluded__C                  
0000d49c  ti_sysbios_knl_Semaphore_Module__diagsMask__C                      
0000d4a0  ti_sysbios_knl_Semaphore_Module__loggerFxn2__C                     
0000d4a4  ti_sysbios_knl_Semaphore_Module__loggerFxn4__C                     
0000d4a8  ti_sysbios_knl_Semaphore_Module__loggerObj__C                      
0000d4ac  ti_sysbios_knl_Swi_LD_end__C                                       
0000d4b0  ti_sysbios_knl_Swi_LM_begin__C                                     
0000d4b4  ti_sysbios_knl_Swi_LM_post__C                                      
0000d4b8  ti_sysbios_knl_Swi_Module__diagsEnabled__C                         
0000d4bc  ti_sysbios_knl_Swi_Module__diagsIncluded__C                        
0000d4c0  ti_sysbios_knl_Swi_Module__diagsMask__C                            
0000d4c4  ti_sysbios_knl_Swi_Module__loggerFxn1__C                           
0000d4c8  ti_sysbios_knl_Swi_Module__loggerFxn4__C                           
0000d4cc  ti_sysbios_knl_Swi_Module__loggerObj__C                            
0000d4d0  ti_sysbios_knl_Task_E_spOutOfBounds__C                             
0000d4d4  ti_sysbios_knl_Task_E_stackOverflow__C                             
0000d4d8  ti_sysbios_knl_Task_LD_block__C                                    
0000d4dc  ti_sysbios_knl_Task_LD_exit__C                                     
0000d4e0  ti_sysbios_knl_Task_LD_ready__C                                    
0000d4e4  ti_sysbios_knl_Task_LM_switch__C                                   
0000d4e8  ti_sysbios_knl_Task_Module__diagsEnabled__C                        
0000d4ec  ti_sysbios_knl_Task_Module__diagsIncluded__C                       
0000d4f0  ti_sysbios_knl_Task_Module__diagsMask__C                           
0000d4f4  ti_sysbios_knl_Task_Module__loggerFxn2__C                          
0000d4f8  ti_sysbios_knl_Task_Module__loggerFxn4__C                          
0000d4fc  ti_sysbios_knl_Task_Module__loggerObj__C                           
0000d500  ti_sysbios_knl_Task_Object__heap__C                                
0000d504  ti_sysbios_knl_Task_allBlockedFunc__C                              
0000d508  ti_sysbios_utils_Load_LS_cpuLoad__C                                
0000d50c  ti_sysbios_utils_Load_LS_hwiLoad__C                                
0000d510  ti_sysbios_utils_Load_LS_taskLoad__C                               
0000d514  ti_sysbios_utils_Load_Module__diagsEnabled__C                      
0000d518  ti_sysbios_utils_Load_Module__diagsIncluded__C                     
0000d51c  ti_sysbios_utils_Load_Module__diagsMask__C                         
0000d520  ti_sysbios_utils_Load_Module__loggerFxn1__C                        
0000d524  ti_sysbios_utils_Load_Module__loggerFxn2__C                        
0000d528  ti_sysbios_utils_Load_Module__loggerFxn4__C                        
0000d52c  ti_sysbios_utils_Load_Module__loggerObj__C                         
0000d530  ti_sysbios_utils_Load_postUpdate__C                                
0000d534  ti_uia_loggers_LoggerStopMode_Module__diagsEnabled__C              
0000d538  ti_uia_loggers_LoggerStopMode_Module__diagsIncluded__C             
0000d53c  ti_uia_loggers_LoggerStopMode_Module__diagsMask__C                 
0000d540  ti_uia_runtime_ILoggerSnapshot_Interface__BASE__C                  
0000d544  ti_uia_runtime_IUIATransfer_Interface__BASE__C                     
0000d548  xdc_runtime_Assert_E_assertFailed__C                               
0000d54c  xdc_runtime_Core_A_initializedParams__C                            
0000d550  xdc_runtime_Core_Module__diagsEnabled__C                           
0000d554  xdc_runtime_Core_Module__diagsIncluded__C                          
0000d558  xdc_runtime_Core_Module__diagsMask__C                              
0000d55c  xdc_runtime_Error_E_memory__C                                      
0000d560  xdc_runtime_Error_Module__diagsEnabled__C                          
0000d564  xdc_runtime_Error_Module__diagsIncluded__C                         
0000d568  xdc_runtime_Error_Module__diagsMask__C                             
0000d56c  xdc_runtime_Error_Module__loggerFxn8__C                            
0000d570  xdc_runtime_Error_Module__loggerObj__C                             
0000d574  xdc_runtime_Error_policyFxn__C                                     
0000d578  xdc_runtime_Error_raiseHook__C                                     
0000d57c  xdc_runtime_HeapStd_A_align__C                                     
0000d580  xdc_runtime_HeapStd_A_invalidTotalFreeSize__C                      
0000d584  xdc_runtime_HeapStd_A_zeroSize__C                                  
0000d588  xdc_runtime_HeapStd_E_noRTSMemory__C                               
0000d58c  xdc_runtime_HeapStd_Module__diagsEnabled__C                        
0000d590  xdc_runtime_HeapStd_Module__diagsIncluded__C                       
0000d594  xdc_runtime_HeapStd_Module__diagsMask__C                           
0000d598  xdc_runtime_IFilterLogger_Interface__BASE__C                       
0000d59c  xdc_runtime_IGateProvider_Interface__BASE__C                       
0000d5a0  xdc_runtime_IHeap_Interface__BASE__C                               
0000d5a4  xdc_runtime_ILogger_Interface__BASE__C                             
0000d5a8  xdc_runtime_IModule_Interface__BASE__C                             
0000d5ac  xdc_runtime_Log_L_error__C                                         
0000d5b0  xdc_runtime_Log_L_info__C                                          
0000d5b4  xdc_runtime_Main_Module__diagsEnabled__C                           
0000d5b8  xdc_runtime_Main_Module__diagsIncluded__C                          
0000d5bc  xdc_runtime_Main_Module__diagsMask__C                              
0000d5c0  xdc_runtime_Main_Module__loggerFxn4__C                             
0000d5c4  xdc_runtime_Main_Module__loggerObj__C                              
0000d5c8  xdc_runtime_Memory_defaultHeapInstance__C                          
0000d5cc  xdc_runtime_Startup_execImpl__C                                    
0000d5d0  xdc_runtime_Startup_lastFxns__A                                    
0000d5d4  xdc_runtime_Startup_sfxnRts__C                                     
0000d5d8  xdc_runtime_Startup_sfxnTab__C                                     
0000d5dc  xdc_runtime_SysMin_outputFunc__C                                   
0000d5e0  xdc_runtime_System_Module__gateObj__C                              
0000d5e4  xdc_runtime_System_abortFxn__C                                     
0000d5e8  xdc_runtime_System_exitFxn__C                                      
0000d5ec  xdc_runtime_System_extendFxn__C                                    
0000d5f0  xdc_runtime_Text_charTab__C                                        
0000d5f4  xdc_runtime_Text_nameEmpty__C                                      
0000d5f8  xdc_runtime_Text_nameStatic__C                                     
0000d5fc  xdc_runtime_Text_nameUnknown__C                                    
0000d600  xdc_runtime_Text_nodeTab__C                                        
0000d604  xdc_runtime_Text_visitRopeFxn__C                                   
0000d608  ti_sysbios_family_msp430_Hwi_Object__count__C                      
0000d60a  ti_sysbios_family_msp430_Timer_numTimerDevices__C                  
0000d60c  ti_sysbios_family_msp430_Timer_startupNeeded__C                    
0000d60e  ti_sysbios_family_msp430_TimestampProvider_Module__id__C           
0000d610  ti_sysbios_family_msp430_TimestampProvider_useClockTimer__C        
0000d612  ti_sysbios_gates_GateMutex_Instance_State_sem__O                   
0000d614  ti_sysbios_gates_GateMutex_Module__id__C                           
0000d616  ti_sysbios_hal_Hwi_Module__id__C                                   
0000d618  ti_sysbios_heaps_HeapMem_Object__count__C                          
0000d61a  ti_sysbios_knl_Clock_Module_State_clockQ__O                        
0000d61c  ti_sysbios_knl_Clock_Module__id__C                                 
0000d61e  ti_sysbios_knl_Clock_Module__loggerDefined__C                      
0000d620  ti_sysbios_knl_Mailbox_Instance_State_freeQue__O                   
0000d622  ti_sysbios_knl_Mailbox_Object__count__C                            
0000d624  ti_sysbios_knl_Mailbox_maxTypeAlign__C                             
0000d626  ti_sysbios_knl_Semaphore_Instance_State_pendQ__O                   
0000d628  ti_sysbios_knl_Semaphore_Module__id__C                             
0000d62a  ti_sysbios_knl_Semaphore_Module__loggerDefined__C                  
0000d62c  ti_sysbios_knl_Swi_Module__id__C                                   
0000d62e  ti_sysbios_knl_Swi_Module__loggerDefined__C                        
0000d630  ti_sysbios_knl_Swi_Object__count__C                                
0000d632  ti_sysbios_knl_Task_Module_State_inactiveQ__O                      
0000d634  ti_sysbios_knl_Task_Module__id__C                                  
0000d636  ti_sysbios_knl_Task_Module__loggerDefined__C                       
0000d638  ti_sysbios_knl_Task_Object__count__C                               
0000d63a  ti_sysbios_knl_Task_initStackFlag__C                               
0000d63c  ti_sysbios_knl_Task_numConstructedTasks__C                         
0000d63e  ti_sysbios_utils_Load_Module_State_taskList__O                     
0000d640  ti_sysbios_utils_Load_Module__id__C                                
0000d642  ti_sysbios_utils_Load_Module__loggerDefined__C                     
0000d644  ti_sysbios_utils_Load_autoAddTasks__C                              
0000d646  ti_sysbios_utils_Load_hwiEnabled__C                                
0000d648  ti_sysbios_utils_Load_updateInIdle__C                              
0000d64a  ti_sysbios_utils_Load_windowInMs__C                                
0000d64c  ti_uia_loggers_LoggerStopMode_Module__id__C                        
0000d64e  ti_uia_loggers_LoggerStopMode_Object__count__C                     
0000d650  ti_uia_loggers_LoggerStopMode_isTimestampEnabled__C                
0000d652  xdc_runtime_Core_Module__id__C                                     
0000d654  xdc_runtime_Error_Module__loggerDefined__C                         
0000d656  xdc_runtime_Error_maxDepth__C                                      
0000d658  xdc_runtime_Error_policy__C                                        
0000d65a  xdc_runtime_HeapStd_Module__id__C                                  
0000d65c  xdc_runtime_Main_Module__id__C                                     
0000d65e  xdc_runtime_Main_Module__loggerDefined__C                          
0000d660  xdc_runtime_Memory_Module__id__C                                   
0000d662  xdc_runtime_Startup_maxPasses__C                                   
0000d664  xdc_runtime_SysMin_bufSize__C                                      
0000d666  xdc_runtime_SysMin_flushAtExit__C                                  
0000d668  xdc_runtime_System_maxAtexitHandlers__C                            
0000d66a  xdc_runtime_Text_charCnt__C                                        
0000d66c  xdc_runtime_Text_isLoaded__C                                       
0000d66e  xdc_runtime_Text_registryModsLastId__C                             
0000d670  xdc_runtime_Text_unnamedModsLastId__C                              
0000dab8  __TI_Handler_Table_Base                                            
0000dac4  __TI_Handler_Table_Limit                                           
0000dad0  __TI_CINIT_Base                                                    
0000dae8  __TI_CINIT_Limit                                                   
0000ffd2  __TI_int41                                                         
0000ffd4  __TI_int42                                                         
0000ffd6  __TI_int43                                                         
0000ffd8  __TI_int44                                                         
0000ffda  __TI_int45                                                         
0000ffdc  __TI_int46                                                         
0000ffde  __TI_int47                                                         
0000ffe0  __TI_int48                                                         
0000ffe2  __TI_int49                                                         
0000ffe4  __TI_int50                                                         
0000ffe6  __TI_int51                                                         
0000ffe8  __TI_int52                                                         
0000ffea  __TI_int53                                                         
0000ffec  __TI_int54                                                         
0000ffee  __TI_int55                                                         
0000fff0  __TI_int56                                                         
0000fff2  __TI_int57                                                         
0000fff4  __TI_int58                                                         
0000fff6  __TI_int59                                                         
0000fff8  __TI_int60                                                         
0000fffa  __TI_int61                                                         
0000fffc  __TI_int62                                                         
0000fffe  _reset_vector                                                      
ffffffff  __binit__                                                          
ffffffff  __c_args__                                                         
ffffffff  binit                                                              
UNDEFED   __TI_INITARRAY_Base                                                
UNDEFED   __TI_INITARRAY_Limit                                               

[1456 symbols]
